[{"stream_name":"stderr","time":6.494662915,"data":"/usr/local/lib/python3.12/dist-packages/nbformat/__init__.py:96: MissingIDFieldWarning: Cell is missing an id field, this will become a hard error in future nbformat versions. You may want to use `normalize()` on your notebooks before validations (available since nbformat 5.1.4). Previous versions of nbformat are fixing this issue transparently, and will stop doing so in the future.\n"}
,{"stream_name":"stderr","time":6.494709125,"data":"  validate(nb)\n"}
,{"stream_name":"stderr","time":7.382446406,"data":"0.00s - Debugger warning: It seems that frozen modules are being used, which may\n"}
,{"stream_name":"stderr","time":7.382501245,"data":"0.00s - make the debugger miss breakpoints. Please pass -Xfrozen_modules=off\n"}
,{"stream_name":"stderr","time":7.382508149,"data":"0.00s - to python to disable frozen modules.\n"}
,{"stream_name":"stderr","time":7.3825191740000005,"data":"0.00s - Note: Debugging will proceed. Set PYDEVD_DISABLE_FILE_VALIDATION=1 to disable this validation.\n"}
,{"stream_name":"stderr","time":7.991374532,"data":"0.00s - Debugger warning: It seems that frozen modules are being used, which may\n"}
,{"stream_name":"stderr","time":7.9914063760000005,"data":"0.00s - make the debugger miss breakpoints. Please pass -Xfrozen_modules=off\n"}
,{"stream_name":"stderr","time":7.991411672,"data":"0.00s - to python to disable frozen modules.\n"}
,{"stream_name":"stderr","time":7.991415485,"data":"0.00s - Note: Debugging will proceed. Set PYDEVD_DISABLE_FILE_VALIDATION=1 to disable this validation.\n"}
,{"stream_name":"stdout","time":26.299170811,"data":"CUDA: Tesla T4\n"}
,{"stream_name":"stdout","time":26.299219744,"data":"sample: 6bba_337b1b3a frames: [19, 20, 21, 22, 23, 24, 25, 26]\n"}
,{"stream_name":"stderr","time":33.547220884,"data":"/usr/local/lib/python3.12/dist-packages/dask/array/image.py:7: FutureWarning: `find_available_plugins` is deprecated since version 0.25 and will be removed in version 0.27. The plugin infrastructure of `skimage.io` is deprecated. Instead, use `imageio` or other I/O packages directly.\n"}
,{"stream_name":"stderr","time":33.547264592,"data":"  from skimage.io import imread as sk_imread\n"}
,{"stream_name":"stderr","time":33.547272878,"data":"/usr/lib/python3.12/importlib/__init__.py:90: FutureWarning: `reset_plugins` is deprecated since version 0.25 and will be removed in version 0.27. The plugin infrastructure of `skimage.io` is deprecated. Instead, use `imageio` or other I/O packages directly.\n"}
,{"stream_name":"stderr","time":33.547279925,"data":"  return _bootstrap._gcd_import(name[level:], package, level)\n"}
,{"stream_name":"stderr","time":33.547285512,"data":"\n"}
,{"stream_name":"stderr","time":33.547297117,"data":"/usr/local/lib/python3.12/dist-packages/dask/array/image.py:7: FutureWarning: `find_available_plugins` is deprecated since version 0.25 and will be removed in version 0.27. The plugin infrastructure of `skimage.io` is deprecated. Instead, use `imageio` or other I/O packages directly.\n"}
,{"stream_name":"stderr","time":33.547305403,"data":"  from skimage.io import imread as sk_imread\n"}
,{"stream_name":"stderr","time":33.54731169,"data":"/usr/lib/python3.12/importlib/__init__.py:90: FutureWarning: `reset_plugins` is deprecated since version 0.25 and will be removed in version 0.27. The plugin infrastructure of `skimage.io` is deprecated. Instead, use `imageio` or other I/O packages directly.\n"}
,{"stream_name":"stderr","time":33.5473192,"data":"  return _bootstrap._gcd_import(name[level:], package, level)\n"}
,{"stream_name":"stdout","time":52.074990252,"data":"Pilkwang centers: 2705 seconds: 18.09\n"}
,{"stream_name":"stdout","time":57.69708798,"data":"Loading weights from: /kaggle/input/datasets/qiweiyin/focus3d-nuclei-runtime/models/model_final_nuclei.pth\n"}
,{"stream_name":"stdout","time":167.533144992,"data":"FOCUS3D instances: 2973 seconds: 81.72\n"}
,{"stream_name":"stdout","time":197.808797355,"data":"{\n"}
,{"stream_name":"stdout","time":197.808833416,"data":"  \"experiment\": \"EXP021\",\n"}
,{"stream_name":"stdout","time":197.808838645,"data":"  \"stage\": \"candidate_layer_only\",\n"}
,{"stream_name":"stdout","time":197.808842503,"data":"  \"sample_id\": \"6bba_337b1b3a\",\n"}
,{"stream_name":"stdout","time":197.808846306,"data":"  \"eval_frames\": [\n"}
,{"stream_name":"stdout","time":197.808849814,"data":"    19,\n"}
,{"stream_name":"stdout","time":197.808853106,"data":"    20,\n"}
,{"stream_name":"stdout","time":197.808856409,"data":"    21,\n"}
,{"stream_name":"stdout","time":197.808859638,"data":"    22,\n"}
,{"stream_name":"stdout","time":197.808862865,"data":"    23,\n"}
,{"stream_name":"stdout","time":197.808866082,"data":"    24,\n"}
,{"stream_name":"stdout","time":197.808869364,"data":"    25,\n"}
,{"stream_name":"stdout","time":197.808872634,"data":"    26\n"}
,{"stream_name":"stdout","time":197.808875894,"data":"  ],\n"}
,{"stream_name":"stdout","time":197.808879168,"data":"  \"runtime_seconds\": {\n"}
,{"stream_name":"stdout","time":197.808882589,"data":"    \"pilkwang\": 18.088829310000023,\n"}
,{"stream_name":"stdout","time":197.808886037,"data":"    \"focus3d\": 81.71849461300002\n"}
,{"stream_name":"stdout","time":197.808889439,"data":"  },\n"}
,{"stream_name":"stdout","time":197.80889267,"data":"  \"node_counts\": {\n"}
,{"stream_name":"stdout","time":197.808896101,"data":"    \"gt_nodes\": 15,\n"}
,{"stream_name":"stdout","time":197.808899498,"data":"    \"proposal_nodes\": 3071,\n"}
,{"stream_name":"stdout","time":197.80890284,"data":"    \"consensus\": 2607,\n"}
,{"stream_name":"stdout","time":197.808906173,"data":"    \"pilkwang_only\": 98,\n"}
,{"stream_name":"stdout","time":197.808909489,"data":"    \"focus_only\": 366,\n"}
,{"stream_name":"stdout","time":197.808912788,"data":"    \"matched_gt_nodes\": 15\n"}
,{"stream_name":"stdout","time":197.808916151,"data":"  },\n"}
,{"stream_name":"stdout","time":197.808919342,"data":"  \"division_rows\": [],\n"}
,{"stream_name":"stdout","time":197.808922677,"data":"  \"formal_cv\": null,\n"}
,{"stream_name":"stdout","time":197.808931978,"data":"  \"submission_generated\": false\n"}
,{"stream_name":"stdout","time":197.808935536,"data":"}\n"}
,{"stream_name":"stderr","time":203.756823108,"data":"/usr/local/lib/python3.12/dist-packages/mistune.py:435: SyntaxWarning: invalid escape sequence '\\|'\n"}
,{"stream_name":"stderr","time":203.756869382,"data":"  cells[i][c] = re.sub('\\\\\\\\\\|', '|', cell)\n"}
,{"stream_name":"stderr","time":203.911701324,"data":"/usr/local/lib/python3.12/dist-packages/nbconvert/filters/filter_links.py:36: SyntaxWarning: invalid escape sequence '\\_'\n"}
,{"stream_name":"stderr","time":203.911749618,"data":"  text = re.sub(r'_', '\\_', text) # Escape underscores in display text\n"}
,{"stream_name":"stderr","time":204.577890253,"data":"[NbConvertApp] Converting notebook __notebook__.ipynb to notebook\n"}
,{"stream_name":"stderr","time":204.907852285,"data":"[NbConvertApp] Writing 153070 bytes to __notebook__.ipynb\n"}
,{"stream_name":"stderr","time":207.358909679,"data":"[NbConvertApp] Converting notebook __notebook__.ipynb to html\n"}
,{"stream_name":"stderr","time":208.226720639,"data":"[NbConvertApp] Writing 454704 bytes to __results__.html\n"}
]