[{"stream_name":"stderr","time":8.578428758,"data":"0.00s - Debugger warning: It seems that frozen modules are being used, which may\n"}
,{"stream_name":"stderr","time":8.578498034999999,"data":"0.00s - make the debugger miss breakpoints. Please pass -Xfrozen_modules=off\n"}
,{"stream_name":"stderr","time":8.578504547,"data":"0.00s - to python to disable frozen modules.\n"}
,{"stream_name":"stderr","time":8.578509339,"data":"0.00s - Note: Debugging will proceed. Set PYDEVD_DISABLE_FILE_VALIDATION=1 to disable this validation.\n"}
,{"stream_name":"stderr","time":9.249495752,"data":"0.00s - Debugger warning: It seems that frozen modules are being used, which may\n"}
,{"stream_name":"stderr","time":9.249528826,"data":"0.00s - make the debugger miss breakpoints. Please pass -Xfrozen_modules=off\n"}
,{"stream_name":"stderr","time":9.249539786,"data":"0.00s - to python to disable frozen modules.\n"}
,{"stream_name":"stderr","time":9.249543663,"data":"0.00s - Note: Debugging will proceed. Set PYDEVD_DISABLE_FILE_VALIDATION=1 to disable this validation.\n"}
,{"stream_name":"stdout","time":10.430923784,"data":"BIOHUB_PRESET: harmonic_v3_division_wide\n"}
,{"stream_name":"stdout","time":10.430978605,"data":"BIOHUB_SCORE_AXIS: public 0.939 base + holdout-selected post-process configuration\n"}
,{"stream_name":"stdout","time":10.454086959,"data":"Configuration guard: PASS\n"}
,{"stream_name":"stdout","time":10.454115241,"data":"Baseline: fixed-90 dual-seed clean pipeline (public LB 0.913)\n"}
,{"stream_name":"stdout","time":10.454120362,"data":"Single model-level change: harmonic mutual-support association fusion\n"}
,{"stream_name":"stdout","time":10.454123475,"data":"Reverse-time association weight: 0.200\n"}
,{"stream_name":"stdout","time":11.499490679,"data":"Biohub learned UNet + node-transformer + ILP submission\n"}
,{"stream_name":"stdout","time":11.499539173,"data":"COMP_DIR: /kaggle/input/competitions/biohub-cell-tracking-during-development exists: True\n"}
,{"stream_name":"stdout","time":11.499544905,"data":"TEST_DIR: /kaggle/input/competitions/biohub-cell-tracking-during-development/test exists: True\n"}
,{"stream_name":"stdout","time":11.499549254,"data":"{\n"}
,{"stream_name":"stdout","time":11.499553495,"data":"  \"adaptive_short_track_rescue\": true,\n"}
,{"stream_name":"stdout","time":11.49955918,"data":"  \"allow_artifact_fallback\": false,\n"}
,{"stream_name":"stdout","time":11.499563623,"data":"  \"allow_pip_install\": false,\n"}
,{"stream_name":"stdout","time":11.49956839,"data":"  \"deepcenter_checkpoint_default\": \"/kaggle/input/biohub-deepcenter-unet3d-center-prior-v1/weights/full_frame_center/best.pt\",\n"}
,{"stream_name":"stdout","time":11.499573852,"data":"  \"deepcenter_expected_epoch\": 2,\n"}
,{"stream_name":"stdout","time":11.49957785,"data":"  \"deepcenter_gap_add_gate\": true,\n"}
,{"stream_name":"stdout","time":11.499581805,"data":"  \"deepcenter_gap_confirm_min_span_um\": 8.5,\n"}
,{"stream_name":"stdout","time":11.499585755,"data":"  \"deepcenter_gap_threshold\": 0.25,\n"}
,{"stream_name":"stdout","time":11.499589958,"data":"  \"deepcenter_safe_div_add_gate\": true,\n"}
,{"stream_name":"stdout","time":11.499594405,"data":"  \"deepcenter_safe_div_threshold\": 0.25,\n"}
,{"stream_name":"stdout","time":11.499598535,"data":"  \"det_threshold\": 0.965,\n"}
,{"stream_name":"stdout","time":11.499602585,"data":"  \"div_drop_to_single_if_bad\": true,\n"}
,{"stream_name":"stdout","time":11.499606604,"data":"  \"div_parent_max_um\": 10.5,\n"}
,{"stream_name":"stdout","time":11.499610658,"data":"  \"div_sister_max_um\": 8.0,\n"}
,{"stream_name":"stdout","time":11.499614827,"data":"  \"experiment_tag\": \"selected_101_dual_seed_near_balanced_center_confirmed_synthetic_gap\",\n"}
,{"stream_name":"stdout","time":11.499632908,"data":"  \"gap2_frame_frac_cap\": 0.006,\n"}
,{"stream_name":"stdout","time":11.499638071,"data":"  \"gap2_max_links_abs\": 180,\n"}
,{"stream_name":"stdout","time":11.499642805,"data":"  \"gap2_max_links_frac\": 0.0045,\n"}
,{"stream_name":"stdout","time":11.499647332,"data":"  \"gap2_max_step_um\": 4.4,\n"}
,{"stream_name":"stdout","time":11.499651073,"data":"  \"gap2_max_total_um\": 10.2,\n"}
,{"stream_name":"stdout","time":11.499654904,"data":"  \"gap2_require_context\": true,\n"}
,{"stream_name":"stdout","time":11.49965894,"data":"  \"gap_close_effective_max_gap\": 1,\n"}
,{"stream_name":"stdout","time":11.499662931,"data":"  \"gap_close_max_added_abs\": 2000,\n"}
,{"stream_name":"stdout","time":11.499668672,"data":"  \"gap_close_max_added_frac\": 0.05,\n"}
,{"stream_name":"stdout","time":11.499683498,"data":"  \"gap_close_max_gap\": 2,\n"}
,{"stream_name":"stdout","time":11.499686241,"data":"  \"gap_close_reuse_existing\": true,\n"}
,{"stream_name":"stdout","time":11.499688818,"data":"  \"gap_close_reuse_um\": 3.2,\n"}
,{"stream_name":"stdout","time":11.499691362,"data":"  \"gap_close_um\": 5.0,\n"}
,{"stream_name":"stdout","time":11.499694188,"data":"  \"gap_density_adaptive\": true,\n"}
,{"stream_name":"stdout","time":11.499716171,"data":"  \"gap_density_gain\": 0.04,\n"}
,{"stream_name":"stdout","time":11.499720778,"data":"  \"gap_density_max_step_delta_um\": 0.125,\n"}
,{"stream_name":"stdout","time":11.499725238,"data":"  \"gap_density_neighbors\": 3,\n"}
,{"stream_name":"stdout","time":11.499729559,"data":"  \"gap_density_reference_um\": 6.5,\n"}
,{"stream_name":"stdout","time":11.499733653,"data":"  \"gap_refine_max_shift_um\": 3.2,\n"}
,{"stream_name":"stdout","time":11.499737544,"data":"  \"gap_refine_synthetic\": true,\n"}
,{"stream_name":"stdout","time":11.499741864,"data":"  \"gap_refine_win_yx\": 3,\n"}
,{"stream_name":"stdout","time":11.499746723,"data":"  \"gap_refine_win_z\": 1,\n"}
,{"stream_name":"stdout","time":11.499750608,"data":"  \"ilp_appearance_weight\": 0.0,\n"}
,{"stream_name":"stdout","time":11.499754719,"data":"  \"ilp_disappearance_weight\": 2.0,\n"}
,{"stream_name":"stdout","time":11.499759522,"data":"  \"ilp_division_weight\": 1.2,\n"}
,{"stream_name":"stdout","time":11.499763752,"data":"  \"ilp_edge_weight\": -1.0,\n"}
,{"stream_name":"stdout","time":11.499768153,"data":"  \"method\": \"unet_transformer\",\n"}
,{"stream_name":"stdout","time":11.499773102,"data":"  \"motion_relink_learned_bonus\": 1.0,\n"}
,{"stream_name":"stdout","time":11.499777218,"data":"  \"motion_relink_max_frame_nodes\": 2600,\n"}
,{"stream_name":"stdout","time":11.499781393,"data":"  \"motion_relink_relaxed_um\": 10.0,\n"}
,{"stream_name":"stdout","time":11.499785702,"data":"  \"motion_relink_tight_um\": 6.0,\n"}
,{"stream_name":"stdout","time":11.499789745,"data":"  \"motion_relink_velocity_weight\": 0.5,\n"}
,{"stream_name":"stdout","time":11.499793921,"data":"  \"output_division_geometry_filter\": false,\n"}
,{"stream_name":"stdout","time":11.499798374,"data":"  \"output_edge_max_um\": 14.0,\n"}
,{"stream_name":"stdout","time":11.499804833,"data":"  \"output_enforce_next_frame\": true,\n"}
,{"stream_name":"stdout","time":11.499809625,"data":"  \"output_filter_short_tracks\": true,\n"}
,{"stream_name":"stdout","time":11.499814119,"data":"  \"output_gap2_recovery\": true,\n"}
,{"stream_name":"stdout","time":11.499819068,"data":"  \"output_gap_close\": true,\n"}
,{"stream_name":"stdout","time":11.499823948,"data":"  \"output_keep_division_components\": true,\n"}
,{"stream_name":"stdout","time":11.499834335,"data":"  \"output_linefit_smooth\": true,\n"}
,{"stream_name":"stdout","time":11.49983838,"data":"  \"output_linefit_weight\": 0.8,\n"}
,{"stream_name":"stdout","time":11.499842389,"data":"  \"output_linefit_window\": 2,\n"}
,{"stream_name":"stdout","time":11.499846404,"data":"  \"output_min_track_len\": 6,\n"}
,{"stream_name":"stdout","time":11.499850041,"data":"  \"output_motion_relink\": true,\n"}
,{"stream_name":"stdout","time":11.499853838,"data":"  \"output_prune_isolated\": true,\n"}
,{"stream_name":"stdout","time":11.499857671000001,"data":"  \"output_safe_divisions\": true,\n"}
,{"stream_name":"stdout","time":11.499861613,"data":"  \"output_single_child_repair\": false,\n"}
,{"stream_name":"stdout","time":11.499866426,"data":"  \"output_single_parent_repair\": true,\n"}
,{"stream_name":"stdout","time":11.49987047,"data":"  \"primary_artifact_manifest\": \"/kaggle/input/datasets/pilkwang/biohub-tracking-support-pack-50ep-v1/ARTIFACT_MANIFEST.json\",\n"}
,{"stream_name":"stdout","time":11.499874792,"data":"  \"safe_div_existing_child_max_um\": 10.0,\n"}
,{"stream_name":"stdout","time":11.499878542,"data":"  \"safe_div_frame_frac_cap\": 0.0076,\n"}
,{"stream_name":"stdout","time":11.499882556,"data":"  \"safe_div_global_frac_cap\": 0.00375,\n"}
,{"stream_name":"stdout","time":11.499886422,"data":"  \"safe_div_max_um\": 9.0,\n"}
,{"stream_name":"stdout","time":11.499890285,"data":"  \"safe_div_sister_max_um\": 14.0,\n"}
,{"stream_name":"stdout","time":11.499894899,"data":"  \"short_track_rescue_max_mean_edge_dist_um\": 3.0,\n"}
,{"stream_name":"stdout","time":11.499899796,"data":"  \"short_track_rescue_max_nodes_abs\": 120,\n"}
,{"stream_name":"stdout","time":11.499903639,"data":"  \"short_track_rescue_max_nodes_frac\": 0.012,\n"}
,{"stream_name":"stdout","time":11.499907893,"data":"  \"short_track_rescue_min_len\": 4,\n"}
,{"stream_name":"stdout","time":11.499911779,"data":"  \"short_track_rescue_min_mean_edge_prob\": 0.88,\n"}
,{"stream_name":"stdout","time":11.499916688,"data":"  \"short_track_rescue_trigger_removed_frac\": 0.1,\n"}
,{"stream_name":"stdout","time":11.499921041,"data":"  \"slice\": \"\",\n"}
,{"stream_name":"stdout","time":11.499925279,"data":"  \"target_artifact_slug\": \"biohub-tracking-support-pack-50ep-v1\",\n"}
,{"stream_name":"stdout","time":11.499929813,"data":"  \"unet_batch_size\": 4,\n"}
,{"stream_name":"stdout","time":11.499934155,"data":"  \"use_deepcenter_add_only_gate\": true,\n"}
,{"stream_name":"stdout","time":11.499938046,"data":"  \"use_ilp\": true,\n"}
,{"stream_name":"stdout","time":11.499942055,"data":"  \"weights\": \"weights/unet_transformer/split_0/edge_predictor_best.pth\"\n"}
,{"stream_name":"stdout","time":11.499946139,"data":"}\n"}
,{"stream_name":"stdout","time":11.718824483,"data":"ARTIFACTS: /kaggle/input/datasets/pilkwang/biohub-tracking-support-pack-50ep-v1\n"}
,{"stream_name":"stdout","time":11.718858187,"data":"Has offline wheels: True\n"}
,{"stream_name":"stdout","time":11.718867745,"data":"Artifact name: biohub-tracking-support-pack-400ep-snapshot-v1\n"}
,{"stream_name":"stdout","time":11.718870913,"data":"Weight sha256: 12f6881ee3620a831697ca098ff8f48e687a24225f4e048b538deec3562fe771\n"}
,{"stream_name":"stdout","time":11.718873772,"data":"Weight path: weights/unet_transformer/split_0/edge_predictor_best.pth\n"}
,{"stream_name":"stdout","time":12.513355839,"data":"Installing missing packages from offline package dirs: ['polars']\n"}
,{"stream_name":"stdout","time":12.513389991,"data":"Dependency resolver is disabled with --no-deps to avoid replacing Kaggle numpy/scipy in a live kernel.\n"}
,{"stream_name":"stdout","time":12.513407457,"data":"Offline package dirs: ['/kaggle/input/datasets/pilkwang/biohub-tracking-support-pack-50ep-v1/wheels']\n"}
,{"stream_name":"stdout","time":18.866159028,"data":"Offline dependency install succeeded.\n"}
,{"stream_name":"stdout","time":18.866200722,"data":"Installing missing packages from offline package dirs: ['tracksdata', 'zarr', 'pyscipopt', 'geff', 'geff_spec', 'ilpy', 'imagecodecs', 'rustworkx', 'numcodecs', 'donfig', 'bidict']\n"}
,{"stream_name":"stdout","time":18.866205629,"data":"Dependency resolver is disabled with --no-deps to avoid replacing Kaggle numpy/scipy in a live kernel.\n"}
,{"stream_name":"stdout","time":18.866208577,"data":"Offline package dirs: ['/kaggle/input/datasets/pilkwang/biohub-tracking-support-pack-50ep-v1/wheels']\n"}
,{"stream_name":"stdout","time":48.2092428,"data":"Offline dependency install succeeded.\n"}
,{"stream_name":"stderr","time":56.718327993,"data":"/usr/local/lib/python3.12/dist-packages/dask/array/image.py:7: FutureWarning: `find_available_plugins` is deprecated since version 0.25 and will be removed in version 0.27. The plugin infrastructure of `skimage.io` is deprecated. Instead, use `imageio` or other I/O packages directly.\n"}
,{"stream_name":"stderr","time":56.718368097,"data":"  from skimage.io import imread as sk_imread\n"}
,{"stream_name":"stderr","time":56.718374577,"data":"/usr/lib/python3.12/importlib/__init__.py:90: FutureWarning: `reset_plugins` is deprecated since version 0.25 and will be removed in version 0.27. The plugin infrastructure of `skimage.io` is deprecated. Instead, use `imageio` or other I/O packages directly.\n"}
,{"stream_name":"stderr","time":56.718380508,"data":"  return _bootstrap._gcd_import(name[level:], package, level)\n"}
,{"stream_name":"stderr","time":56.718387635,"data":"\n"}
,{"stream_name":"stderr","time":56.718395847,"data":"/usr/local/lib/python3.12/dist-packages/dask/array/image.py:7: FutureWarning: `find_available_plugins` is deprecated since version 0.25 and will be removed in version 0.27. The plugin infrastructure of `skimage.io` is deprecated. Instead, use `imageio` or other I/O packages directly.\n"}
,{"stream_name":"stderr","time":56.718399879,"data":"  from skimage.io import imread as sk_imread\n"}
,{"stream_name":"stderr","time":56.718403468,"data":"/usr/lib/python3.12/importlib/__init__.py:90: FutureWarning: `reset_plugins` is deprecated since version 0.25 and will be removed in version 0.27. The plugin infrastructure of `skimage.io` is deprecated. Instead, use `imageio` or other I/O packages directly.\n"}
,{"stream_name":"stderr","time":56.718407626,"data":"  return _bootstrap._gcd_import(name[level:], package, level)\n"}
,{"stream_name":"stdout","time":56.962377061,"data":"Required graph/Zarr/ILP packages import successfully.\n"}
,{"stream_name":"stdout","time":56.962405814,"data":"Inference repo: /kaggle/working/tracking_repo\n"}
,{"stream_name":"stdout","time":56.962410038,"data":"Weights: /kaggle/working/tracking_repo/weights/unet_transformer/split_0/edge_predictor_best.pth\n"}
,{"stream_name":"stdout","time":57.66131199,"data":"Support repo Python manifest SHA256: 978b626d1fd1e7397435a437dfe68691defe1572fc3c20e61012d7c9b52ed029\n"}
,{"stream_name":"stdout","time":57.661367089,"data":"Primary materialized SHA256: 12f6881ee3620a831697ca098ff8f48e687a24225f4e048b538deec3562fe771\n"}
,{"stream_name":"stdout","time":57.66137606,"data":"DeepCenter materialized SHA256: 8040999a92f6b7bbd98fa8cf458141e045c0f9ad7c936bdb3b18e1f7edafe2a0\n"}
,{"stream_name":"stdout","time":250.559407668,"data":"Secondary artifact: /kaggle/input/datasets/pilkwang/biohub-temporal-unet3d-seed314159-v1\n"}
,{"stream_name":"stdout","time":250.559490549,"data":"Secondary weight: /kaggle/working/secondary_seed_weights/unet_transformer/split_0/edge_predictor_best.pth\n"}
,{"stream_name":"stdout","time":250.559510576,"data":"Secondary SHA256: 9bac2fa0dadc4a6fc1899e0caf187f4b553e0a7cd90ba1261a68b35ffe9e305f\n"}
,{"stream_name":"stdout","time":250.559530244,"data":"Secondary edge-logit weight: 0.15\n"}
,{"stream_name":"stdout","time":250.559535349,"data":"Runtime integrity receipt: /kaggle/working/bidirectional_production_runtime_integrity.json\n"}
,{"stream_name":"stdout","time":255.589852701,"data":"CUDA device: Tesla T4\n"}
,{"stream_name":"stdout","time":255.589940823,"data":"TTA patch applied (400ep spatial D4-style)\n"}
,{"stream_name":"stdout","time":255.589948149,"data":"Calibrated dual-seed runtime patch applied\n"}
,{"stream_name":"stdout","time":255.589952438,"data":"Frozen frame retention guard applied at 0.90\n"}
,{"stream_name":"stdout","time":255.589961168,"data":"Bidirectional harmonic-probability association fusion applied | weight= 0.15\n"}
,{"stream_name":"stdout","time":255.589964781,"data":"Pre-ILP detector-coordinate manifest hook applied\n"}
,{"stream_name":"stdout","time":255.589968198,"data":"EDGE_TTA patch installed and enabled in /kaggle/working/tracking_repo/scripts/predict_unet_transformer.py\n"}
,{"stream_name":"stdout","time":255.589971901,"data":"secondary edge-feature TTA patch installed and enabled\n"}
,{"stream_name":"stdout","time":255.594891105,"data":"EXP046 second-edge division rescue patch applied\n"}
,{"stream_name":"stdout","time":255.594918019,"data":"Found 4 test videos\n"}
,{"stream_name":"stdout","time":255.594924831,"data":"['44b6_0113de3b', '44b6_0b24845f', '6bba_05b6850b', '6bba_05db0fb1']\n"}
,{"stream_name":"stdout","time":255.594935533,"data":"EXP019 CV-only: skipped test-set inference; validation prediction runs once below.\n"}
,{"stream_name":"stdout","time":256.028750199,"data":"EXP019 FOCUS strategies ready; production test pass remains FOCUS-off\n"}
,{"stream_name":"stdout","time":506.915905138,"data":"Trying DeepCenter add-only gate checkpoint: /kaggle/input/datasets/pilkwang/biohub-deepcenter-unet3d-center-prior-v1/weights/full_frame_center/best.pt\n"}
,{"stream_name":"stdout","time":507.044177511,"data":"Loaded DeepCenter add-only gate checkpoint: /kaggle/input/datasets/pilkwang/biohub-deepcenter-unet3d-center-prior-v1/weights/full_frame_center/best.pt\n"}
,{"stream_name":"stdout","time":507.044214364,"data":"DeepCenter checkpoint epoch: 2 best_score: -0.04500306242456039\n"}
,{"stream_name":"stdout","time":507.044220471,"data":"EXP019 CV-only: no test submission is generated.\n"}
,{"stream_name":"stdout","time":507.066230492,"data":"EXP019 CV-only: submission retention guard skipped by design.\n"}
,{"stream_name":"stdout","time":507.242258056,"data":"VALIDATOR: excluding 4 TRAIN stem(s) that also appear in TEST_DIR: ['44b6_0113de3b', '44b6_0b24845f', '6bba_05b6850b', '6bba_05db0fb1']\n"}
,{"stream_name":"stdout","time":543.018406297,"data":"VALIDATOR: selected 4 held-out TRAIN samples (2 per embryo-type prefix, 2 prefixes found, 4 contain a GT division)\n"}
,{"stream_name":"stdout","time":543.018442602,"data":"['44b6_12dfb391', '44b6_267148e4', '6bba_062c8d37', '6bba_07e24132']\n"}
,{"stream_name":"stdout","time":543.018449399,"data":"VALIDATOR: launching 2 shards on CUDA devices ['0', '1']\n"}
,{"stream_name":"stderr","time":548.731689383,"data":"/usr/local/lib/python3.12/dist-packages/dask/array/image.py:7: FutureWarning: `find_available_plugins` is deprecated since version 0.25 and will be removed in version 0.27. The plugin infrastructure of `skimage.io` is deprecated. Instead, use `imageio` or other I/O packages directly.\n"}
,{"stream_name":"stderr","time":548.73172875,"data":"  from skimage.io import imread as sk_imread\n"}
,{"stream_name":"stderr","time":548.736926851,"data":"/usr/lib/python3.12/importlib/__init__.py:90: FutureWarning: `reset_plugins` is deprecated since version 0.25 and will be removed in version 0.27. The plugin infrastructure of `skimage.io` is deprecated. Instead, use `imageio` or other I/O packages directly.\n"}
,{"stream_name":"stderr","time":548.736950511,"data":"  return _bootstrap._gcd_import(name[level:], package, level)\n"}
,{"stream_name":"stderr","time":548.809873939,"data":"/usr/local/lib/python3.12/dist-packages/dask/array/image.py:7: FutureWarning: `find_available_plugins` is deprecated since version 0.25 and will be removed in version 0.27. The plugin infrastructure of `skimage.io` is deprecated. Instead, use `imageio` or other I/O packages directly.\n"}
,{"stream_name":"stderr","time":548.809901467,"data":"  from skimage.io import imread as sk_imread\n"}
,{"stream_name":"stderr","time":548.815662463,"data":"/usr/lib/python3.12/importlib/__init__.py:90: FutureWarning: `reset_plugins` is deprecated since version 0.25 and will be removed in version 0.27. The plugin infrastructure of `skimage.io` is deprecated. Instead, use `imageio` or other I/O packages directly.\n"}
,{"stream_name":"stderr","time":548.815688728,"data":"  return _bootstrap._gcd_import(name[level:], package, level)\n"}
,{"stream_name":"stderr","time":548.934315994,"data":"/usr/local/lib/python3.12/dist-packages/dask/array/image.py:7: FutureWarning: `find_available_plugins` is deprecated since version 0.25 and will be removed in version 0.27. The plugin infrastructure of `skimage.io` is deprecated. Instead, use `imageio` or other I/O packages directly.\n"}
,{"stream_name":"stderr","time":548.934349382,"data":"  from skimage.io import imread as sk_imread\n"}
,{"stream_name":"stderr","time":548.93435498,"data":"/usr/lib/python3.12/importlib/__init__.py:90: FutureWarning: `reset_plugins` is deprecated since version 0.25 and will be removed in version 0.27. The plugin infrastructure of `skimage.io` is deprecated. Instead, use `imageio` or other I/O packages directly.\n"}
,{"stream_name":"stderr","time":548.934361923,"data":"  return _bootstrap._gcd_import(name[level:], package, level)\n"}
,{"stream_name":"stderr","time":548.934370365,"data":"/usr/local/lib/python3.12/dist-packages/dask/array/image.py:7: FutureWarning: `find_available_plugins` is deprecated since version 0.25 and will be removed in version 0.27. The plugin infrastructure of `skimage.io` is deprecated. Instead, use `imageio` or other I/O packages directly.\n"}
,{"stream_name":"stderr","time":548.934374513,"data":"  from skimage.io import imread as sk_imread\n"}
,{"stream_name":"stderr","time":548.93437722,"data":"/usr/lib/python3.12/importlib/__init__.py:90: FutureWarning: `reset_plugins` is deprecated since version 0.25 and will be removed in version 0.27. The plugin infrastructure of `skimage.io` is deprecated. Instead, use `imageio` or other I/O packages directly.\n"}
,{"stream_name":"stderr","time":548.934380395,"data":"  return _bootstrap._gcd_import(name[level:], package, level)\n"}
,{"stream_name":"stderr","time":548.934383217,"data":"\n"}
,{"stream_name":"stderr","time":548.934385942,"data":"/usr/local/lib/python3.12/dist-packages/dask/array/image.py:7: FutureWarning: `find_available_plugins` is deprecated since version 0.25 and will be removed in version 0.27. The plugin infrastructure of `skimage.io` is deprecated. Instead, use `imageio` or other I/O packages directly.\n"}
,{"stream_name":"stderr","time":548.934389469,"data":"  from skimage.io import imread as sk_imread\n"}
,{"stream_name":"stderr","time":548.934392025,"data":"/usr/lib/python3.12/importlib/__init__.py:90: FutureWarning: `reset_plugins` is deprecated since version 0.25 and will be removed in version 0.27. The plugin infrastructure of `skimage.io` is deprecated. Instead, use `imageio` or other I/O packages directly.\n"}
,{"stream_name":"stderr","time":548.934406892,"data":"  return _bootstrap._gcd_import(name[level:], package, level)\n"}
,{"stream_name":"stderr","time":548.934410924,"data":"/usr/local/lib/python3.12/dist-packages/dask/array/image.py:7: FutureWarning: `find_available_plugins` is deprecated since version 0.25 and will be removed in version 0.27. The plugin infrastructure of `skimage.io` is deprecated. Instead, use `imageio` or other I/O packages directly.\n"}
,{"stream_name":"stderr","time":548.93441403,"data":"  from skimage.io import imread as sk_imread\n"}
,{"stream_name":"stderr","time":548.934416646,"data":"/usr/lib/python3.12/importlib/__init__.py:90: FutureWarning: `reset_plugins` is deprecated since version 0.25 and will be removed in version 0.27. The plugin infrastructure of `skimage.io` is deprecated. Instead, use `imageio` or other I/O packages directly.\n"}
,{"stream_name":"stderr","time":548.934419723,"data":"  return _bootstrap._gcd_import(name[level:], package, level)\n"}
,{"stream_name":"stdout","time":549.366940192,"data":"Secondary model: /kaggle/working/secondary_seed_weights/unet_transformer/split_0/edge_predictor_best.pth | edge weight=0.150 | detection weight=0.800 | link mode=low_margin_consensus | temperature=1.000 | low-margin max=0.350 | edge threshold=0.480\n"}
,{"stream_name":"stdout","time":549.366972833,"data":"Fold 0: 2 datasets | weights=weights/unet_transformer/split_0/edge_predictor_best.pth | device=cuda | window_size=2 | pool_kernel_um=3.0\n"}
,{"stream_name":"stdout","time":549.404560504,"data":"Secondary model: /kaggle/working/secondary_seed_weights/unet_transformer/split_0/edge_predictor_best.pth | edge weight=0.150 | detection weight=0.800 | link mode=low_margin_consensus | temperature=1.000 | low-margin max=0.350 | edge threshold=0.480\n"}
,{"stream_name":"stdout","time":549.404615838,"data":"Fold 0: 2 datasets | weights=weights/unet_transformer/split_0/edge_predictor_best.pth | device=cuda | window_size=2 | pool_kernel_um=3.0\n"}
,{"stream_name":"stdout","time":549.569757084,"data":"Secondary model: /kaggle/working/secondary_seed_weights/unet_transformer/split_0/edge_predictor_best.pth | edge weight=0.150 | detection weight=0.800 | link mode=low_margin_consensus | temperature=1.000 | low-margin max=0.350 | edge threshold=0.480\n"}
,{"stream_name":"stdout","time":549.569795116,"data":"Fold 0: 2 datasets | weights=weights/unet_transformer/split_0/edge_predictor_best.pth | device=cuda | window_size=2 | pool_kernel_um=3.0\n"}
,{"stream_name":"stdout","time":549.569799091,"data":"Secondary model: /kaggle/working/secondary_seed_weights/unet_transformer/split_0/edge_predictor_best.pth | edge weight=0.150 | detection weight=0.800 | link mode=low_margin_consensus | temperature=1.000 | low-margin max=0.350 | edge threshold=0.480\n"}
,{"stream_name":"stdout","time":549.569802778,"data":"Fold 0: 2 datasets | weights=weights/unet_transformer/split_0/edge_predictor_best.pth | device=cuda | window_size=2 | pool_kernel_um=3.0\n"}
,{"stream_name":"stdout","time":597.359796044,"data":"BIOHUB_RETENTION_GUARD {\"blended_candidates\": 431, \"dataset\": \"44b6_12dfb391\", \"frame\": 22, \"minimum_retention\": 0.9, \"primary_candidates\": 484, \"retention\": 0.890495867768595, \"use_primary\": true}\n"}
,{"stream_name":"stdout","time":597.570744855,"data":"BIOHUB_RETENTION_GUARD {\"blended_candidates\": 431, \"dataset\": \"44b6_12dfb391\", \"frame\": 22, \"minimum_retention\": 0.9, \"primary_candidates\": 484, \"retention\": 0.890495867768595, \"use_primary\": true}\n"}
,{"stream_name":"stdout","time":599.399586151,"data":"BIOHUB_RETENTION_GUARD {\"blended_candidates\": 433, \"dataset\": \"44b6_12dfb391\", \"frame\": 23, \"minimum_retention\": 0.9, \"primary_candidates\": 484, \"retention\": 0.8946280991735537, \"use_primary\": true}\n"}
,{"stream_name":"stdout","time":599.602073153,"data":"BIOHUB_RETENTION_GUARD {\"blended_candidates\": 433, \"dataset\": \"44b6_12dfb391\", \"frame\": 23, \"minimum_retention\": 0.9, \"primary_candidates\": 484, \"retention\": 0.8946280991735537, \"use_primary\": true}\n"}
,{"stream_name":"stdout","time":607.580288814,"data":"BIOHUB_RETENTION_GUARD {\"blended_candidates\": 451, \"dataset\": \"44b6_12dfb391\", \"frame\": 27, \"minimum_retention\": 0.9, \"primary_candidates\": 504, \"retention\": 0.8948412698412699, \"use_primary\": true}\n"}
,{"stream_name":"stdout","time":607.782996585,"data":"BIOHUB_RETENTION_GUARD {\"blended_candidates\": 451, \"dataset\": \"44b6_12dfb391\", \"frame\": 27, \"minimum_retention\": 0.9, \"primary_candidates\": 504, \"retention\": 0.8948412698412699, \"use_primary\": true}\n"}
,{"stream_name":"stdout","time":624.207195598,"data":"BIOHUB_RETENTION_GUARD {\"blended_candidates\": 449, \"dataset\": \"44b6_12dfb391\", \"frame\": 35, \"minimum_retention\": 0.9, \"primary_candidates\": 506, \"retention\": 0.8873517786561265, \"use_primary\": true}\n"}
,{"stream_name":"stdout","time":624.409935093,"data":"BIOHUB_RETENTION_GUARD {\"blended_candidates\": 449, \"dataset\": \"44b6_12dfb391\", \"frame\": 35, \"minimum_retention\": 0.9, \"primary_candidates\": 506, \"retention\": 0.8873517786561265, \"use_primary\": true}\n"}
,{"stream_name":"stdout","time":626.326407602,"data":"BIOHUB_RETENTION_GUARD {\"blended_candidates\": 452, \"dataset\": \"44b6_12dfb391\", \"frame\": 36, \"minimum_retention\": 0.9, \"primary_candidates\": 510, \"retention\": 0.8862745098039215, \"use_primary\": true}\n"}
,{"stream_name":"stdout","time":626.529071679,"data":"BIOHUB_RETENTION_GUARD {\"blended_candidates\": 452, \"dataset\": \"44b6_12dfb391\", \"frame\": 36, \"minimum_retention\": 0.9, \"primary_candidates\": 510, \"retention\": 0.8862745098039215, \"use_primary\": true}\n"}
,{"stream_name":"stdout","time":628.430814135,"data":"BIOHUB_RETENTION_GUARD {\"blended_candidates\": 459, \"dataset\": \"44b6_12dfb391\", \"frame\": 37, \"minimum_retention\": 0.9, \"primary_candidates\": 517, \"retention\": 0.8878143133462283, \"use_primary\": true}\n"}
,{"stream_name":"stdout","time":628.645568797,"data":"BIOHUB_RETENTION_GUARD {\"blended_candidates\": 459, \"dataset\": \"44b6_12dfb391\", \"frame\": 37, \"minimum_retention\": 0.9, \"primary_candidates\": 517, \"retention\": 0.8878143133462283, \"use_primary\": true}\n"}
,{"stream_name":"stdout","time":667.85043496,"data":"BIOHUB_RETENTION_GUARD {\"blended_candidates\": 471, \"dataset\": \"44b6_12dfb391\", \"frame\": 55, \"minimum_retention\": 0.9, \"primary_candidates\": 525, \"retention\": 0.8971428571428571, \"use_primary\": true}\n"}
,{"stream_name":"stdout","time":668.061141913,"data":"BIOHUB_RETENTION_GUARD {\"blended_candidates\": 471, \"dataset\": \"44b6_12dfb391\", \"frame\": 55, \"minimum_retention\": 0.9, \"primary_candidates\": 525, \"retention\": 0.8971428571428571, \"use_primary\": true}\n"}
,{"stream_name":"stdout","time":670.040103069,"data":"BIOHUB_RETENTION_GUARD {\"blended_candidates\": 466, \"dataset\": \"44b6_12dfb391\", \"frame\": 56, \"minimum_retention\": 0.9, \"primary_candidates\": 529, \"retention\": 0.8809073724007561, \"use_primary\": true}\n"}
,{"stream_name":"stdout","time":670.243242728,"data":"BIOHUB_RETENTION_GUARD {\"blended_candidates\": 466, \"dataset\": \"44b6_12dfb391\", \"frame\": 56, \"minimum_retention\": 0.9, \"primary_candidates\": 529, \"retention\": 0.8809073724007561, \"use_primary\": true}\n"}
,{"stream_name":"stdout","time":672.227798787,"data":"BIOHUB_RETENTION_GUARD {\"blended_candidates\": 463, \"dataset\": \"44b6_12dfb391\", \"frame\": 57, \"minimum_retention\": 0.9, \"primary_candidates\": 525, \"retention\": 0.8819047619047619, \"use_primary\": true}\n"}
,{"stream_name":"stdout","time":672.430450901,"data":"BIOHUB_RETENTION_GUARD {\"blended_candidates\": 463, \"dataset\": \"44b6_12dfb391\", \"frame\": 57, \"minimum_retention\": 0.9, \"primary_candidates\": 525, \"retention\": 0.8819047619047619, \"use_primary\": true}\n"}
,{"stream_name":"stdout","time":674.429960974,"data":"BIOHUB_RETENTION_GUARD {\"blended_candidates\": 462, \"dataset\": \"44b6_12dfb391\", \"frame\": 58, \"minimum_retention\": 0.9, \"primary_candidates\": 524, \"retention\": 0.8816793893129771, \"use_primary\": true}\n"}
,{"stream_name":"stdout","time":674.632501479,"data":"BIOHUB_RETENTION_GUARD {\"blended_candidates\": 462, \"dataset\": \"44b6_12dfb391\", \"frame\": 58, \"minimum_retention\": 0.9, \"primary_candidates\": 524, \"retention\": 0.8816793893129771, \"use_primary\": true}\n"}
,{"stream_name":"stdout","time":676.709155352,"data":"BIOHUB_RETENTION_GUARD {\"blended_candidates\": 458, \"dataset\": \"44b6_12dfb391\", \"frame\": 59, \"minimum_retention\": 0.9, \"primary_candidates\": 532, \"retention\": 0.8609022556390977, \"use_primary\": true}\n"}
,{"stream_name":"stdout","time":676.911594526,"data":"BIOHUB_RETENTION_GUARD {\"blended_candidates\": 458, \"dataset\": \"44b6_12dfb391\", \"frame\": 59, \"minimum_retention\": 0.9, \"primary_candidates\": 532, \"retention\": 0.8609022556390977, \"use_primary\": true}\n"}
,{"stream_name":"stdout","time":681.329262472,"data":"BIOHUB_RETENTION_GUARD {\"blended_candidates\": 462, \"dataset\": \"44b6_12dfb391\", \"frame\": 61, \"minimum_retention\": 0.9, \"primary_candidates\": 543, \"retention\": 0.850828729281768, \"use_primary\": true}\n"}
,{"stream_name":"stdout","time":681.532249116,"data":"BIOHUB_RETENTION_GUARD {\"blended_candidates\": 462, \"dataset\": \"44b6_12dfb391\", \"frame\": 61, \"minimum_retention\": 0.9, \"primary_candidates\": 543, \"retention\": 0.850828729281768, \"use_primary\": true}\n"}
,{"stream_name":"stdout","time":685.934487752,"data":"BIOHUB_RETENTION_GUARD {\"blended_candidates\": 491, \"dataset\": \"44b6_12dfb391\", \"frame\": 63, \"minimum_retention\": 0.9, \"primary_candidates\": 548, \"retention\": 0.8959854014598541, \"use_primary\": true}\n"}
,{"stream_name":"stdout","time":686.136409707,"data":"BIOHUB_RETENTION_GUARD {\"blended_candidates\": 491, \"dataset\": \"44b6_12dfb391\", \"frame\": 63, \"minimum_retention\": 0.9, \"primary_candidates\": 548, \"retention\": 0.8959854014598541, \"use_primary\": true}\n"}
,{"stream_name":"stdout","time":697.495951449,"data":"BIOHUB_RETENTION_GUARD {\"blended_candidates\": 500, \"dataset\": \"44b6_12dfb391\", \"frame\": 68, \"minimum_retention\": 0.9, \"primary_candidates\": 560, \"retention\": 0.8928571428571429, \"use_primary\": true}\n"}
,{"stream_name":"stdout","time":697.698744898,"data":"BIOHUB_RETENTION_GUARD {\"blended_candidates\": 500, \"dataset\": \"44b6_12dfb391\", \"frame\": 68, \"minimum_retention\": 0.9, \"primary_candidates\": 560, \"retention\": 0.8928571428571429, \"use_primary\": true}\n"}
,{"stream_name":"stdout","time":699.868413588,"data":"BIOHUB_RETENTION_GUARD {\"blended_candidates\": 482, \"dataset\": \"44b6_12dfb391\", \"frame\": 69, \"minimum_retention\": 0.9, \"primary_candidates\": 570, \"retention\": 0.8456140350877193, \"use_primary\": true}\n"}
,{"stream_name":"stdout","time":700.084582736,"data":"BIOHUB_RETENTION_GUARD {\"blended_candidates\": 482, \"dataset\": \"44b6_12dfb391\", \"frame\": 69, \"minimum_retention\": 0.9, \"primary_candidates\": 570, \"retention\": 0.8456140350877193, \"use_primary\": true}\n"}
,{"stream_name":"stdout","time":702.224244087,"data":"BIOHUB_RETENTION_GUARD {\"blended_candidates\": 471, \"dataset\": \"44b6_12dfb391\", \"frame\": 70, \"minimum_retention\": 0.9, \"primary_candidates\": 545, \"retention\": 0.8642201834862385, \"use_primary\": true}\n"}
,{"stream_name":"stdout","time":702.426908986,"data":"BIOHUB_RETENTION_GUARD {\"blended_candidates\": 471, \"dataset\": \"44b6_12dfb391\", \"frame\": 70, \"minimum_retention\": 0.9, \"primary_candidates\": 545, \"retention\": 0.8642201834862385, \"use_primary\": true}\n"}
,{"stream_name":"stdout","time":704.533147697,"data":"BIOHUB_RETENTION_GUARD {\"blended_candidates\": 488, \"dataset\": \"44b6_12dfb391\", \"frame\": 71, \"minimum_retention\": 0.9, \"primary_candidates\": 555, \"retention\": 0.8792792792792793, \"use_primary\": true}\n"}
,{"stream_name":"stdout","time":704.735579947,"data":"BIOHUB_RETENTION_GUARD {\"blended_candidates\": 488, \"dataset\": \"44b6_12dfb391\", \"frame\": 71, \"minimum_retention\": 0.9, \"primary_candidates\": 555, \"retention\": 0.8792792792792793, \"use_primary\": true}\n"}
,{"stream_name":"stdout","time":706.85626699,"data":"BIOHUB_RETENTION_GUARD {\"blended_candidates\": 487, \"dataset\": \"44b6_12dfb391\", \"frame\": 72, \"minimum_retention\": 0.9, \"primary_candidates\": 555, \"retention\": 0.8774774774774775, \"use_primary\": true}\n"}
,{"stream_name":"stdout","time":707.060074205,"data":"BIOHUB_RETENTION_GUARD {\"blended_candidates\": 487, \"dataset\": \"44b6_12dfb391\", \"frame\": 72, \"minimum_retention\": 0.9, \"primary_candidates\": 555, \"retention\": 0.8774774774774775, \"use_primary\": true}\n"}
,{"stream_name":"stdout","time":711.497774742,"data":"BIOHUB_RETENTION_GUARD {\"blended_candidates\": 504, \"dataset\": \"44b6_12dfb391\", \"frame\": 74, \"minimum_retention\": 0.9, \"primary_candidates\": 564, \"retention\": 0.8936170212765957, \"use_primary\": true}\n"}
,{"stream_name":"stdout","time":711.700284567,"data":"BIOHUB_RETENTION_GUARD {\"blended_candidates\": 504, \"dataset\": \"44b6_12dfb391\", \"frame\": 74, \"minimum_retention\": 0.9, \"primary_candidates\": 564, \"retention\": 0.8936170212765957, \"use_primary\": true}\n"}
,{"stream_name":"stdout","time":713.760605135,"data":"BIOHUB_RETENTION_GUARD {\"blended_candidates\": 468, \"dataset\": \"44b6_12dfb391\", \"frame\": 75, \"minimum_retention\": 0.9, \"primary_candidates\": 565, \"retention\": 0.8283185840707965, \"use_primary\": true}\n"}
,{"stream_name":"stdout","time":713.962904912,"data":"BIOHUB_RETENTION_GUARD {\"blended_candidates\": 468, \"dataset\": \"44b6_12dfb391\", \"frame\": 75, \"minimum_retention\": 0.9, \"primary_candidates\": 565, \"retention\": 0.8283185840707965, \"use_primary\": true}\n"}
,{"stream_name":"stdout","time":716.136069449,"data":"BIOHUB_RETENTION_GUARD {\"blended_candidates\": 507, \"dataset\": \"44b6_12dfb391\", \"frame\": 76, \"minimum_retention\": 0.9, \"primary_candidates\": 579, \"retention\": 0.8756476683937824, \"use_primary\": true}\n"}
,{"stream_name":"stdout","time":716.338565331,"data":"BIOHUB_RETENTION_GUARD {\"blended_candidates\": 507, \"dataset\": \"44b6_12dfb391\", \"frame\": 76, \"minimum_retention\": 0.9, \"primary_candidates\": 579, \"retention\": 0.8756476683937824, \"use_primary\": true}\n"}
,{"stream_name":"stdout","time":718.430687013,"data":"BIOHUB_RETENTION_GUARD {\"blended_candidates\": 503, \"dataset\": \"44b6_12dfb391\", \"frame\": 77, \"minimum_retention\": 0.9, \"primary_candidates\": 582, \"retention\": 0.8642611683848798, \"use_primary\": true}\n"}
,{"stream_name":"stdout","time":718.633769321,"data":"BIOHUB_RETENTION_GUARD {\"blended_candidates\": 503, \"dataset\": \"44b6_12dfb391\", \"frame\": 77, \"minimum_retention\": 0.9, \"primary_candidates\": 582, \"retention\": 0.8642611683848798, \"use_primary\": true}\n"}
,{"stream_name":"stdout","time":720.726246961,"data":"BIOHUB_RETENTION_GUARD {\"blended_candidates\": 519, \"dataset\": \"44b6_12dfb391\", \"frame\": 78, \"minimum_retention\": 0.9, \"primary_candidates\": 585, \"retention\": 0.8871794871794871, \"use_primary\": true}\n"}
,{"stream_name":"stdout","time":720.929119716,"data":"BIOHUB_RETENTION_GUARD {\"blended_candidates\": 519, \"dataset\": \"44b6_12dfb391\", \"frame\": 78, \"minimum_retention\": 0.9, \"primary_candidates\": 585, \"retention\": 0.8871794871794871, \"use_primary\": true}\n"}
,{"stream_name":"stdout","time":732.054089907,"data":"BIOHUB_RETENTION_GUARD {\"blended_candidates\": 478, \"dataset\": \"44b6_12dfb391\", \"frame\": 83, \"minimum_retention\": 0.9, \"primary_candidates\": 555, \"retention\": 0.8612612612612612, \"use_primary\": true}\n"}
,{"stream_name":"stdout","time":732.272730926,"data":"BIOHUB_RETENTION_GUARD {\"blended_candidates\": 478, \"dataset\": \"44b6_12dfb391\", \"frame\": 83, \"minimum_retention\": 0.9, \"primary_candidates\": 555, \"retention\": 0.8612612612612612, \"use_primary\": true}\n"}
,{"stream_name":"stdout","time":734.260836785,"data":"BIOHUB_RETENTION_GUARD {\"blended_candidates\": 501, \"dataset\": \"44b6_12dfb391\", \"frame\": 84, \"minimum_retention\": 0.9, \"primary_candidates\": 566, \"retention\": 0.8851590106007067, \"use_primary\": true}\n"}
,{"stream_name":"stdout","time":734.463441,"data":"BIOHUB_RETENTION_GUARD {\"blended_candidates\": 501, \"dataset\": \"44b6_12dfb391\", \"frame\": 84, \"minimum_retention\": 0.9, \"primary_candidates\": 566, \"retention\": 0.8851590106007067, \"use_primary\": true}\n"}
,{"stream_name":"stdout","time":745.730363697,"data":"BIOHUB_RETENTION_GUARD {\"blended_candidates\": 539, \"dataset\": \"44b6_12dfb391\", \"frame\": 89, \"minimum_retention\": 0.9, \"primary_candidates\": 618, \"retention\": 0.872168284789644, \"use_primary\": true}\n"}
,{"stream_name":"stdout","time":745.933208243,"data":"BIOHUB_RETENTION_GUARD {\"blended_candidates\": 539, \"dataset\": \"44b6_12dfb391\", \"frame\": 89, \"minimum_retention\": 0.9, \"primary_candidates\": 618, \"retention\": 0.872168284789644, \"use_primary\": true}\n"}
,{"stream_name":"stdout","time":748.016184757,"data":"BIOHUB_RETENTION_GUARD {\"blended_candidates\": 532, \"dataset\": \"44b6_12dfb391\", \"frame\": 90, \"minimum_retention\": 0.9, \"primary_candidates\": 595, \"retention\": 0.8941176470588236, \"use_primary\": true}\n"}
,{"stream_name":"stdout","time":748.218744931,"data":"BIOHUB_RETENTION_GUARD {\"blended_candidates\": 532, \"dataset\": \"44b6_12dfb391\", \"frame\": 90, \"minimum_retention\": 0.9, \"primary_candidates\": 595, \"retention\": 0.8941176470588236, \"use_primary\": true}\n"}
,{"stream_name":"stdout","time":757.16207902,"data":"BIOHUB_RETENTION_GUARD {\"blended_candidates\": 520, \"dataset\": \"44b6_12dfb391\", \"frame\": 94, \"minimum_retention\": 0.9, \"primary_candidates\": 583, \"retention\": 0.8919382504288165, \"use_primary\": true}\n"}
,{"stream_name":"stdout","time":757.36503665,"data":"BIOHUB_RETENTION_GUARD {\"blended_candidates\": 520, \"dataset\": \"44b6_12dfb391\", \"frame\": 94, \"minimum_retention\": 0.9, \"primary_candidates\": 583, \"retention\": 0.8919382504288165, \"use_primary\": true}\n"}
,{"stream_name":"stdout","time":859.57826608,"data":"BIOHUB_RETENTION_GUARD {\"blended_candidates\": 342, \"dataset\": \"6bba_07e24132\", \"frame\": 32, \"minimum_retention\": 0.9, \"primary_candidates\": 392, \"retention\": 0.8724489795918368, \"use_primary\": true}\n"}
,{"stream_name":"stdout","time":859.796533657,"data":"BIOHUB_RETENTION_GUARD {\"blended_candidates\": 342, \"dataset\": \"6bba_07e24132\", \"frame\": 32, \"minimum_retention\": 0.9, \"primary_candidates\": 392, \"retention\": 0.8724489795918368, \"use_primary\": true}\n"}
,{"stream_name":"stdout","time":973.703516977,"data":"BIOHUB_RETENTION_GUARD {\"blended_candidates\": 59, \"dataset\": \"6bba_062c8d37\", \"frame\": 73, \"minimum_retention\": 0.9, \"primary_candidates\": 68, \"retention\": 0.8676470588235294, \"use_primary\": true}\n"}
,{"stream_name":"stdout","time":973.922534365,"data":"BIOHUB_RETENTION_GUARD {\"blended_candidates\": 59, \"dataset\": \"6bba_062c8d37\", \"frame\": 73, \"minimum_retention\": 0.9, \"primary_candidates\": 68, \"retention\": 0.8676470588235294, \"use_primary\": true}\n"}
,{"stream_name":"stdout","time":975.772101532,"data":"BIOHUB_RETENTION_GUARD {\"blended_candidates\": 62, \"dataset\": \"6bba_062c8d37\", \"frame\": 74, \"minimum_retention\": 0.9, \"primary_candidates\": 69, \"retention\": 0.8985507246376812, \"use_primary\": true}\n"}
,{"stream_name":"stdout","time":975.975336543,"data":"BIOHUB_RETENTION_GUARD {\"blended_candidates\": 62, \"dataset\": \"6bba_062c8d37\", \"frame\": 74, \"minimum_retention\": 0.9, \"primary_candidates\": 69, \"retention\": 0.8985507246376812, \"use_primary\": true}\n"}
,{"stream_name":"stdout","time":996.309109682,"data":"BIOHUB_RETENTION_GUARD {\"blended_candidates\": 64, \"dataset\": \"6bba_062c8d37\", \"frame\": 84, \"minimum_retention\": 0.9, \"primary_candidates\": 73, \"retention\": 0.8767123287671232, \"use_primary\": true}\n"}
,{"stream_name":"stdout","time":996.512674054,"data":"BIOHUB_RETENTION_GUARD {\"blended_candidates\": 64, \"dataset\": \"6bba_062c8d37\", \"frame\": 84, \"minimum_retention\": 0.9, \"primary_candidates\": 73, \"retention\": 0.8767123287671232, \"use_primary\": true}\n"}
,{"stream_name":"stdout","time":1032.314814768,"data":"Saved 2 predictions to /kaggle/working/tracking_repo/predictions/unknown/unet_transformer_val_gpu0/split_0\n"}
,{"stream_name":"stdout","time":1032.534267059,"data":"Saved 2 predictions to /kaggle/working/tracking_repo/predictions/unknown/unet_transformer_val_gpu0/split_0\n"}
,{"stream_name":"stdout","time":1035.854686645,"data":"Saved 2 predictions to /kaggle/working/tracking_repo/predictions/unknown/unet_transformer_val_gpu1/split_0\n"}
,{"stream_name":"stdout","time":1036.057291067,"data":"Saved 2 predictions to /kaggle/working/tracking_repo/predictions/unknown/unet_transformer_val_gpu1/split_0\n"}
,{"stream_name":"stdout","time":1037.865979931,"data":"VALIDATOR: merged 4 prediction graphs into /kaggle/working/tracking_repo/predictions/unknown/unet_transformer_val/split_0\n"}
,{"stream_name":"stdout","time":1037.866022039,"data":"VALIDATOR: prediction completed in 8.25 minutes\n"}
,{"stream_name":"stdout","time":1038.066599238,"data":"Post-process base configuration (public 0.939):\n"}
,{"stream_name":"stdout","time":1038.066638466,"data":"  SAFE_DIV_MAX_UM                          9.0\n"}
,{"stream_name":"stdout","time":1038.066645362,"data":"  SAFE_DIV_SISTER_MAX_UM                   14.0\n"}
,{"stream_name":"stdout","time":1038.06665096,"data":"  SAFE_DIV_DIVERGE_UM                      2.25\n"}
,{"stream_name":"stdout","time":1038.066656518,"data":"  SAFE_DIV_SISTER_SYMMETRY_TAU             0.6\n"}
,{"stream_name":"stdout","time":1038.066661882,"data":"  SAFE_DIV_EXISTING_CHILD_MAX_UM           10.0\n"}
,{"stream_name":"stdout","time":1038.066666828,"data":"  SAFE_DIV_FRAME_FRAC_CAP                  0.0076\n"}
,{"stream_name":"stdout","time":1038.06667191,"data":"  SAFE_DIV_GLOBAL_FRAC_CAP                 0.00375\n"}
,{"stream_name":"stdout","time":1038.066676775,"data":"  DEEPCENTER_SAFE_DIV_THRESHOLD            0.25\n"}
,{"stream_name":"stdout","time":1038.06668233,"data":"  DEEPCENTER_GAP_THRESHOLD                 0.25\n"}
,{"stream_name":"stdout","time":1038.066687753,"data":"  GAP_CLOSE_UM                             5.0\n"}
,{"stream_name":"stdout","time":1038.066693053,"data":"  OUTPUT_MIN_TRACK_LEN                     6\n"}
,{"stream_name":"stdout","time":1038.066698313,"data":"  SHORT_TRACK_RESCUE_MIN_MEAN_EDGE_PROB    0.88\n"}
,{"stream_name":"stdout","time":1038.066703819,"data":"  MOTION_RELINK_TIGHT_UM                   6.0\n"}
,{"stream_name":"stdout","time":1038.06670923,"data":"  MOTION_RELINK_RELAXED_UM                 10.0\n"}
,{"stream_name":"stdout","time":1038.066714681,"data":"  GAP2_MAX_STEP_UM                         4.4\n"}
,{"stream_name":"stdout","time":1038.066719768,"data":"  GAP2_MAX_TOTAL_UM                        10.2\n"}
,{"stream_name":"stdout","time":1038.066724605,"data":"  MOTION_RELINK_LEARNED_BONUS              1.0\n"}
,{"stream_name":"stdout","time":1038.066746573,"data":"  MOTION_RELINK_VELOCITY_WEIGHT            0.5\n"}
,{"stream_name":"stdout","time":1038.06675119,"data":"  GAP_CLOSE_REUSE_UM                       3.2\n"}
,{"stream_name":"stdout","time":1038.066755025,"data":"  OUTPUT_EDGE_MAX_UM                       14.0\n"}
,{"stream_name":"stdout","time":1040.380903242,"data":"VALIDATOR: cached 4 raw prediction graphs + GT\n"}
,{"stream_name":"stdout","time":1040.380943437,"data":"EXP019: legacy four-video proxy execution disabled; formal comparison uses patched scorer.\n"}
,{"stream_name":"stdout","time":1144.052633778,"data":"EXP019 official patched scorer: /kaggle/input/datasets/dalloliogm/biohub-official-scorer-patched/tracking_cellmot_075fc5f/src/tracking_cellmot/metrics.py\n"}
,{"stream_name":"stdout","time":1144.052682568,"data":"==============================================================================\n"}
,{"stream_name":"stdout","time":1144.052708188,"data":"EXP019 strategy: off\n"}
,{"stream_name":"stdout","time":1207.960927622,"data":"  [44b6_12dfb391] after edge-filter+motion-relink: 43023 nodes, 40753 edges\n"}
,{"stream_name":"stdout","time":1208.946216778,"data":"DEEPCENTER_TTA_ACTIVE views= 8 mean_abs_logit_delta= 0.132016\n"}
,{"stream_name":"stdout","time":1222.513556708,"data":"  [44b6_12dfb391] after gap-closing (single-frame + gap2): 43647 nodes, 41924 edges\n"}
,{"stream_name":"stdout","time":1248.556385656,"data":"  [44b6_12dfb391] after safe-division repair: 43647 nodes, 41941 edges (geometric_candidates=156, deepcenter_rejected=139, post_veto_candidates=17, added=17, cap_skipped=0, mutual_nn_rejected=52, divergence_rejected=1456)\n"}
,{"stream_name":"stdout","time":1248.556425394,"data":"  [44b6_12dfb391] after division-geometry-filter+prune-isolated: 43634 nodes, 41941 edges\n"}
,{"stream_name":"stdout","time":1248.556433392,"data":"  [44b6_12dfb391] after short-track filtering: 42491 nodes, 41058 edges (components_removed=260)\n"}
,{"stream_name":"stdout","time":1258.613474838,"data":"  [44b6_12dfb391] FINAL: 42491 nodes, 41058 edges\n"}
,{"stream_name":"stdout","time":1276.002875395,"data":"  [44b6_267148e4] after edge-filter+motion-relink: 21654 nodes, 20311 edges\n"}
,{"stream_name":"stdout","time":1288.222500259,"data":"  [44b6_267148e4] after gap-closing (single-frame + gap2): 21914 nodes, 20786 edges\n"}
,{"stream_name":"stdout","time":1313.924913717,"data":"  [44b6_267148e4] after safe-division repair: 21914 nodes, 20805 edges (geometric_candidates=193, deepcenter_rejected=170, post_veto_candidates=23, added=19, cap_skipped=0, mutual_nn_rejected=110, divergence_rejected=943)\n"}
,{"stream_name":"stdout","time":1313.924967331,"data":"  [44b6_267148e4] after division-geometry-filter+prune-isolated: 21866 nodes, 20805 edges\n"}
,{"stream_name":"stdout","time":1313.924985889,"data":"  [44b6_267148e4] after short-track filtering: 21056 nodes, 20191 edges (components_removed=196)\n"}
,{"stream_name":"stdout","time":1318.918221951,"data":"  [44b6_267148e4] FINAL: 21056 nodes, 20191 edges\n"}
,{"stream_name":"stdout","time":1320.51507625,"data":"  [6bba_062c8d37] after edge-filter+motion-relink: 5983 nodes, 5626 edges\n"}
,{"stream_name":"stdout","time":1321.801008726,"data":"  [6bba_062c8d37] after gap-closing (single-frame + gap2): 6032 nodes, 5717 edges\n"}
,{"stream_name":"stdout","time":1325.616478184,"data":"  [6bba_062c8d37] after safe-division repair: 6032 nodes, 5721 edges (geometric_candidates=13, deepcenter_rejected=9, post_veto_candidates=4, added=4, cap_skipped=0, mutual_nn_rejected=3, divergence_rejected=67)\n"}
,{"stream_name":"stdout","time":1325.61651656,"data":"  [6bba_062c8d37] after division-geometry-filter+prune-isolated: 6001 nodes, 5721 edges\n"}
,{"stream_name":"stdout","time":1325.616543002,"data":"  [6bba_062c8d37] after short-track filtering: 5840 nodes, 5606 edges (components_removed=46)\n"}
,{"stream_name":"stdout","time":1326.941763358,"data":"  [6bba_062c8d37] FINAL: 5840 nodes, 5606 edges\n"}
,{"stream_name":"stdout","time":1348.673882376,"data":"  [6bba_07e24132] after edge-filter+motion-relink: 24825 nodes, 23382 edges\n"}
,{"stream_name":"stdout","time":1359.558612954,"data":"  [6bba_07e24132] after gap-closing (single-frame + gap2): 25148 nodes, 23972 edges\n"}
,{"stream_name":"stdout","time":1375.448132438,"data":"  [6bba_07e24132] after safe-division repair: 25148 nodes, 23978 edges (geometric_candidates=87, deepcenter_rejected=80, post_veto_candidates=7, added=6, cap_skipped=0, mutual_nn_rejected=53, divergence_rejected=833)\n"}
,{"stream_name":"stdout","time":1375.448184834,"data":"  [6bba_07e24132] after division-geometry-filter+prune-isolated: 25137 nodes, 23978 edges\n"}
,{"stream_name":"stdout","time":1375.448194069,"data":"  [6bba_07e24132] after short-track filtering: 24187 nodes, 23246 edges (components_removed=218)\n"}
,{"stream_name":"stdout","time":1381.135398257,"data":"  [6bba_07e24132] FINAL: 24187 nodes, 23246 edges\n"}
,{"stream_name":"stdout","time":1381.701271421,"data":"44b6_12dfb391: 42491 nodes, 41058 edges -\u003e /kaggle/working/focus_strategy_off_geffs/44b6_12dfb391.geff\n"}
,{"stream_name":"stdout","time":1381.926581513,"data":"44b6_267148e4: 21056 nodes, 20191 edges -\u003e /kaggle/working/focus_strategy_off_geffs/44b6_267148e4.geff\n"}
,{"stream_name":"stdout","time":1381.926626038,"data":"6bba_062c8d37: 5840 nodes, 5606 edges -\u003e /kaggle/working/focus_strategy_off_geffs/6bba_062c8d37.geff\n"}
,{"stream_name":"stdout","time":1382.307508005,"data":"6bba_07e24132: 24187 nodes, 23246 edges -\u003e /kaggle/working/focus_strategy_off_geffs/6bba_07e24132.geff\n"}
,{"stream_name":"stdout","time":1382.307556213,"data":"\n"}
,{"stream_name":"stdout","time":1382.307561415,"data":"Wrote 4 geffs to /kaggle/working/focus_strategy_off_geffs\n"}
,{"stream_name":"stdout","time":1382.307565649,"data":"4 datasets in both pred and GT (of 4 pred / 199 GT)\n"}
,{"stream_name":"stdout","time":1384.87763083,"data":"  44b6_12dfb391: edge TP/FP/FN=744/38/29 div TP/FP/FN=0/0/1 n_pred=42491\n"}
,{"stream_name":"stdout","time":1386.438200908,"data":"  44b6_267148e4: edge TP/FP/FN=253/40/24 div TP/FP/FN=0/0/1 n_pred=21056\n"}
,{"stream_name":"stdout","time":1387.370604718,"data":"  6bba_062c8d37: edge TP/FP/FN=887/7/11 div TP/FP/FN=1/0/0 n_pred=5840\n"}
,{"stream_name":"stdout","time":1389.591393309,"data":"  6bba_07e24132: edge TP/FP/FN=307/21/38 div TP/FP/FN=0/0/2 n_pred=24187\n"}
,{"stream_name":"stdout","time":1389.59142442,"data":"OFFICIAL SUMMARY {'mode': 'off', 'n': 4, 'edge_jaccard': 0.913297207169654, 'division_jaccard': 0.2, 'division_tp': 1, 'division_fp': 0, 'division_fn': 4, 'node_recall': 0.9781812155797549, 'adj_edge_jaccard': 0.9203440402335871, 'n_adj': 4, 'score': 0.9403440402335871, 'focus_checked': 0, 'focus_accepted': 0, 'focus_veto_removed': 0, 'focus_frames_loaded': 0}\n"}
,{"stream_name":"stdout","time":1389.594365326,"data":"EXP019 official CV complete; no second test pass and no submission.csv.\n"}
,{"stream_name":"stdout","time":1389.629599093,"data":"==============================================================================\n"}
,{"stream_name":"stdout","time":1389.629636078,"data":"PIPELINE MANIFEST -- resolved state, not just config\n"}
,{"stream_name":"stdout","time":1389.62964235,"data":"==============================================================================\n"}
,{"stream_name":"stdout","time":1389.629649172,"data":"Dual-seed ensemble:      requested=True  weights_found=True\n"}
,{"stream_name":"stdout","time":1389.629655225,"data":"Bidirectional fusion:    weight=0.15  active=True  mode=harmonic_probability\n"}
,{"stream_name":"stdout","time":1389.629676784,"data":"DeepCenter veto:         requested=True  loaded=True\n"}
,{"stream_name":"stdout","time":1389.629681976,"data":"  - checkpoint file:     /kaggle/input/datasets/pilkwang/biohub-deepcenter-unet3d-center-prior-v1/weights/full_frame_center/best.pt\n"}
,{"stream_name":"stdout","time":1389.629687352,"data":"  - expected epoch:      2\n"}
,{"stream_name":"stdout","time":1389.629692396,"data":"  - gap veto:            True\n"}
,{"stream_name":"stdout","time":1389.629696944,"data":"  - safe-div veto:       True\n"}
,{"stream_name":"stdout","time":1389.629701519,"data":"Safe-div thresholds:     parent\u003c=9.0um  sister\u003c=14.0um  global_cap=0.00375  frame_cap=0.0076\n"}
,{"stream_name":"stdout","time":1389.62970697,"data":"Validator:               enabled=True  held_out_samples=4  match_radius=7.0um\n"}
,{"stream_name":"stdout","time":1389.629711733,"data":"==============================================================================\n"}
,{"stream_name":"stdout","time":1389.629716576,"data":"EXP019 design: same four complete movies and raw predictions across all arms\n"}
,{"stream_name":"stdout","time":1389.629721291,"data":"EXP019 arms: ['off']\n"}
,{"stream_name":"stdout","time":1389.629725174,"data":"EXP019 formal metric: patched official scorer; legacy proxy not used for ranking\n"}
,{"stream_name":"stdout","time":1389.629729943,"data":"FOCUS cached inference calls: 0 error: None\n"}
,{"stream_name":"stdout","time":1389.629735148,"data":"EXP019 mode: official-CV-only validation; test submission generation is intentionally absent.\n"}
,{"stream_name":"stderr","time":1396.075826898,"data":"/usr/local/lib/python3.12/dist-packages/mistune.py:435: SyntaxWarning: invalid escape sequence '\\|'\n"}
,{"stream_name":"stderr","time":1396.075864957,"data":"  cells[i][c] = re.sub('\\\\\\\\\\|', '|', cell)\n"}
,{"stream_name":"stderr","time":1396.246485962,"data":"/usr/local/lib/python3.12/dist-packages/nbconvert/filters/filter_links.py:36: SyntaxWarning: invalid escape sequence '\\_'\n"}
,{"stream_name":"stderr","time":1396.246516021,"data":"  text = re.sub(r'_', '\\_', text) # Escape underscores in display text\n"}
,{"stream_name":"stderr","time":1397.072396543,"data":"[NbConvertApp] Converting notebook __notebook__.ipynb to notebook\n"}
,{"stream_name":"stderr","time":1397.467896732,"data":"[NbConvertApp] Writing 319524 bytes to __notebook__.ipynb\n"}
,{"stream_name":"stderr","time":1400.51868499,"data":"[NbConvertApp] Converting notebook __notebook__.ipynb to html\n"}
,{"stream_name":"stderr","time":1402.379012488,"data":"[NbConvertApp] Writing 1243269 bytes to __results__.html\n"}
]