[{"stream_name":"stderr","time":5.440426407,"data":"/usr/local/lib/python3.12/dist-packages/nbformat/__init__.py:96: MissingIDFieldWarning: Cell is missing an id field, this will become a hard error in future nbformat versions. You may want to use `normalize()` on your notebooks before validations (available since nbformat 5.1.4). Previous versions of nbformat are fixing this issue transparently, and will stop doing so in the future.\n"}
,{"stream_name":"stderr","time":5.440515353,"data":"  validate(nb)\n"}
,{"stream_name":"stderr","time":6.177106921,"data":"0.00s - Debugger warning: It seems that frozen modules are being used, which may\n"}
,{"stream_name":"stderr","time":6.177149047,"data":"0.00s - make the debugger miss breakpoints. Please pass -Xfrozen_modules=off\n"}
,{"stream_name":"stderr","time":6.177154416,"data":"0.00s - to python to disable frozen modules.\n"}
,{"stream_name":"stderr","time":6.177170435,"data":"0.00s - Note: Debugging will proceed. Set PYDEVD_DISABLE_FILE_VALIDATION=1 to disable this validation.\n"}
,{"stream_name":"stderr","time":6.739278749,"data":"0.00s - Debugger warning: It seems that frozen modules are being used, which may\n"}
,{"stream_name":"stderr","time":6.739310539,"data":"0.00s - make the debugger miss breakpoints. Please pass -Xfrozen_modules=off\n"}
,{"stream_name":"stderr","time":6.739315628,"data":"0.00s - to python to disable frozen modules.\n"}
,{"stream_name":"stderr","time":6.739319445,"data":"0.00s - Note: Debugging will proceed. Set PYDEVD_DISABLE_FILE_VALIDATION=1 to disable this validation.\n"}
,{"stream_name":"stdout","time":363.123328745,"data":"my own probes of the public 0.941 configuration, one environment variable at a time\n"}
,{"stream_name":"stdout","time":363.123379137,"data":"\n"}
,{"stream_name":"stdout","time":363.123383373,"data":"                                 variable value_in_0941 value_probed                                                   kernel  submission       date  public_score delta_vs_0941\n"}
,{"stream_name":"stdout","time":363.123387099,"data":"(none, the published 0.941 configuration)           NaN          NaN                                    busyaprime/bh-run-941    56053023 2026-09-06         0.941          base\n"}
,{"stream_name":"stdout","time":363.123390594,"data":"                     BIOHUB_DET_THRESHOLD         0.965         0.96                                 busyaprime/bh-run-det096    56053765 2026-09-06         0.942        +0.001\n"}
,{"stream_name":"stdout","time":363.123394278,"data":"                     BIOHUB_DET_THRESHOLD         0.965         0.94                                 busyaprime/bh-run-det094    56060188 2026-09-06         0.938        -0.003\n"}
,{"stream_name":"stdout","time":363.123397856,"data":"               BIOHUB_SECONDARY_LINK_MODE        static     adaptive                                  busyaprime/bh-run-adapt    56060190 2026-09-06         0.941        +0.000\n"}
,{"stream_name":"stdout","time":363.123401147,"data":"                     BIOHUB_DET_THRESHOLD         0.965         0.95                                 busyaprime/bh-run-det095    56064970 2026-09-07         0.940        -0.001\n"}
,{"stream_name":"stdout","time":363.123404427,"data":"          BIOHUB_DEEPCENTER_GAP_THRESHOLD          0.25         0.35                                 busyaprime/bh-run-gap035    56064989 2026-09-07         0.941        +0.000\n"}
,{"stream_name":"stdout","time":363.123407741,"data":"          BIOHUB_DUAL_SEED_EDGE_THRESHOLD          0.48         0.42                                busyaprime/bh-run-dual042    56065638 2026-09-07         0.941        +0.000\n"}
,{"stream_name":"stdout","time":363.12341098,"data":"             BIOHUB_SECONDARY_EDGE_WEIGHT          0.15         0.25                                 busyaprime/bh-run-sec025    56065642 2026-09-07         0.942        +0.001\n"}
,{"stream_name":"stdout","time":363.123423534,"data":"                     BIOHUB_DET_THRESHOLD         0.965         0.96 busyaprime/biohub-0-942-lb-one-knob-past-the-public-line    56066524 2026-09-07         0.942        +0.001\n"}
,{"stream_name":"stdout","time":363.123426599,"data":"\n"}
,{"stream_name":"stdout","time":363.123429015,"data":"BIOHUB_DET_THRESHOLD: the public 0.941 configuration sets 0.965, the code default is 0.99; first set to that value by stephennedumpally/pls-upvote-share-higher-scoring-ideas on 2026-08-24\n"}
,{"stream_name":"stdout","time":363.123433884,"data":"public single-knob steps recorded on this variable anywhere on the lineage: 5\n"}
,{"stream_name":"stdout","time":363.123436428,"data":"best scored probe: BIOHUB_DET_THRESHOLD = 0.96 at 0.942 (submission 56053765)\n"}
,{"stream_name":"stdout","time":363.159104331,"data":"BIOHUB_PRESET: harmonic_v3_division_wide\n"}
,{"stream_name":"stdout","time":363.15913012,"data":"BIOHUB_SCORE_AXIS: public 0.940 base + {\"BIOHUB_DEEPCENTER_SAFE_DIV_THRESHOLD\": \"0.25\", \"BIOHUB_GAP_CLOSE_UM\": \"5.0\"}\n"}
,{"stream_name":"stdout","time":363.18067771,"data":"Configuration guard: PASS\n"}
,{"stream_name":"stdout","time":363.180702901,"data":"Baseline: fixed-90 dual-seed clean pipeline (public LB 0.913)\n"}
,{"stream_name":"stdout","time":363.18070933,"data":"Single model-level change: harmonic mutual-support association fusion\n"}
,{"stream_name":"stdout","time":363.180714148,"data":"Reverse-time association weight: 0.200\n"}
,{"stream_name":"stdout","time":363.221876334,"data":"Biohub learned UNet + node-transformer + ILP submission\n"}
,{"stream_name":"stdout","time":363.221897067,"data":"COMP_DIR: /kaggle/input/competitions/biohub-cell-tracking-during-development exists: True\n"}
,{"stream_name":"stdout","time":363.221915247,"data":"TEST_DIR: /kaggle/input/competitions/biohub-cell-tracking-during-development/test exists: True\n"}
,{"stream_name":"stdout","time":363.221919389,"data":"{\n"}
,{"stream_name":"stdout","time":363.221923418,"data":"  \"adaptive_short_track_rescue\": true,\n"}
,{"stream_name":"stdout","time":363.221927302,"data":"  \"allow_artifact_fallback\": false,\n"}
,{"stream_name":"stdout","time":363.221931343,"data":"  \"allow_pip_install\": false,\n"}
,{"stream_name":"stdout","time":363.221935387,"data":"  \"deepcenter_checkpoint_default\": \"/kaggle/input/biohub-deepcenter-unet3d-center-prior-v1/weights/full_frame_center/best.pt\",\n"}
,{"stream_name":"stdout","time":363.221939772,"data":"  \"deepcenter_expected_epoch\": 2,\n"}
,{"stream_name":"stdout","time":363.221943376,"data":"  \"deepcenter_gap_add_gate\": true,\n"}
,{"stream_name":"stdout","time":363.221946887,"data":"  \"deepcenter_gap_confirm_min_span_um\": 8.5,\n"}
,{"stream_name":"stdout","time":363.221950518,"data":"  \"deepcenter_gap_threshold\": 0.25,\n"}
,{"stream_name":"stdout","time":363.221957903,"data":"  \"deepcenter_safe_div_add_gate\": true,\n"}
,{"stream_name":"stdout","time":363.221960472,"data":"  \"deepcenter_safe_div_threshold\": 0.25,\n"}
,{"stream_name":"stdout","time":363.221962952,"data":"  \"det_threshold\": 0.96,\n"}
,{"stream_name":"stdout","time":363.221965271,"data":"  \"div_drop_to_single_if_bad\": true,\n"}
,{"stream_name":"stdout","time":363.221967598,"data":"  \"div_parent_max_um\": 10.5,\n"}
,{"stream_name":"stdout","time":363.221970089,"data":"  \"div_sister_max_um\": 8.0,\n"}
,{"stream_name":"stdout","time":363.221972412,"data":"  \"experiment_tag\": \"selected_101_dual_seed_near_balanced_center_confirmed_synthetic_gap\",\n"}
,{"stream_name":"stdout","time":363.221975079,"data":"  \"gap2_frame_frac_cap\": 0.006,\n"}
,{"stream_name":"stdout","time":363.221986644,"data":"  \"gap2_max_links_abs\": 180,\n"}
,{"stream_name":"stdout","time":363.221989185,"data":"  \"gap2_max_links_frac\": 0.0045,\n"}
,{"stream_name":"stdout","time":363.221991596,"data":"  \"gap2_max_step_um\": 4.4,\n"}
,{"stream_name":"stdout","time":363.221993945,"data":"  \"gap2_max_total_um\": 10.2,\n"}
,{"stream_name":"stdout","time":363.221996345,"data":"  \"gap2_require_context\": true,\n"}
,{"stream_name":"stdout","time":363.221999532,"data":"  \"gap_close_effective_max_gap\": 1,\n"}
,{"stream_name":"stdout","time":363.222013105,"data":"  \"gap_close_max_added_abs\": 2000,\n"}
,{"stream_name":"stdout","time":363.222017069,"data":"  \"gap_close_max_added_frac\": 0.05,\n"}
,{"stream_name":"stdout","time":363.222021207,"data":"  \"gap_close_max_gap\": 2,\n"}
,{"stream_name":"stdout","time":363.222025167,"data":"  \"gap_close_reuse_existing\": true,\n"}
,{"stream_name":"stdout","time":363.222029223,"data":"  \"gap_close_reuse_um\": 3.2,\n"}
,{"stream_name":"stdout","time":363.222033408,"data":"  \"gap_close_um\": 5.0,\n"}
,{"stream_name":"stdout","time":363.22203676,"data":"  \"gap_density_adaptive\": true,\n"}
,{"stream_name":"stdout","time":363.222040234,"data":"  \"gap_density_gain\": 0.04,\n"}
,{"stream_name":"stdout","time":363.222043713,"data":"  \"gap_density_max_step_delta_um\": 0.125,\n"}
,{"stream_name":"stdout","time":363.222047152,"data":"  \"gap_density_neighbors\": 3,\n"}
,{"stream_name":"stdout","time":363.222050623,"data":"  \"gap_density_reference_um\": 6.5,\n"}
,{"stream_name":"stdout","time":363.222054052,"data":"  \"gap_refine_max_shift_um\": 3.2,\n"}
,{"stream_name":"stdout","time":363.222061663,"data":"  \"gap_refine_synthetic\": true,\n"}
,{"stream_name":"stdout","time":363.222064562,"data":"  \"gap_refine_win_yx\": 3,\n"}
,{"stream_name":"stdout","time":363.222066877,"data":"  \"gap_refine_win_z\": 1,\n"}
,{"stream_name":"stdout","time":363.222069194,"data":"  \"ilp_appearance_weight\": 0.0,\n"}
,{"stream_name":"stdout","time":363.222071553,"data":"  \"ilp_disappearance_weight\": 2.0,\n"}
,{"stream_name":"stdout","time":363.222073842,"data":"  \"ilp_division_weight\": 1.2,\n"}
,{"stream_name":"stdout","time":363.22208172,"data":"  \"ilp_edge_weight\": -1.0,\n"}
,{"stream_name":"stdout","time":363.222084563,"data":"  \"method\": \"unet_transformer\",\n"}
,{"stream_name":"stdout","time":363.222087011,"data":"  \"motion_relink_learned_bonus\": 1.0,\n"}
,{"stream_name":"stdout","time":363.222089352,"data":"  \"motion_relink_max_frame_nodes\": 2600,\n"}
,{"stream_name":"stdout","time":363.222091673,"data":"  \"motion_relink_relaxed_um\": 10.0,\n"}
,{"stream_name":"stdout","time":363.222094026,"data":"  \"motion_relink_tight_um\": 6.0,\n"}
,{"stream_name":"stdout","time":363.222097,"data":"  \"motion_relink_velocity_weight\": 0.5,\n"}
,{"stream_name":"stdout","time":363.222109052,"data":"  \"output_division_geometry_filter\": false,\n"}
,{"stream_name":"stdout","time":363.222113488,"data":"  \"output_edge_max_um\": 14.0,\n"}
,{"stream_name":"stdout","time":363.222118908,"data":"  \"output_enforce_next_frame\": true,\n"}
,{"stream_name":"stdout","time":363.222123031,"data":"  \"output_filter_short_tracks\": true,\n"}
,{"stream_name":"stdout","time":363.222126578,"data":"  \"output_gap2_recovery\": true,\n"}
,{"stream_name":"stdout","time":363.222129995,"data":"  \"output_gap_close\": true,\n"}
,{"stream_name":"stdout","time":363.222133384,"data":"  \"output_keep_division_components\": true,\n"}
,{"stream_name":"stdout","time":363.222136802,"data":"  \"output_linefit_smooth\": true,\n"}
,{"stream_name":"stdout","time":363.22214024,"data":"  \"output_linefit_weight\": 0.8,\n"}
,{"stream_name":"stdout","time":363.22214752,"data":"  \"output_linefit_window\": 2,\n"}
,{"stream_name":"stdout","time":363.222151023,"data":"  \"output_min_track_len\": 6,\n"}
,{"stream_name":"stdout","time":363.222174112,"data":"  \"output_motion_relink\": true,\n"}
,{"stream_name":"stdout","time":363.222181403,"data":"  \"output_prune_isolated\": true,\n"}
,{"stream_name":"stdout","time":363.222185273,"data":"  \"output_safe_divisions\": true,\n"}
,{"stream_name":"stdout","time":363.222188638,"data":"  \"output_single_child_repair\": false,\n"}
,{"stream_name":"stdout","time":363.222191969,"data":"  \"output_single_parent_repair\": true,\n"}
,{"stream_name":"stdout","time":363.222195513,"data":"  \"primary_artifact_manifest\": \"/kaggle/input/datasets/pilkwang/biohub-tracking-support-pack-50ep-v1/ARTIFACT_MANIFEST.json\",\n"}
,{"stream_name":"stdout","time":363.222199261,"data":"  \"safe_div_existing_child_max_um\": 10.0,\n"}
,{"stream_name":"stdout","time":363.222202643,"data":"  \"safe_div_frame_frac_cap\": 0.0076,\n"}
,{"stream_name":"stdout","time":363.222205987,"data":"  \"safe_div_global_frac_cap\": 0.00375,\n"}
,{"stream_name":"stdout","time":363.222209482,"data":"  \"safe_div_max_um\": 9.0,\n"}
,{"stream_name":"stdout","time":363.222213258,"data":"  \"safe_div_sister_max_um\": 14.0,\n"}
,{"stream_name":"stdout","time":363.222216655,"data":"  \"short_track_rescue_max_mean_edge_dist_um\": 3.0,\n"}
,{"stream_name":"stdout","time":363.222223848,"data":"  \"short_track_rescue_max_nodes_abs\": 120,\n"}
,{"stream_name":"stdout","time":363.222226649,"data":"  \"short_track_rescue_max_nodes_frac\": 0.012,\n"}
,{"stream_name":"stdout","time":363.222229022,"data":"  \"short_track_rescue_min_len\": 4,\n"}
,{"stream_name":"stdout","time":363.22223132,"data":"  \"short_track_rescue_min_mean_edge_prob\": 0.88,\n"}
,{"stream_name":"stdout","time":363.22223367,"data":"  \"short_track_rescue_trigger_removed_frac\": 0.1,\n"}
,{"stream_name":"stdout","time":363.222236034,"data":"  \"slice\": \"\",\n"}
,{"stream_name":"stdout","time":363.222238534,"data":"  \"target_artifact_slug\": \"biohub-tracking-support-pack-50ep-v1\",\n"}
,{"stream_name":"stdout","time":363.222250554,"data":"  \"unet_batch_size\": 4,\n"}
,{"stream_name":"stdout","time":363.222254563,"data":"  \"use_deepcenter_add_only_gate\": true,\n"}
,{"stream_name":"stdout","time":363.222258637,"data":"  \"use_ilp\": true,\n"}
,{"stream_name":"stdout","time":363.222262543,"data":"  \"weights\": \"weights/unet_transformer/split_0/edge_predictor_best.pth\"\n"}
,{"stream_name":"stdout","time":363.22227068,"data":"}\n"}
,{"stream_name":"stdout","time":363.39071755,"data":"ARTIFACTS: /kaggle/input/datasets/pilkwang/biohub-tracking-support-pack-50ep-v1\n"}
,{"stream_name":"stdout","time":363.390751151,"data":"Has offline wheels: True\n"}
,{"stream_name":"stdout","time":363.390754977,"data":"Artifact name: biohub-tracking-support-pack-400ep-snapshot-v1\n"}
,{"stream_name":"stdout","time":363.39075783,"data":"Weight sha256: 12f6881ee3620a831697ca098ff8f48e687a24225f4e048b538deec3562fe771\n"}
,{"stream_name":"stdout","time":363.390760464,"data":"Weight path: weights/unet_transformer/split_0/edge_predictor_best.pth\n"}
,{"stream_name":"stdout","time":364.075234792,"data":"Installing missing packages from offline package dirs: ['polars']\n"}
,{"stream_name":"stdout","time":364.075268795,"data":"Dependency resolver is disabled with --no-deps to avoid replacing Kaggle numpy/scipy in a live kernel.\n"}
,{"stream_name":"stdout","time":364.075272721,"data":"Offline package dirs: ['/kaggle/input/datasets/pilkwang/biohub-tracking-support-pack-50ep-v1/wheels']\n"}
,{"stream_name":"stdout","time":370.373929862,"data":"Offline dependency install succeeded.\n"}
,{"stream_name":"stdout","time":370.373983955,"data":"Installing missing packages from offline package dirs: ['tracksdata', 'zarr', 'pyscipopt', 'geff', 'geff_spec', 'ilpy', 'imagecodecs', 'rustworkx', 'numcodecs', 'donfig', 'bidict']\n"}
,{"stream_name":"stdout","time":370.373990676,"data":"Dependency resolver is disabled with --no-deps to avoid replacing Kaggle numpy/scipy in a live kernel.\n"}
,{"stream_name":"stdout","time":370.373995378,"data":"Offline package dirs: ['/kaggle/input/datasets/pilkwang/biohub-tracking-support-pack-50ep-v1/wheels']\n"}
,{"stream_name":"stdout","time":391.011221473,"data":"Offline dependency install succeeded.\n"}
,{"stream_name":"stderr","time":397.804403819,"data":"/usr/local/lib/python3.12/dist-packages/dask/array/image.py:7: FutureWarning: `find_available_plugins` is deprecated since version 0.25 and will be removed in version 0.27. The plugin infrastructure of `skimage.io` is deprecated. Instead, use `imageio` or other I/O packages directly.\n"}
,{"stream_name":"stderr","time":397.80442847,"data":"  from skimage.io import imread as sk_imread\n"}
,{"stream_name":"stderr","time":397.804432611,"data":"/usr/lib/python3.12/importlib/__init__.py:90: FutureWarning: `reset_plugins` is deprecated since version 0.25 and will be removed in version 0.27. The plugin infrastructure of `skimage.io` is deprecated. Instead, use `imageio` or other I/O packages directly.\n"}
,{"stream_name":"stderr","time":397.804437121,"data":"  return _bootstrap._gcd_import(name[level:], package, level)\n"}
,{"stream_name":"stderr","time":397.804453679,"data":"\n"}
,{"stream_name":"stderr","time":397.804459024,"data":"/usr/local/lib/python3.12/dist-packages/dask/array/image.py:7: FutureWarning: `find_available_plugins` is deprecated since version 0.25 and will be removed in version 0.27. The plugin infrastructure of `skimage.io` is deprecated. Instead, use `imageio` or other I/O packages directly.\n"}
,{"stream_name":"stderr","time":397.804464876,"data":"  from skimage.io import imread as sk_imread\n"}
,{"stream_name":"stderr","time":397.804470201,"data":"/usr/lib/python3.12/importlib/__init__.py:90: FutureWarning: `reset_plugins` is deprecated since version 0.25 and will be removed in version 0.27. The plugin infrastructure of `skimage.io` is deprecated. Instead, use `imageio` or other I/O packages directly.\n"}
,{"stream_name":"stderr","time":397.804476183,"data":"  return _bootstrap._gcd_import(name[level:], package, level)\n"}
,{"stream_name":"stdout","time":397.995288601,"data":"Required graph/Zarr/ILP packages import successfully.\n"}
,{"stream_name":"stdout","time":397.995326467,"data":"Inference repo: /kaggle/working/tracking_repo\n"}
,{"stream_name":"stdout","time":397.995330737,"data":"Weights: /kaggle/working/tracking_repo/weights/unet_transformer/split_0/edge_predictor_best.pth\n"}
,{"stream_name":"stdout","time":399.179828264,"data":"Support repo Python manifest SHA256: 978b626d1fd1e7397435a437dfe68691defe1572fc3c20e61012d7c9b52ed029\n"}
,{"stream_name":"stdout","time":399.179858951,"data":"Primary materialized SHA256: 12f6881ee3620a831697ca098ff8f48e687a24225f4e048b538deec3562fe771\n"}
,{"stream_name":"stdout","time":399.179865789,"data":"DeepCenter materialized SHA256: 8040999a92f6b7bbd98fa8cf458141e045c0f9ad7c936bdb3b18e1f7edafe2a0\n"}
,{"stream_name":"stdout","time":466.22360068,"data":"Secondary artifact: /kaggle/input/datasets/pilkwang/biohub-temporal-unet3d-seed314159-v1\n"}
,{"stream_name":"stdout","time":466.223643232,"data":"Secondary weight: /kaggle/working/secondary_seed_weights/unet_transformer/split_0/edge_predictor_best.pth\n"}
,{"stream_name":"stdout","time":466.223649843,"data":"Secondary SHA256: 9bac2fa0dadc4a6fc1899e0caf187f4b553e0a7cd90ba1261a68b35ffe9e305f\n"}
,{"stream_name":"stdout","time":466.223663822,"data":"Secondary edge-logit weight: 0.15\n"}
,{"stream_name":"stdout","time":466.22366775,"data":"Runtime integrity receipt: /kaggle/working/bidirectional_production_runtime_integrity.json\n"}
,{"stream_name":"stdout","time":470.085140488,"data":"CUDA device: Tesla T4\n"}
,{"stream_name":"stdout","time":470.085306434,"data":"TTA patch applied (400ep spatial D4-style)\n"}
,{"stream_name":"stdout","time":470.08531215,"data":"Calibrated dual-seed runtime patch applied\n"}
,{"stream_name":"stdout","time":470.085315924,"data":"Frozen frame retention guard applied at 0.90\n"}
,{"stream_name":"stderr","time":473.49741543,"data":"Traceback (most recent call last):\n"}
,{"stream_name":"stderr","time":473.497444627,"data":"  File \"\u003cstring\u003e\", line 1, in \u003cmodule\u003e\n"}
,{"stream_name":"stderr","time":473.497450023,"data":"  File \"/usr/local/lib/python3.12/dist-packages/papermill/execute.py\", line 131, in execute_notebook\n"}
,{"stream_name":"stderr","time":473.497582392,"data":"    raise_for_execution_errors(nb, output_path)\n"}
,{"stream_name":"stderr","time":473.497611433,"data":"  File \"/usr/local/lib/python3.12/dist-packages/papermill/execute.py\", line 251, in raise_for_execution_errors\n"}
,{"stream_name":"stderr","time":473.497783838,"data":"    raise error\n"}
,{"stream_name":"stderr","time":473.497865226,"data":"papermill.exceptions.PapermillExecutionError: \n"}
,{"stream_name":"stderr","time":473.497875448,"data":"---------------------------------------------------------------------------\n"}
,{"stream_name":"stderr","time":473.497879558,"data":"Exception encountered at \"In [6]\":\n"}
,{"stream_name":"stderr","time":473.497883112,"data":"---------------------------------------------------------------------------\n"}
,{"stream_name":"stderr","time":473.497886905,"data":"RuntimeError                              Traceback (most recent call last)\n"}
,{"stream_name":"stderr","time":473.497890505,"data":"/tmp/ipykernel_22/2787173112.py in \u003ccell line: 0\u003e()\n"}
,{"stream_name":"stderr","time":473.497894672,"data":"    205 _coordinate_manifest_count = _s.count(_coordinate_manifest_old)\n"}
,{"stream_name":"stderr","time":473.497898248,"data":"    206 if _coordinate_manifest_count != 1:\n"}
,{"stream_name":"stderr","time":473.497901608,"data":"--\u003e 207     raise RuntimeError(\n"}
,{"stream_name":"stderr","time":473.497904982,"data":"    208         \"Coordinate-manifest patch expected one pre-return block, found \"\n"}
,{"stream_name":"stderr","time":473.497908677,"data":"    209         f\"{_coordinate_manifest_count}\"\n"}
,{"stream_name":"stderr","time":473.49791247,"data":"\n"}
,{"stream_name":"stderr","time":473.497915626,"data":"RuntimeError: Coordinate-manifest patch expected one pre-return block, found 0\n"}
,{"stream_name":"stderr","time":473.497919203,"data":"\n"}
,{"stream_name":"stderr","time":475.586246022,"data":"/usr/local/lib/python3.12/dist-packages/mistune.py:435: SyntaxWarning: invalid escape sequence '\\|'\n"}
,{"stream_name":"stderr","time":475.586296286,"data":"  cells[i][c] = re.sub('\\\\\\\\\\|', '|', cell)\n"}
,{"stream_name":"stderr","time":475.709698533,"data":"/usr/local/lib/python3.12/dist-packages/nbconvert/filters/filter_links.py:36: SyntaxWarning: invalid escape sequence '\\_'\n"}
,{"stream_name":"stderr","time":475.709739216,"data":"  text = re.sub(r'_', '\\_', text) # Escape underscores in display text\n"}
,{"stream_name":"stderr","time":476.344733838,"data":"[NbConvertApp] Converting notebook __notebook__.ipynb to notebook\n"}
,{"stream_name":"stderr","time":476.654212794,"data":"[NbConvertApp] Writing 298727 bytes to __notebook__.ipynb\n"}
,{"stream_name":"stderr","time":479.046772698,"data":"[NbConvertApp] Converting notebook __notebook__.ipynb to html\n"}
,{"stream_name":"stderr","time":480.592293723,"data":"[NbConvertApp] Writing 1243897 bytes to __results__.html\n"}
]