[{"stream_name":"stderr","time":7.719788612,"data":"0.00s - Debugger warning: It seems that frozen modules are being used, which may\n"}
,{"stream_name":"stderr","time":7.719902742,"data":"0.00s - make the debugger miss breakpoints. Please pass -Xfrozen_modules=off\n"}
,{"stream_name":"stderr","time":7.719907723,"data":"0.00s - to python to disable frozen modules.\n"}
,{"stream_name":"stderr","time":7.719910478,"data":"0.00s - Note: Debugging will proceed. Set PYDEVD_DISABLE_FILE_VALIDATION=1 to disable this validation.\n"}
,{"stream_name":"stderr","time":8.338419865,"data":"0.00s - Debugger warning: It seems that frozen modules are being used, which may\n"}
,{"stream_name":"stderr","time":8.338449044,"data":"0.00s - make the debugger miss breakpoints. Please pass -Xfrozen_modules=off\n"}
,{"stream_name":"stderr","time":8.338453948,"data":"0.00s - to python to disable frozen modules.\n"}
,{"stream_name":"stderr","time":8.338457608,"data":"0.00s - Note: Debugging will proceed. Set PYDEVD_DISABLE_FILE_VALIDATION=1 to disable this validation.\n"}
,{"stream_name":"stdout","time":9.465546286,"data":"BIOHUB_PRESET: harmonic_v3_division_wide\n"}
,{"stream_name":"stdout","time":9.465616366,"data":"BIOHUB_SCORE_AXIS: public 0.939 base + holdout-selected post-process configuration\n"}
,{"stream_name":"stdout","time":9.465622287,"data":"EXP057 requested BIOHUB_MOTION_RELINK_TIGHT_UM= 5.5\n"}
,{"stream_name":"stdout","time":9.489319316,"data":"EXP057 resolved BIOHUB_MOTION_RELINK_TIGHT_UM: 5.5\n"}
,{"stream_name":"stdout","time":9.489351945,"data":"Configuration guard: PASS\n"}
,{"stream_name":"stdout","time":9.489356676,"data":"Baseline: fixed-90 dual-seed clean pipeline (public LB 0.913)\n"}
,{"stream_name":"stdout","time":9.489360374,"data":"Single model-level change: harmonic mutual-support association fusion\n"}
,{"stream_name":"stdout","time":9.489363869,"data":"Reverse-time association weight: 0.200\n"}
,{"stream_name":"stdout","time":10.51622818,"data":"Biohub learned UNet + node-transformer + ILP submission\n"}
,{"stream_name":"stdout","time":10.516374551,"data":"COMP_DIR: /kaggle/input/competitions/biohub-cell-tracking-during-development exists: True\n"}
,{"stream_name":"stdout","time":10.516386076,"data":"TEST_DIR: /kaggle/input/competitions/biohub-cell-tracking-during-development/test exists: True\n"}
,{"stream_name":"stdout","time":10.516390313,"data":"{\n"}
,{"stream_name":"stdout","time":10.516393872,"data":"  \"adaptive_short_track_rescue\": true,\n"}
,{"stream_name":"stdout","time":10.516398006,"data":"  \"allow_artifact_fallback\": false,\n"}
,{"stream_name":"stdout","time":10.516402049,"data":"  \"allow_pip_install\": false,\n"}
,{"stream_name":"stdout","time":10.516405792,"data":"  \"deepcenter_checkpoint_default\": \"/kaggle/input/biohub-deepcenter-unet3d-center-prior-v1/weights/full_frame_center/best.pt\",\n"}
,{"stream_name":"stdout","time":10.516409831,"data":"  \"deepcenter_expected_epoch\": 2,\n"}
,{"stream_name":"stdout","time":10.516413411,"data":"  \"deepcenter_gap_add_gate\": true,\n"}
,{"stream_name":"stdout","time":10.516417022,"data":"  \"deepcenter_gap_confirm_min_span_um\": 8.5,\n"}
,{"stream_name":"stdout","time":10.516420627,"data":"  \"deepcenter_gap_threshold\": 0.25,\n"}
,{"stream_name":"stdout","time":10.51642438,"data":"  \"deepcenter_safe_div_add_gate\": true,\n"}
,{"stream_name":"stdout","time":10.516428052,"data":"  \"deepcenter_safe_div_threshold\": 0.25,\n"}
,{"stream_name":"stdout","time":10.51643183,"data":"  \"det_threshold\": 0.965,\n"}
,{"stream_name":"stdout","time":10.516435659,"data":"  \"div_drop_to_single_if_bad\": true,\n"}
,{"stream_name":"stdout","time":10.516445697,"data":"  \"div_parent_max_um\": 10.5,\n"}
,{"stream_name":"stdout","time":10.516460534,"data":"  \"div_sister_max_um\": 8.0,\n"}
,{"stream_name":"stdout","time":10.516464496,"data":"  \"experiment_tag\": \"selected_101_dual_seed_near_balanced_center_confirmed_synthetic_gap\",\n"}
,{"stream_name":"stdout","time":10.516468631,"data":"  \"gap2_frame_frac_cap\": 0.006,\n"}
,{"stream_name":"stdout","time":10.51647236,"data":"  \"gap2_max_links_abs\": 180,\n"}
,{"stream_name":"stdout","time":10.516476143,"data":"  \"gap2_max_links_frac\": 0.0045,\n"}
,{"stream_name":"stdout","time":10.516479744,"data":"  \"gap2_max_step_um\": 4.4,\n"}
,{"stream_name":"stdout","time":10.516483345,"data":"  \"gap2_max_total_um\": 10.2,\n"}
,{"stream_name":"stdout","time":10.516487079000001,"data":"  \"gap2_require_context\": true,\n"}
,{"stream_name":"stdout","time":10.516490892,"data":"  \"gap_close_effective_max_gap\": 1,\n"}
,{"stream_name":"stdout","time":10.516494702,"data":"  \"gap_close_max_added_abs\": 2000,\n"}
,{"stream_name":"stdout","time":10.516498466,"data":"  \"gap_close_max_added_frac\": 0.05,\n"}
,{"stream_name":"stdout","time":10.516502148,"data":"  \"gap_close_max_gap\": 2,\n"}
,{"stream_name":"stdout","time":10.516505834,"data":"  \"gap_close_reuse_existing\": true,\n"}
,{"stream_name":"stdout","time":10.516509689,"data":"  \"gap_close_reuse_um\": 3.2,\n"}
,{"stream_name":"stdout","time":10.516513312,"data":"  \"gap_close_um\": 5.0,\n"}
,{"stream_name":"stdout","time":10.516516841,"data":"  \"gap_density_adaptive\": true,\n"}
,{"stream_name":"stdout","time":10.516520652,"data":"  \"gap_density_gain\": 0.04,\n"}
,{"stream_name":"stdout","time":10.516524584,"data":"  \"gap_density_max_step_delta_um\": 0.125,\n"}
,{"stream_name":"stdout","time":10.516528174,"data":"  \"gap_density_neighbors\": 3,\n"}
,{"stream_name":"stdout","time":10.516531922,"data":"  \"gap_density_reference_um\": 6.5,\n"}
,{"stream_name":"stdout","time":10.516535582,"data":"  \"gap_refine_max_shift_um\": 3.2,\n"}
,{"stream_name":"stdout","time":10.516539149,"data":"  \"gap_refine_synthetic\": true,\n"}
,{"stream_name":"stdout","time":10.516542721,"data":"  \"gap_refine_win_yx\": 3,\n"}
,{"stream_name":"stdout","time":10.516546517,"data":"  \"gap_refine_win_z\": 1,\n"}
,{"stream_name":"stdout","time":10.516550477,"data":"  \"ilp_appearance_weight\": 0.0,\n"}
,{"stream_name":"stdout","time":10.516554284,"data":"  \"ilp_disappearance_weight\": 2.0,\n"}
,{"stream_name":"stdout","time":10.516557891,"data":"  \"ilp_division_weight\": 1.2,\n"}
,{"stream_name":"stdout","time":10.516561539,"data":"  \"ilp_edge_weight\": -1.0,\n"}
,{"stream_name":"stdout","time":10.516565157,"data":"  \"method\": \"unet_transformer\",\n"}
,{"stream_name":"stdout","time":10.516569061,"data":"  \"motion_relink_learned_bonus\": 1.0,\n"}
,{"stream_name":"stdout","time":10.516572772,"data":"  \"motion_relink_max_frame_nodes\": 2600,\n"}
,{"stream_name":"stdout","time":10.516576659,"data":"  \"motion_relink_relaxed_um\": 10.0,\n"}
,{"stream_name":"stdout","time":10.516580557,"data":"  \"motion_relink_tight_um\": 5.5,\n"}
,{"stream_name":"stdout","time":10.5165845,"data":"  \"motion_relink_velocity_weight\": 0.5,\n"}
,{"stream_name":"stdout","time":10.516588518,"data":"  \"output_division_geometry_filter\": false,\n"}
,{"stream_name":"stdout","time":10.516592536,"data":"  \"output_edge_max_um\": 14.0,\n"}
,{"stream_name":"stdout","time":10.516599724,"data":"  \"output_enforce_next_frame\": true,\n"}
,{"stream_name":"stdout","time":10.516603567,"data":"  \"output_filter_short_tracks\": true,\n"}
,{"stream_name":"stdout","time":10.516611709,"data":"  \"output_gap2_recovery\": true,\n"}
,{"stream_name":"stdout","time":10.516615655,"data":"  \"output_gap_close\": true,\n"}
,{"stream_name":"stdout","time":10.516619222,"data":"  \"output_keep_division_components\": true,\n"}
,{"stream_name":"stdout","time":10.516623116,"data":"  \"output_linefit_smooth\": true,\n"}
,{"stream_name":"stdout","time":10.516627101,"data":"  \"output_linefit_weight\": 0.8,\n"}
,{"stream_name":"stdout","time":10.516631121,"data":"  \"output_linefit_window\": 2,\n"}
,{"stream_name":"stdout","time":10.516635027,"data":"  \"output_min_track_len\": 6,\n"}
,{"stream_name":"stdout","time":10.516638725,"data":"  \"output_motion_relink\": true,\n"}
,{"stream_name":"stdout","time":10.516642574,"data":"  \"output_prune_isolated\": true,\n"}
,{"stream_name":"stdout","time":10.516646672,"data":"  \"output_safe_divisions\": true,\n"}
,{"stream_name":"stdout","time":10.516650803,"data":"  \"output_single_child_repair\": false,\n"}
,{"stream_name":"stdout","time":10.516654709,"data":"  \"output_single_parent_repair\": true,\n"}
,{"stream_name":"stdout","time":10.516658578,"data":"  \"primary_artifact_manifest\": \"/kaggle/input/datasets/pilkwang/biohub-tracking-support-pack-50ep-v1/ARTIFACT_MANIFEST.json\",\n"}
,{"stream_name":"stdout","time":10.516662868000001,"data":"  \"safe_div_existing_child_max_um\": 10.0,\n"}
,{"stream_name":"stdout","time":10.516666908,"data":"  \"safe_div_frame_frac_cap\": 0.0076,\n"}
,{"stream_name":"stdout","time":10.516671008,"data":"  \"safe_div_global_frac_cap\": 0.00375,\n"}
,{"stream_name":"stdout","time":10.516674784,"data":"  \"safe_div_max_um\": 9.0,\n"}
,{"stream_name":"stdout","time":10.516678586,"data":"  \"safe_div_sister_max_um\": 14.0,\n"}
,{"stream_name":"stdout","time":10.516682356,"data":"  \"short_track_rescue_max_mean_edge_dist_um\": 3.0,\n"}
,{"stream_name":"stdout","time":10.516686354,"data":"  \"short_track_rescue_max_nodes_abs\": 120,\n"}
,{"stream_name":"stdout","time":10.516690254,"data":"  \"short_track_rescue_max_nodes_frac\": 0.012,\n"}
,{"stream_name":"stdout","time":10.516694242,"data":"  \"short_track_rescue_min_len\": 4,\n"}
,{"stream_name":"stdout","time":10.516698158,"data":"  \"short_track_rescue_min_mean_edge_prob\": 0.88,\n"}
,{"stream_name":"stdout","time":10.516702114,"data":"  \"short_track_rescue_trigger_removed_frac\": 0.1,\n"}
,{"stream_name":"stdout","time":10.516719775,"data":"  \"slice\": \"\",\n"}
,{"stream_name":"stdout","time":10.51879101,"data":"  \"target_artifact_slug\": \"biohub-tracking-support-pack-50ep-v1\",\n"}
,{"stream_name":"stdout","time":10.518837572,"data":"  \"unet_batch_size\": 4,\n"}
,{"stream_name":"stdout","time":10.518843694,"data":"  \"use_deepcenter_add_only_gate\": true,\n"}
,{"stream_name":"stdout","time":10.518848013,"data":"  \"use_ilp\": true,\n"}
,{"stream_name":"stdout","time":10.518851917,"data":"  \"weights\": \"weights/unet_transformer/split_0/edge_predictor_best.pth\"\n"}
,{"stream_name":"stdout","time":10.518855827,"data":"}\n"}
,{"stream_name":"stdout","time":10.732667917,"data":"ARTIFACTS: /kaggle/input/datasets/pilkwang/biohub-tracking-support-pack-50ep-v1\n"}
,{"stream_name":"stdout","time":10.73269767,"data":"Has offline wheels: True\n"}
,{"stream_name":"stdout","time":10.732703367,"data":"Artifact name: biohub-tracking-support-pack-400ep-snapshot-v1\n"}
,{"stream_name":"stdout","time":10.732732599,"data":"Weight sha256: 12f6881ee3620a831697ca098ff8f48e687a24225f4e048b538deec3562fe771\n"}
,{"stream_name":"stdout","time":10.732737933,"data":"Weight path: weights/unet_transformer/split_0/edge_predictor_best.pth\n"}
,{"stream_name":"stdout","time":11.553798827,"data":"Installing missing packages from offline package dirs: ['polars']\n"}
,{"stream_name":"stdout","time":11.553847911,"data":"Dependency resolver is disabled with --no-deps to avoid replacing Kaggle numpy/scipy in a live kernel.\n"}
,{"stream_name":"stdout","time":11.553854131,"data":"Offline package dirs: ['/kaggle/input/datasets/pilkwang/biohub-tracking-support-pack-50ep-v1/wheels']\n"}
,{"stream_name":"stdout","time":18.162849977,"data":"Offline dependency install succeeded.\n"}
,{"stream_name":"stdout","time":18.16288262,"data":"Installing missing packages from offline package dirs: ['tracksdata', 'zarr', 'pyscipopt', 'geff', 'geff_spec', 'ilpy', 'imagecodecs', 'rustworkx', 'numcodecs', 'donfig', 'bidict']\n"}
,{"stream_name":"stdout","time":18.162888413,"data":"Dependency resolver is disabled with --no-deps to avoid replacing Kaggle numpy/scipy in a live kernel.\n"}
,{"stream_name":"stdout","time":18.162892252,"data":"Offline package dirs: ['/kaggle/input/datasets/pilkwang/biohub-tracking-support-pack-50ep-v1/wheels']\n"}
,{"stream_name":"stdout","time":45.360918533,"data":"Offline dependency install succeeded.\n"}
,{"stream_name":"stderr","time":54.430759552,"data":"/usr/local/lib/python3.12/dist-packages/dask/array/image.py:7: FutureWarning: `find_available_plugins` is deprecated since version 0.25 and will be removed in version 0.27. The plugin infrastructure of `skimage.io` is deprecated. Instead, use `imageio` or other I/O packages directly.\n"}
,{"stream_name":"stderr","time":54.430812334,"data":"  from skimage.io import imread as sk_imread\n"}
,{"stream_name":"stderr","time":54.430819826,"data":"/usr/lib/python3.12/importlib/__init__.py:90: FutureWarning: `reset_plugins` is deprecated since version 0.25 and will be removed in version 0.27. The plugin infrastructure of `skimage.io` is deprecated. Instead, use `imageio` or other I/O packages directly.\n"}
,{"stream_name":"stderr","time":54.430826398,"data":"  return _bootstrap._gcd_import(name[level:], package, level)\n"}
,{"stream_name":"stderr","time":54.430830914,"data":"\n"}
,{"stream_name":"stderr","time":54.43083519,"data":"/usr/local/lib/python3.12/dist-packages/dask/array/image.py:7: FutureWarning: `find_available_plugins` is deprecated since version 0.25 and will be removed in version 0.27. The plugin infrastructure of `skimage.io` is deprecated. Instead, use `imageio` or other I/O packages directly.\n"}
,{"stream_name":"stderr","time":54.430840286,"data":"  from skimage.io import imread as sk_imread\n"}
,{"stream_name":"stderr","time":54.430844597,"data":"/usr/lib/python3.12/importlib/__init__.py:90: FutureWarning: `reset_plugins` is deprecated since version 0.25 and will be removed in version 0.27. The plugin infrastructure of `skimage.io` is deprecated. Instead, use `imageio` or other I/O packages directly.\n"}
,{"stream_name":"stderr","time":54.430854828,"data":"  return _bootstrap._gcd_import(name[level:], package, level)\n"}
,{"stream_name":"stdout","time":54.650306976,"data":"Required graph/Zarr/ILP packages import successfully.\n"}
,{"stream_name":"stdout","time":54.650349433,"data":"Inference repo: /kaggle/working/tracking_repo\n"}
,{"stream_name":"stdout","time":54.650354109,"data":"Weights: /kaggle/working/tracking_repo/weights/unet_transformer/split_0/edge_predictor_best.pth\n"}
,{"stream_name":"stdout","time":55.854537551,"data":"Support repo Python manifest SHA256: 978b626d1fd1e7397435a437dfe68691defe1572fc3c20e61012d7c9b52ed029\n"}
,{"stream_name":"stdout","time":55.854596705,"data":"Primary materialized SHA256: 12f6881ee3620a831697ca098ff8f48e687a24225f4e048b538deec3562fe771\n"}
,{"stream_name":"stdout","time":55.854624595,"data":"DeepCenter materialized SHA256: 8040999a92f6b7bbd98fa8cf458141e045c0f9ad7c936bdb3b18e1f7edafe2a0\n"}
,{"stream_name":"stderr","time":256.881392568,"data":"Traceback (most recent call last):\n"}
,{"stream_name":"stderr","time":256.881426485,"data":"  File \"\u003cstring\u003e\", line 1, in \u003cmodule\u003e\n"}
,{"stream_name":"stderr","time":256.881433583,"data":"  File \"/usr/local/lib/python3.12/dist-packages/papermill/execute.py\", line 131, in execute_notebook\n"}
,{"stream_name":"stderr","time":256.881657128,"data":"    raise_for_execution_errors(nb, output_path)\n"}
,{"stream_name":"stderr","time":256.881669128,"data":"  File \"/usr/local/lib/python3.12/dist-packages/papermill/execute.py\", line 251, in raise_for_execution_errors\n"}
,{"stream_name":"stderr","time":256.881792779,"data":"    raise error\n"}
,{"stream_name":"stderr","time":256.881875517,"data":"papermill.exceptions.PapermillExecutionError: \n"}
,{"stream_name":"stderr","time":256.881885459,"data":"---------------------------------------------------------------------------\n"}
,{"stream_name":"stderr","time":256.881890005,"data":"Exception encountered at \"In [4]\":\n"}
,{"stream_name":"stderr","time":256.881894465,"data":"---------------------------------------------------------------------------\n"}
,{"stream_name":"stderr","time":256.881898742,"data":"FileNotFoundError                         Traceback (most recent call last)\n"}
,{"stream_name":"stderr","time":256.881903098,"data":"/tmp/ipykernel_23/4177304176.py in \u003ccell line: 0\u003e()\n"}
,{"stream_name":"stderr","time":256.881907907,"data":"    608 \n"}
,{"stream_name":"stderr","time":256.881912135,"data":"    609 \n"}
,{"stream_name":"stderr","time":256.881922826,"data":"--\u003e 610 SECONDARY_ARTIFACTS, secondary_manifest_info = _find_secondary_artifact_root()\n"}
,{"stream_name":"stderr","time":256.881926334,"data":"    611 SECONDARY_WEIGHTS_ROOT = WORKING_DIR / \"secondary_seed_weights\"\n"}
,{"stream_name":"stderr","time":256.881929453,"data":"    612 copy_or_extract_tree(\n"}
,{"stream_name":"stderr","time":256.88193247,"data":"\n"}
,{"stream_name":"stderr","time":256.881960078,"data":"/tmp/ipykernel_23/4177304176.py in _find_secondary_artifact_root()\n"}
,{"stream_name":"stderr","time":256.881965865,"data":"    602         if sha256 == _secondary_expected_sha256:\n"}
,{"stream_name":"stderr","time":256.88197113,"data":"    603             return manifest_path.parent, info\n"}
,{"stream_name":"stderr","time":256.881976449,"data":"--\u003e 604     raise FileNotFoundError(\n"}
,{"stream_name":"stderr","time":256.881981413,"data":"    605         \"Could not find the independent-seed artifact with weight SHA256 \"\n"}
,{"stream_name":"stderr","time":256.881985928,"data":"    606         + _secondary_expected_sha256\n"}
,{"stream_name":"stderr","time":256.881990572,"data":"\n"}
,{"stream_name":"stderr","time":256.881994695,"data":"FileNotFoundError: Could not find the independent-seed artifact with weight SHA256 9bac2fa0dadc4a6fc1899e0caf187f4b553e0a7cd90ba1261a68b35ffe9e305f\n"}
,{"stream_name":"stderr","time":256.881999158,"data":"\n"}
,{"stream_name":"stderr","time":258.918976462,"data":"/usr/local/lib/python3.12/dist-packages/mistune.py:435: SyntaxWarning: invalid escape sequence '\\|'\n"}
,{"stream_name":"stderr","time":258.919020233,"data":"  cells[i][c] = re.sub('\\\\\\\\\\|', '|', cell)\n"}
,{"stream_name":"stderr","time":259.049146926,"data":"/usr/local/lib/python3.12/dist-packages/nbconvert/filters/filter_links.py:36: SyntaxWarning: invalid escape sequence '\\_'\n"}
,{"stream_name":"stderr","time":259.049176196,"data":"  text = re.sub(r'_', '\\_', text) # Escape underscores in display text\n"}
,{"stream_name":"stderr","time":259.737174543,"data":"[NbConvertApp] Converting notebook __notebook__.ipynb to notebook\n"}
,{"stream_name":"stderr","time":260.034947484,"data":"[NbConvertApp] Writing 320534 bytes to __notebook__.ipynb\n"}
,{"stream_name":"stderr","time":262.463980332,"data":"[NbConvertApp] Converting notebook __notebook__.ipynb to html\n"}
,{"stream_name":"stderr","time":263.986712971,"data":"[NbConvertApp] Writing 1296609 bytes to __results__.html\n"}
]