[{"stream_name":"stderr","time":7.296402406,"data":"0.00s - Debugger warning: It seems that frozen modules are being used, which may\n"}
,{"stream_name":"stderr","time":7.296480579,"data":"0.00s - make the debugger miss breakpoints. Please pass -Xfrozen_modules=off\n"}
,{"stream_name":"stderr","time":7.296495719,"data":"0.00s - to python to disable frozen modules.\n"}
,{"stream_name":"stderr","time":7.296498939,"data":"0.00s - Note: Debugging will proceed. Set PYDEVD_DISABLE_FILE_VALIDATION=1 to disable this validation.\n"}
,{"stream_name":"stderr","time":7.973751854,"data":"0.00s - Debugger warning: It seems that frozen modules are being used, which may\n"}
,{"stream_name":"stderr","time":7.973787375,"data":"0.00s - make the debugger miss breakpoints. Please pass -Xfrozen_modules=off\n"}
,{"stream_name":"stderr","time":7.973793766,"data":"0.00s - to python to disable frozen modules.\n"}
,{"stream_name":"stderr","time":7.973798582,"data":"0.00s - Note: Debugging will proceed. Set PYDEVD_DISABLE_FILE_VALIDATION=1 to disable this validation.\n"}
,{"stream_name":"stdout","time":9.090737258,"data":"BIOHUB_PRESET: harmonic_v3_division_wide\n"}
,{"stream_name":"stdout","time":9.090784862,"data":"BIOHUB_SCORE_AXIS: public 0.939 base + holdout-selected post-process configuration\n"}
,{"stream_name":"stdout","time":9.118882903,"data":"Configuration guard: PASS\n"}
,{"stream_name":"stdout","time":9.118923167,"data":"Baseline: fixed-90 dual-seed clean pipeline (public LB 0.913)\n"}
,{"stream_name":"stdout","time":9.118929105,"data":"Single model-level change: harmonic mutual-support association fusion\n"}
,{"stream_name":"stdout","time":9.11893328,"data":"Reverse-time association weight: 0.200\n"}
,{"stream_name":"stdout","time":9.939788077,"data":"Biohub learned UNet + node-transformer + ILP submission\n"}
,{"stream_name":"stdout","time":9.939818713,"data":"COMP_DIR: /kaggle/input/competitions/biohub-cell-tracking-during-development exists: True\n"}
,{"stream_name":"stdout","time":9.939823904,"data":"TEST_DIR: /kaggle/input/competitions/biohub-cell-tracking-during-development/test exists: True\n"}
,{"stream_name":"stdout","time":9.939828503,"data":"{\n"}
,{"stream_name":"stdout","time":9.939832226,"data":"  \"adaptive_short_track_rescue\": true,\n"}
,{"stream_name":"stdout","time":9.939838179,"data":"  \"allow_artifact_fallback\": false,\n"}
,{"stream_name":"stdout","time":9.939846349,"data":"  \"allow_pip_install\": false,\n"}
,{"stream_name":"stdout","time":9.93984963,"data":"  \"deepcenter_checkpoint_default\": \"/kaggle/input/biohub-deepcenter-unet3d-center-prior-v1/weights/full_frame_center/best.pt\",\n"}
,{"stream_name":"stdout","time":9.939852733,"data":"  \"deepcenter_expected_epoch\": 2,\n"}
,{"stream_name":"stdout","time":9.939860824,"data":"  \"deepcenter_gap_add_gate\": true,\n"}
,{"stream_name":"stdout","time":9.939863467,"data":"  \"deepcenter_gap_confirm_min_span_um\": 8.5,\n"}
,{"stream_name":"stdout","time":9.939866285,"data":"  \"deepcenter_gap_threshold\": 0.25,\n"}
,{"stream_name":"stdout","time":9.939868849,"data":"  \"deepcenter_safe_div_add_gate\": true,\n"}
,{"stream_name":"stdout","time":9.939871755,"data":"  \"deepcenter_safe_div_threshold\": 0.25,\n"}
,{"stream_name":"stdout","time":9.939874456,"data":"  \"det_threshold\": 0.965,\n"}
,{"stream_name":"stdout","time":9.939876993,"data":"  \"div_drop_to_single_if_bad\": true,\n"}
,{"stream_name":"stdout","time":9.939879602,"data":"  \"div_parent_max_um\": 10.5,\n"}
,{"stream_name":"stdout","time":9.939882128,"data":"  \"div_sister_max_um\": 8.0,\n"}
,{"stream_name":"stdout","time":9.939884641999999,"data":"  \"experiment_tag\": \"selected_101_dual_seed_near_balanced_center_confirmed_synthetic_gap\",\n"}
,{"stream_name":"stdout","time":9.939898165,"data":"  \"gap2_frame_frac_cap\": 0.006,\n"}
,{"stream_name":"stdout","time":9.939901057,"data":"  \"gap2_max_links_abs\": 180,\n"}
,{"stream_name":"stdout","time":9.939903635,"data":"  \"gap2_max_links_frac\": 0.0045,\n"}
,{"stream_name":"stdout","time":9.939906216,"data":"  \"gap2_max_step_um\": 4.4,\n"}
,{"stream_name":"stdout","time":9.939908798,"data":"  \"gap2_max_total_um\": 10.2,\n"}
,{"stream_name":"stdout","time":9.93991144,"data":"  \"gap2_require_context\": true,\n"}
,{"stream_name":"stdout","time":9.939914009,"data":"  \"gap_close_effective_max_gap\": 1,\n"}
,{"stream_name":"stdout","time":9.939916644,"data":"  \"gap_close_max_added_abs\": 2000,\n"}
,{"stream_name":"stdout","time":9.939919198,"data":"  \"gap_close_max_added_frac\": 0.05,\n"}
,{"stream_name":"stdout","time":9.939921822,"data":"  \"gap_close_max_gap\": 2,\n"}
,{"stream_name":"stdout","time":9.9399244,"data":"  \"gap_close_reuse_existing\": true,\n"}
,{"stream_name":"stdout","time":9.939926962,"data":"  \"gap_close_reuse_um\": 3.2,\n"}
,{"stream_name":"stdout","time":9.939929497,"data":"  \"gap_close_um\": 5.0,\n"}
,{"stream_name":"stdout","time":9.939932095,"data":"  \"gap_density_adaptive\": true,\n"}
,{"stream_name":"stdout","time":9.939934658,"data":"  \"gap_density_gain\": 0.04,\n"}
,{"stream_name":"stdout","time":9.939937277,"data":"  \"gap_density_max_step_delta_um\": 0.125,\n"}
,{"stream_name":"stdout","time":9.939939867,"data":"  \"gap_density_neighbors\": 3,\n"}
,{"stream_name":"stdout","time":9.939942505,"data":"  \"gap_density_reference_um\": 6.5,\n"}
,{"stream_name":"stdout","time":9.939945173,"data":"  \"gap_refine_max_shift_um\": 3.2,\n"}
,{"stream_name":"stdout","time":9.939947715,"data":"  \"gap_refine_synthetic\": true,\n"}
,{"stream_name":"stdout","time":9.939950261,"data":"  \"gap_refine_win_yx\": 3,\n"}
,{"stream_name":"stdout","time":9.939952797,"data":"  \"gap_refine_win_z\": 1,\n"}
,{"stream_name":"stdout","time":9.939955339,"data":"  \"ilp_appearance_weight\": 0.0,\n"}
,{"stream_name":"stdout","time":9.939957982,"data":"  \"ilp_disappearance_weight\": 2.0,\n"}
,{"stream_name":"stdout","time":9.939960527,"data":"  \"ilp_division_weight\": 1.2,\n"}
,{"stream_name":"stdout","time":9.939963085,"data":"  \"ilp_edge_weight\": -1.0,\n"}
,{"stream_name":"stdout","time":9.939965664,"data":"  \"method\": \"unet_transformer\",\n"}
,{"stream_name":"stdout","time":9.939968309,"data":"  \"motion_relink_learned_bonus\": 1.0,\n"}
,{"stream_name":"stdout","time":9.939970908,"data":"  \"motion_relink_max_frame_nodes\": 2600,\n"}
,{"stream_name":"stdout","time":9.939973501,"data":"  \"motion_relink_relaxed_um\": 10.0,\n"}
,{"stream_name":"stdout","time":9.939976085,"data":"  \"motion_relink_tight_um\": 6.0,\n"}
,{"stream_name":"stdout","time":9.939978641,"data":"  \"motion_relink_velocity_weight\": 0.5,\n"}
,{"stream_name":"stdout","time":9.939981186,"data":"  \"output_division_geometry_filter\": false,\n"}
,{"stream_name":"stdout","time":9.939983785,"data":"  \"output_edge_max_um\": 14.0,\n"}
,{"stream_name":"stdout","time":9.939987511,"data":"  \"output_enforce_next_frame\": true,\n"}
,{"stream_name":"stdout","time":9.939990107,"data":"  \"output_filter_short_tracks\": true,\n"}
,{"stream_name":"stdout","time":9.939992665,"data":"  \"output_gap2_recovery\": true,\n"}
,{"stream_name":"stdout","time":9.939995209,"data":"  \"output_gap_close\": true,\n"}
,{"stream_name":"stdout","time":9.939997786,"data":"  \"output_keep_division_components\": true,\n"}
,{"stream_name":"stdout","time":9.940003471,"data":"  \"output_linefit_smooth\": true,\n"}
,{"stream_name":"stdout","time":9.940006164,"data":"  \"output_linefit_weight\": 0.8,\n"}
,{"stream_name":"stdout","time":9.940008722,"data":"  \"output_linefit_window\": 2,\n"}
,{"stream_name":"stdout","time":9.940011287,"data":"  \"output_min_track_len\": 6,\n"}
,{"stream_name":"stdout","time":9.940037602,"data":"  \"output_motion_relink\": true,\n"}
,{"stream_name":"stdout","time":9.940042526,"data":"  \"output_prune_isolated\": true,\n"}
,{"stream_name":"stdout","time":9.940046861999999,"data":"  \"output_safe_divisions\": true,\n"}
,{"stream_name":"stdout","time":9.9400547,"data":"  \"output_single_child_repair\": false,\n"}
,{"stream_name":"stdout","time":9.940058106,"data":"  \"output_single_parent_repair\": true,\n"}
,{"stream_name":"stdout","time":9.940061742,"data":"  \"primary_artifact_manifest\": \"/kaggle/input/datasets/pilkwang/biohub-tracking-support-pack-50ep-v1/ARTIFACT_MANIFEST.json\",\n"}
,{"stream_name":"stdout","time":9.940065927,"data":"  \"safe_div_existing_child_max_um\": 10.0,\n"}
,{"stream_name":"stdout","time":9.940069826,"data":"  \"safe_div_frame_frac_cap\": 0.0076,\n"}
,{"stream_name":"stdout","time":9.940073531,"data":"  \"safe_div_global_frac_cap\": 0.00375,\n"}
,{"stream_name":"stdout","time":9.940077099,"data":"  \"safe_div_max_um\": 9.0,\n"}
,{"stream_name":"stdout","time":9.94008094,"data":"  \"safe_div_sister_max_um\": 14.0,\n"}
,{"stream_name":"stdout","time":9.94008457,"data":"  \"short_track_rescue_max_mean_edge_dist_um\": 3.0,\n"}
,{"stream_name":"stdout","time":9.940088287,"data":"  \"short_track_rescue_max_nodes_abs\": 120,\n"}
,{"stream_name":"stdout","time":9.94009183,"data":"  \"short_track_rescue_max_nodes_frac\": 0.012,\n"}
,{"stream_name":"stdout","time":9.940095598,"data":"  \"short_track_rescue_min_len\": 4,\n"}
,{"stream_name":"stdout","time":9.940099121,"data":"  \"short_track_rescue_min_mean_edge_prob\": 0.88,\n"}
,{"stream_name":"stdout","time":9.940103745,"data":"  \"short_track_rescue_trigger_removed_frac\": 0.1,\n"}
,{"stream_name":"stdout","time":9.940108372,"data":"  \"slice\": \"\",\n"}
,{"stream_name":"stdout","time":9.94011291,"data":"  \"target_artifact_slug\": \"biohub-tracking-support-pack-50ep-v1\",\n"}
,{"stream_name":"stdout","time":9.940116698,"data":"  \"unet_batch_size\": 4,\n"}
,{"stream_name":"stdout","time":9.940120335,"data":"  \"use_deepcenter_add_only_gate\": true,\n"}
,{"stream_name":"stdout","time":9.940124379,"data":"  \"use_ilp\": true,\n"}
,{"stream_name":"stdout","time":9.940128253,"data":"  \"weights\": \"weights/unet_transformer/split_0/edge_predictor_best.pth\"\n"}
,{"stream_name":"stdout","time":9.940132393,"data":"}\n"}
,{"stream_name":"stdout","time":10.154022828,"data":"ARTIFACTS: /kaggle/input/datasets/pilkwang/biohub-tracking-support-pack-50ep-v1\n"}
,{"stream_name":"stdout","time":10.154054364,"data":"Has offline wheels: True\n"}
,{"stream_name":"stdout","time":10.154059745,"data":"Artifact name: biohub-tracking-support-pack-400ep-snapshot-v1\n"}
,{"stream_name":"stdout","time":10.15406366,"data":"Weight sha256: 12f6881ee3620a831697ca098ff8f48e687a24225f4e048b538deec3562fe771\n"}
,{"stream_name":"stdout","time":10.154067597,"data":"Weight path: weights/unet_transformer/split_0/edge_predictor_best.pth\n"}
,{"stream_name":"stdout","time":10.920056909,"data":"Installing missing packages from offline package dirs: ['polars']\n"}
,{"stream_name":"stdout","time":10.920122231,"data":"Dependency resolver is disabled with --no-deps to avoid replacing Kaggle numpy/scipy in a live kernel.\n"}
,{"stream_name":"stdout","time":10.920143686,"data":"Offline package dirs: ['/kaggle/input/datasets/pilkwang/biohub-tracking-support-pack-50ep-v1/wheels']\n"}
,{"stream_name":"stdout","time":16.627889119,"data":"Offline dependency install succeeded.\n"}
,{"stream_name":"stdout","time":16.627941761,"data":"Installing missing packages from offline package dirs: ['tracksdata', 'zarr', 'pyscipopt', 'geff', 'geff_spec', 'ilpy', 'imagecodecs', 'rustworkx', 'numcodecs', 'donfig', 'bidict']\n"}
,{"stream_name":"stdout","time":16.627950034,"data":"Dependency resolver is disabled with --no-deps to avoid replacing Kaggle numpy/scipy in a live kernel.\n"}
,{"stream_name":"stdout","time":16.627955711,"data":"Offline package dirs: ['/kaggle/input/datasets/pilkwang/biohub-tracking-support-pack-50ep-v1/wheels']\n"}
,{"stream_name":"stdout","time":40.049678274,"data":"Offline dependency install succeeded.\n"}
,{"stream_name":"stderr","time":47.649336198,"data":"/usr/local/lib/python3.12/dist-packages/dask/array/image.py:7: FutureWarning: `find_available_plugins` is deprecated since version 0.25 and will be removed in version 0.27. The plugin infrastructure of `skimage.io` is deprecated. Instead, use `imageio` or other I/O packages directly.\n"}
,{"stream_name":"stderr","time":47.64937246,"data":"  from skimage.io import imread as sk_imread\n"}
,{"stream_name":"stderr","time":47.649378954,"data":"/usr/lib/python3.12/importlib/__init__.py:90: FutureWarning: `reset_plugins` is deprecated since version 0.25 and will be removed in version 0.27. The plugin infrastructure of `skimage.io` is deprecated. Instead, use `imageio` or other I/O packages directly.\n"}
,{"stream_name":"stderr","time":47.649387252,"data":"  return _bootstrap._gcd_import(name[level:], package, level)\n"}
,{"stream_name":"stderr","time":47.649395679,"data":"\n"}
,{"stream_name":"stderr","time":47.649399424,"data":"/usr/local/lib/python3.12/dist-packages/dask/array/image.py:7: FutureWarning: `find_available_plugins` is deprecated since version 0.25 and will be removed in version 0.27. The plugin infrastructure of `skimage.io` is deprecated. Instead, use `imageio` or other I/O packages directly.\n"}
,{"stream_name":"stderr","time":47.649403888,"data":"  from skimage.io import imread as sk_imread\n"}
,{"stream_name":"stderr","time":47.649407378,"data":"/usr/lib/python3.12/importlib/__init__.py:90: FutureWarning: `reset_plugins` is deprecated since version 0.25 and will be removed in version 0.27. The plugin infrastructure of `skimage.io` is deprecated. Instead, use `imageio` or other I/O packages directly.\n"}
,{"stream_name":"stderr","time":47.64941126,"data":"  return _bootstrap._gcd_import(name[level:], package, level)\n"}
,{"stream_name":"stdout","time":47.867148638,"data":"Required graph/Zarr/ILP packages import successfully.\n"}
,{"stream_name":"stdout","time":47.86718774,"data":"Inference repo: /kaggle/working/tracking_repo\n"}
,{"stream_name":"stdout","time":47.867193983,"data":"Weights: /kaggle/working/tracking_repo/weights/unet_transformer/split_0/edge_predictor_best.pth\n"}
,{"stream_name":"stdout","time":48.349179015,"data":"Support repo Python manifest SHA256: 978b626d1fd1e7397435a437dfe68691defe1572fc3c20e61012d7c9b52ed029\n"}
,{"stream_name":"stdout","time":48.34923474,"data":"Primary materialized SHA256: 12f6881ee3620a831697ca098ff8f48e687a24225f4e048b538deec3562fe771\n"}
,{"stream_name":"stdout","time":48.34924361,"data":"DeepCenter materialized SHA256: 8040999a92f6b7bbd98fa8cf458141e045c0f9ad7c936bdb3b18e1f7edafe2a0\n"}
,{"stream_name":"stdout","time":245.243577946,"data":"Secondary artifact: /kaggle/input/datasets/pilkwang/biohub-temporal-unet3d-seed314159-v1\n"}
,{"stream_name":"stdout","time":245.243634359,"data":"Secondary weight: /kaggle/working/secondary_seed_weights/unet_transformer/split_0/edge_predictor_best.pth\n"}
,{"stream_name":"stdout","time":245.243656236,"data":"Secondary SHA256: 9bac2fa0dadc4a6fc1899e0caf187f4b553e0a7cd90ba1261a68b35ffe9e305f\n"}
,{"stream_name":"stdout","time":245.243659844,"data":"Secondary edge-logit weight: 0.15\n"}
,{"stream_name":"stdout","time":245.243671787,"data":"Runtime integrity receipt: /kaggle/working/bidirectional_production_runtime_integrity.json\n"}
,{"stream_name":"stdout","time":249.397435795,"data":"CUDA device: Tesla T4\n"}
,{"stream_name":"stdout","time":249.397469992,"data":"EXP048 deterministic runtime guard applied 20260923\n"}
,{"stream_name":"stdout","time":249.397473761,"data":"TTA patch applied (400ep spatial D4-style)\n"}
,{"stream_name":"stdout","time":249.397476531,"data":"Calibrated dual-seed runtime patch applied\n"}
,{"stream_name":"stdout","time":249.397479198,"data":"Frozen frame retention guard applied at 0.90\n"}
,{"stream_name":"stdout","time":249.397482449,"data":"Bidirectional harmonic-probability association fusion applied | weight= 0.15\n"}
,{"stream_name":"stdout","time":249.397500266,"data":"Pre-ILP detector-coordinate manifest hook applied\n"}
,{"stream_name":"stdout","time":249.397505319,"data":"EDGE_TTA patch installed and enabled in /kaggle/working/tracking_repo/scripts/predict_unet_transformer.py\n"}
,{"stream_name":"stdout","time":249.397510366,"data":"secondary edge-feature TTA patch installed and enabled\n"}
,{"stream_name":"stdout","time":249.411381342,"data":"EXP046 second-edge division rescue patch applied\n"}
,{"stream_name":"stdout","time":249.411405025,"data":"EXP052 proposal capture patch applied\n"}
,{"stream_name":"stdout","time":249.411410235,"data":"Found 4 test videos\n"}
,{"stream_name":"stdout","time":249.411414236,"data":"['44b6_0113de3b', '44b6_0b24845f', '6bba_05b6850b', '6bba_05db0fb1']\n"}
,{"stream_name":"stdout","time":249.41141829,"data":"EXP019 CV-only: skipped test-set inference; validation prediction runs once below.\n"}
,{"stream_name":"stdout","time":249.908369746,"data":"EXP019 FOCUS strategies ready; production test pass remains FOCUS-off\n"}
,{"stream_name":"stdout","time":489.518246649,"data":"Trying DeepCenter add-only gate checkpoint: /kaggle/input/datasets/pilkwang/biohub-deepcenter-unet3d-center-prior-v1/weights/full_frame_center/best.pt\n"}
,{"stream_name":"stdout","time":489.626899234,"data":"Loaded DeepCenter add-only gate checkpoint: /kaggle/input/datasets/pilkwang/biohub-deepcenter-unet3d-center-prior-v1/weights/full_frame_center/best.pt\n"}
,{"stream_name":"stdout","time":489.626938836,"data":"DeepCenter checkpoint epoch: 2 best_score: -0.04500306242456039\n"}
,{"stream_name":"stdout","time":489.626946328,"data":"EXP019 CV-only: no test submission is generated.\n"}
,{"stream_name":"stdout","time":489.651336542,"data":"EXP019 CV-only: submission retention guard skipped by design.\n"}
,{"stream_name":"stdout","time":489.822239705,"data":"VALIDATOR: excluding 4 TRAIN stem(s) that also appear in TEST_DIR: ['44b6_0113de3b', '44b6_0b24845f', '6bba_05b6850b', '6bba_05db0fb1']\n"}
,{"stream_name":"stdout","time":531.874309108,"data":"VALIDATOR: selected 4 held-out TRAIN samples (2 per embryo-type prefix, 2 prefixes found, 4 contain a GT division)\n"}
,{"stream_name":"stdout","time":531.874402473,"data":"['44b6_12dfb391', '44b6_267148e4', '6bba_062c8d37', '6bba_07e24132']\n"}
,{"stream_name":"stdout","time":531.874410103,"data":"VALIDATOR: launching 2 shards on CUDA devices ['0', '1']\n"}
,{"stream_name":"stderr","time":537.449056679,"data":"/usr/local/lib/python3.12/dist-packages/dask/array/image.py:7: FutureWarning: `find_available_plugins` is deprecated since version 0.25 and will be removed in version 0.27. The plugin infrastructure of `skimage.io` is deprecated. Instead, use `imageio` or other I/O packages directly.\n"}
,{"stream_name":"stderr","time":537.44911349,"data":"  from skimage.io import imread as sk_imread\n"}
,{"stream_name":"stderr","time":537.454781291,"data":"/usr/lib/python3.12/importlib/__init__.py:90: FutureWarning: `reset_plugins` is deprecated since version 0.25 and will be removed in version 0.27. The plugin infrastructure of `skimage.io` is deprecated. Instead, use `imageio` or other I/O packages directly.\n"}
,{"stream_name":"stderr","time":537.454826769,"data":"  return _bootstrap._gcd_import(name[level:], package, level)\n"}
,{"stream_name":"stderr","time":537.524619504,"data":"/usr/local/lib/python3.12/dist-packages/dask/array/image.py:7: FutureWarning: `find_available_plugins` is deprecated since version 0.25 and will be removed in version 0.27. The plugin infrastructure of `skimage.io` is deprecated. Instead, use `imageio` or other I/O packages directly.\n"}
,{"stream_name":"stderr","time":537.524661816,"data":"  from skimage.io import imread as sk_imread\n"}
,{"stream_name":"stderr","time":537.531020175,"data":"/usr/lib/python3.12/importlib/__init__.py:90: FutureWarning: `reset_plugins` is deprecated since version 0.25 and will be removed in version 0.27. The plugin infrastructure of `skimage.io` is deprecated. Instead, use `imageio` or other I/O packages directly.\n"}
,{"stream_name":"stderr","time":537.531047572,"data":"  return _bootstrap._gcd_import(name[level:], package, level)\n"}
,{"stream_name":"stderr","time":537.652006415,"data":"/usr/local/lib/python3.12/dist-packages/dask/array/image.py:7: FutureWarning: `find_available_plugins` is deprecated since version 0.25 and will be removed in version 0.27. The plugin infrastructure of `skimage.io` is deprecated. Instead, use `imageio` or other I/O packages directly.\n"}
,{"stream_name":"stderr","time":537.65204329,"data":"  from skimage.io import imread as sk_imread\n"}
,{"stream_name":"stderr","time":537.652047015,"data":"/usr/lib/python3.12/importlib/__init__.py:90: FutureWarning: `reset_plugins` is deprecated since version 0.25 and will be removed in version 0.27. The plugin infrastructure of `skimage.io` is deprecated. Instead, use `imageio` or other I/O packages directly.\n"}
,{"stream_name":"stderr","time":537.652050369,"data":"  return _bootstrap._gcd_import(name[level:], package, level)\n"}
,{"stream_name":"stderr","time":537.652054105,"data":"/usr/local/lib/python3.12/dist-packages/dask/array/image.py:7: FutureWarning: `find_available_plugins` is deprecated since version 0.25 and will be removed in version 0.27. The plugin infrastructure of `skimage.io` is deprecated. Instead, use `imageio` or other I/O packages directly.\n"}
,{"stream_name":"stderr","time":537.652073545,"data":"  from skimage.io import imread as sk_imread\n"}
,{"stream_name":"stderr","time":537.65207849,"data":"/usr/lib/python3.12/importlib/__init__.py:90: FutureWarning: `reset_plugins` is deprecated since version 0.25 and will be removed in version 0.27. The plugin infrastructure of `skimage.io` is deprecated. Instead, use `imageio` or other I/O packages directly.\n"}
,{"stream_name":"stderr","time":537.652083596,"data":"  return _bootstrap._gcd_import(name[level:], package, level)\n"}
,{"stream_name":"stderr","time":537.652087825,"data":"\n"}
,{"stream_name":"stderr","time":537.652092219,"data":"/usr/local/lib/python3.12/dist-packages/dask/array/image.py:7: FutureWarning: `find_available_plugins` is deprecated since version 0.25 and will be removed in version 0.27. The plugin infrastructure of `skimage.io` is deprecated. Instead, use `imageio` or other I/O packages directly.\n"}
,{"stream_name":"stderr","time":537.652097442,"data":"  from skimage.io import imread as sk_imread\n"}
,{"stream_name":"stderr","time":537.652119618,"data":"/usr/lib/python3.12/importlib/__init__.py:90: FutureWarning: `reset_plugins` is deprecated since version 0.25 and will be removed in version 0.27. The plugin infrastructure of `skimage.io` is deprecated. Instead, use `imageio` or other I/O packages directly.\n"}
,{"stream_name":"stderr","time":537.652143364,"data":"  return _bootstrap._gcd_import(name[level:], package, level)\n"}
,{"stream_name":"stderr","time":537.652148103,"data":"/usr/local/lib/python3.12/dist-packages/dask/array/image.py:7: FutureWarning: `find_available_plugins` is deprecated since version 0.25 and will be removed in version 0.27. The plugin infrastructure of `skimage.io` is deprecated. Instead, use `imageio` or other I/O packages directly.\n"}
,{"stream_name":"stderr","time":537.652151286,"data":"  from skimage.io import imread as sk_imread\n"}
,{"stream_name":"stderr","time":537.652153943,"data":"/usr/lib/python3.12/importlib/__init__.py:90: FutureWarning: `reset_plugins` is deprecated since version 0.25 and will be removed in version 0.27. The plugin infrastructure of `skimage.io` is deprecated. Instead, use `imageio` or other I/O packages directly.\n"}
,{"stream_name":"stderr","time":537.652157066,"data":"  return _bootstrap._gcd_import(name[level:], package, level)\n"}
,{"stream_name":"stdout","time":538.044473497,"data":"Secondary model: /kaggle/working/secondary_seed_weights/unet_transformer/split_0/edge_predictor_best.pth | edge weight=0.150 | detection weight=0.800 | link mode=low_margin_consensus | temperature=1.000 | low-margin max=0.350 | edge threshold=0.480\n"}
,{"stream_name":"stdout","time":538.044543898,"data":"Fold 0: 2 datasets | weights=weights/unet_transformer/split_0/edge_predictor_best.pth | device=cuda | window_size=2 | pool_kernel_um=3.0\n"}
,{"stream_name":"stdout","time":538.076611685,"data":"Secondary model: /kaggle/working/secondary_seed_weights/unet_transformer/split_0/edge_predictor_best.pth | edge weight=0.150 | detection weight=0.800 | link mode=low_margin_consensus | temperature=1.000 | low-margin max=0.350 | edge threshold=0.480\n"}
,{"stream_name":"stdout","time":538.076665797,"data":"Fold 0: 2 datasets | weights=weights/unet_transformer/split_0/edge_predictor_best.pth | device=cuda | window_size=2 | pool_kernel_um=3.0\n"}
,{"stream_name":"stdout","time":538.247185509,"data":"Secondary model: /kaggle/working/secondary_seed_weights/unet_transformer/split_0/edge_predictor_best.pth | edge weight=0.150 | detection weight=0.800 | link mode=low_margin_consensus | temperature=1.000 | low-margin max=0.350 | edge threshold=0.480\n"}
,{"stream_name":"stdout","time":538.247235861,"data":"Fold 0: 2 datasets | weights=weights/unet_transformer/split_0/edge_predictor_best.pth | device=cuda | window_size=2 | pool_kernel_um=3.0\n"}
,{"stream_name":"stdout","time":538.247250591,"data":"Secondary model: /kaggle/working/secondary_seed_weights/unet_transformer/split_0/edge_predictor_best.pth | edge weight=0.150 | detection weight=0.800 | link mode=low_margin_consensus | temperature=1.000 | low-margin max=0.350 | edge threshold=0.480\n"}
,{"stream_name":"stdout","time":538.247254874,"data":"Fold 0: 2 datasets | weights=weights/unet_transformer/split_0/edge_predictor_best.pth | device=cuda | window_size=2 | pool_kernel_um=3.0\n"}
,{"stream_name":"stdout","time":587.320661986,"data":"BIOHUB_RETENTION_GUARD {\"blended_candidates\": 431, \"dataset\": \"44b6_12dfb391\", \"frame\": 22, \"minimum_retention\": 0.9, \"primary_candidates\": 484, \"retention\": 0.890495867768595, \"use_primary\": true}\n"}
,{"stream_name":"stdout","time":587.536506864,"data":"BIOHUB_RETENTION_GUARD {\"blended_candidates\": 431, \"dataset\": \"44b6_12dfb391\", \"frame\": 22, \"minimum_retention\": 0.9, \"primary_candidates\": 484, \"retention\": 0.890495867768595, \"use_primary\": true}\n"}
,{"stream_name":"stdout","time":589.4753037,"data":"BIOHUB_RETENTION_GUARD {\"blended_candidates\": 433, \"dataset\": \"44b6_12dfb391\", \"frame\": 23, \"minimum_retention\": 0.9, \"primary_candidates\": 484, \"retention\": 0.8946280991735537, \"use_primary\": true}\n"}
,{"stream_name":"stdout","time":589.678420815,"data":"BIOHUB_RETENTION_GUARD {\"blended_candidates\": 433, \"dataset\": \"44b6_12dfb391\", \"frame\": 23, \"minimum_retention\": 0.9, \"primary_candidates\": 484, \"retention\": 0.8946280991735537, \"use_primary\": true}\n"}
,{"stream_name":"stdout","time":598.192141883,"data":"BIOHUB_RETENTION_GUARD {\"blended_candidates\": 451, \"dataset\": \"44b6_12dfb391\", \"frame\": 27, \"minimum_retention\": 0.9, \"primary_candidates\": 504, \"retention\": 0.8948412698412699, \"use_primary\": true}\n"}
,{"stream_name":"stdout","time":598.395174143,"data":"BIOHUB_RETENTION_GUARD {\"blended_candidates\": 451, \"dataset\": \"44b6_12dfb391\", \"frame\": 27, \"minimum_retention\": 0.9, \"primary_candidates\": 504, \"retention\": 0.8948412698412699, \"use_primary\": true}\n"}
,{"stream_name":"stdout","time":616.413807019,"data":"BIOHUB_RETENTION_GUARD {\"blended_candidates\": 449, \"dataset\": \"44b6_12dfb391\", \"frame\": 35, \"minimum_retention\": 0.9, \"primary_candidates\": 506, \"retention\": 0.8873517786561265, \"use_primary\": true}\n"}
,{"stream_name":"stdout","time":616.616644147,"data":"BIOHUB_RETENTION_GUARD {\"blended_candidates\": 449, \"dataset\": \"44b6_12dfb391\", \"frame\": 35, \"minimum_retention\": 0.9, \"primary_candidates\": 506, \"retention\": 0.8873517786561265, \"use_primary\": true}\n"}
,{"stream_name":"stdout","time":618.671816919,"data":"BIOHUB_RETENTION_GUARD {\"blended_candidates\": 452, \"dataset\": \"44b6_12dfb391\", \"frame\": 36, \"minimum_retention\": 0.9, \"primary_candidates\": 510, \"retention\": 0.8862745098039215, \"use_primary\": true}\n"}
,{"stream_name":"stdout","time":618.884465207,"data":"BIOHUB_RETENTION_GUARD {\"blended_candidates\": 452, \"dataset\": \"44b6_12dfb391\", \"frame\": 36, \"minimum_retention\": 0.9, \"primary_candidates\": 510, \"retention\": 0.8862745098039215, \"use_primary\": true}\n"}
,{"stream_name":"stdout","time":620.919477596,"data":"BIOHUB_RETENTION_GUARD {\"blended_candidates\": 459, \"dataset\": \"44b6_12dfb391\", \"frame\": 37, \"minimum_retention\": 0.9, \"primary_candidates\": 517, \"retention\": 0.8878143133462283, \"use_primary\": true}\n"}
,{"stream_name":"stdout","time":621.122488375,"data":"BIOHUB_RETENTION_GUARD {\"blended_candidates\": 459, \"dataset\": \"44b6_12dfb391\", \"frame\": 37, \"minimum_retention\": 0.9, \"primary_candidates\": 517, \"retention\": 0.8878143133462283, \"use_primary\": true}\n"}
,{"stream_name":"stdout","time":660.236932799,"data":"BIOHUB_RETENTION_GUARD {\"blended_candidates\": 471, \"dataset\": \"44b6_12dfb391\", \"frame\": 55, \"minimum_retention\": 0.9, \"primary_candidates\": 525, \"retention\": 0.8971428571428571, \"use_primary\": true}\n"}
,{"stream_name":"stdout","time":660.457617937,"data":"BIOHUB_RETENTION_GUARD {\"blended_candidates\": 471, \"dataset\": \"44b6_12dfb391\", \"frame\": 55, \"minimum_retention\": 0.9, \"primary_candidates\": 525, \"retention\": 0.8971428571428571, \"use_primary\": true}\n"}
,{"stream_name":"stdout","time":662.427387251,"data":"BIOHUB_RETENTION_GUARD {\"blended_candidates\": 466, \"dataset\": \"44b6_12dfb391\", \"frame\": 56, \"minimum_retention\": 0.9, \"primary_candidates\": 529, \"retention\": 0.8809073724007561, \"use_primary\": true}\n"}
,{"stream_name":"stdout","time":662.630075443,"data":"BIOHUB_RETENTION_GUARD {\"blended_candidates\": 466, \"dataset\": \"44b6_12dfb391\", \"frame\": 56, \"minimum_retention\": 0.9, \"primary_candidates\": 529, \"retention\": 0.8809073724007561, \"use_primary\": true}\n"}
,{"stream_name":"stdout","time":664.623602318,"data":"BIOHUB_RETENTION_GUARD {\"blended_candidates\": 463, \"dataset\": \"44b6_12dfb391\", \"frame\": 57, \"minimum_retention\": 0.9, \"primary_candidates\": 525, \"retention\": 0.8819047619047619, \"use_primary\": true}\n"}
,{"stream_name":"stdout","time":664.827040518,"data":"BIOHUB_RETENTION_GUARD {\"blended_candidates\": 463, \"dataset\": \"44b6_12dfb391\", \"frame\": 57, \"minimum_retention\": 0.9, \"primary_candidates\": 525, \"retention\": 0.8819047619047619, \"use_primary\": true}\n"}
,{"stream_name":"stdout","time":666.855762367,"data":"BIOHUB_RETENTION_GUARD {\"blended_candidates\": 462, \"dataset\": \"44b6_12dfb391\", \"frame\": 58, \"minimum_retention\": 0.9, \"primary_candidates\": 524, \"retention\": 0.8816793893129771, \"use_primary\": true}\n"}
,{"stream_name":"stdout","time":667.058334738,"data":"BIOHUB_RETENTION_GUARD {\"blended_candidates\": 462, \"dataset\": \"44b6_12dfb391\", \"frame\": 58, \"minimum_retention\": 0.9, \"primary_candidates\": 524, \"retention\": 0.8816793893129771, \"use_primary\": true}\n"}
,{"stream_name":"stdout","time":669.062313538,"data":"BIOHUB_RETENTION_GUARD {\"blended_candidates\": 458, \"dataset\": \"44b6_12dfb391\", \"frame\": 59, \"minimum_retention\": 0.9, \"primary_candidates\": 532, \"retention\": 0.8609022556390977, \"use_primary\": true}\n"}
,{"stream_name":"stdout","time":669.265261166,"data":"BIOHUB_RETENTION_GUARD {\"blended_candidates\": 458, \"dataset\": \"44b6_12dfb391\", \"frame\": 59, \"minimum_retention\": 0.9, \"primary_candidates\": 532, \"retention\": 0.8609022556390977, \"use_primary\": true}\n"}
,{"stream_name":"stdout","time":673.52072257,"data":"BIOHUB_RETENTION_GUARD {\"blended_candidates\": 462, \"dataset\": \"44b6_12dfb391\", \"frame\": 61, \"minimum_retention\": 0.9, \"primary_candidates\": 543, \"retention\": 0.850828729281768, \"use_primary\": true}\n"}
,{"stream_name":"stdout","time":673.723818593,"data":"BIOHUB_RETENTION_GUARD {\"blended_candidates\": 462, \"dataset\": \"44b6_12dfb391\", \"frame\": 61, \"minimum_retention\": 0.9, \"primary_candidates\": 543, \"retention\": 0.850828729281768, \"use_primary\": true}\n"}
,{"stream_name":"stdout","time":677.935555403,"data":"BIOHUB_RETENTION_GUARD {\"blended_candidates\": 491, \"dataset\": \"44b6_12dfb391\", \"frame\": 63, \"minimum_retention\": 0.9, \"primary_candidates\": 548, \"retention\": 0.8959854014598541, \"use_primary\": true}\n"}
,{"stream_name":"stdout","time":678.137852907,"data":"BIOHUB_RETENTION_GUARD {\"blended_candidates\": 491, \"dataset\": \"44b6_12dfb391\", \"frame\": 63, \"minimum_retention\": 0.9, \"primary_candidates\": 548, \"retention\": 0.8959854014598541, \"use_primary\": true}\n"}
,{"stream_name":"stdout","time":688.940677884,"data":"BIOHUB_RETENTION_GUARD {\"blended_candidates\": 500, \"dataset\": \"44b6_12dfb391\", \"frame\": 68, \"minimum_retention\": 0.9, \"primary_candidates\": 560, \"retention\": 0.8928571428571429, \"use_primary\": true}\n"}
,{"stream_name":"stdout","time":689.143535654,"data":"BIOHUB_RETENTION_GUARD {\"blended_candidates\": 500, \"dataset\": \"44b6_12dfb391\", \"frame\": 68, \"minimum_retention\": 0.9, \"primary_candidates\": 560, \"retention\": 0.8928571428571429, \"use_primary\": true}\n"}
,{"stream_name":"stdout","time":691.204019738,"data":"BIOHUB_RETENTION_GUARD {\"blended_candidates\": 482, \"dataset\": \"44b6_12dfb391\", \"frame\": 69, \"minimum_retention\": 0.9, \"primary_candidates\": 570, \"retention\": 0.8456140350877193, \"use_primary\": true}\n"}
,{"stream_name":"stdout","time":691.42151794,"data":"BIOHUB_RETENTION_GUARD {\"blended_candidates\": 482, \"dataset\": \"44b6_12dfb391\", \"frame\": 69, \"minimum_retention\": 0.9, \"primary_candidates\": 570, \"retention\": 0.8456140350877193, \"use_primary\": true}\n"}
,{"stream_name":"stdout","time":693.49717814,"data":"BIOHUB_RETENTION_GUARD {\"blended_candidates\": 471, \"dataset\": \"44b6_12dfb391\", \"frame\": 70, \"minimum_retention\": 0.9, \"primary_candidates\": 545, \"retention\": 0.8642201834862385, \"use_primary\": true}\n"}
,{"stream_name":"stdout","time":693.700061551,"data":"BIOHUB_RETENTION_GUARD {\"blended_candidates\": 471, \"dataset\": \"44b6_12dfb391\", \"frame\": 70, \"minimum_retention\": 0.9, \"primary_candidates\": 545, \"retention\": 0.8642201834862385, \"use_primary\": true}\n"}
,{"stream_name":"stdout","time":695.738387913,"data":"BIOHUB_RETENTION_GUARD {\"blended_candidates\": 488, \"dataset\": \"44b6_12dfb391\", \"frame\": 71, \"minimum_retention\": 0.9, \"primary_candidates\": 555, \"retention\": 0.8792792792792793, \"use_primary\": true}\n"}
,{"stream_name":"stdout","time":695.940990412,"data":"BIOHUB_RETENTION_GUARD {\"blended_candidates\": 488, \"dataset\": \"44b6_12dfb391\", \"frame\": 71, \"minimum_retention\": 0.9, \"primary_candidates\": 555, \"retention\": 0.8792792792792793, \"use_primary\": true}\n"}
,{"stream_name":"stdout","time":698.006694909,"data":"BIOHUB_RETENTION_GUARD {\"blended_candidates\": 487, \"dataset\": \"44b6_12dfb391\", \"frame\": 72, \"minimum_retention\": 0.9, \"primary_candidates\": 555, \"retention\": 0.8774774774774775, \"use_primary\": true}\n"}
,{"stream_name":"stdout","time":698.209444084,"data":"BIOHUB_RETENTION_GUARD {\"blended_candidates\": 487, \"dataset\": \"44b6_12dfb391\", \"frame\": 72, \"minimum_retention\": 0.9, \"primary_candidates\": 555, \"retention\": 0.8774774774774775, \"use_primary\": true}\n"}
,{"stream_name":"stdout","time":702.463080645,"data":"BIOHUB_RETENTION_GUARD {\"blended_candidates\": 504, \"dataset\": \"44b6_12dfb391\", \"frame\": 74, \"minimum_retention\": 0.9, \"primary_candidates\": 564, \"retention\": 0.8936170212765957, \"use_primary\": true}\n"}
,{"stream_name":"stdout","time":702.66602481,"data":"BIOHUB_RETENTION_GUARD {\"blended_candidates\": 504, \"dataset\": \"44b6_12dfb391\", \"frame\": 74, \"minimum_retention\": 0.9, \"primary_candidates\": 564, \"retention\": 0.8936170212765957, \"use_primary\": true}\n"}
,{"stream_name":"stdout","time":704.710443583,"data":"BIOHUB_RETENTION_GUARD {\"blended_candidates\": 468, \"dataset\": \"44b6_12dfb391\", \"frame\": 75, \"minimum_retention\": 0.9, \"primary_candidates\": 565, \"retention\": 0.8283185840707965, \"use_primary\": true}\n"}
,{"stream_name":"stdout","time":704.9127488,"data":"BIOHUB_RETENTION_GUARD {\"blended_candidates\": 468, \"dataset\": \"44b6_12dfb391\", \"frame\": 75, \"minimum_retention\": 0.9, \"primary_candidates\": 565, \"retention\": 0.8283185840707965, \"use_primary\": true}\n"}
,{"stream_name":"stdout","time":706.976338159,"data":"BIOHUB_RETENTION_GUARD {\"blended_candidates\": 507, \"dataset\": \"44b6_12dfb391\", \"frame\": 76, \"minimum_retention\": 0.9, \"primary_candidates\": 579, \"retention\": 0.8756476683937824, \"use_primary\": true}\n"}
,{"stream_name":"stdout","time":707.179173399,"data":"BIOHUB_RETENTION_GUARD {\"blended_candidates\": 507, \"dataset\": \"44b6_12dfb391\", \"frame\": 76, \"minimum_retention\": 0.9, \"primary_candidates\": 579, \"retention\": 0.8756476683937824, \"use_primary\": true}\n"}
,{"stream_name":"stdout","time":709.22132385,"data":"BIOHUB_RETENTION_GUARD {\"blended_candidates\": 503, \"dataset\": \"44b6_12dfb391\", \"frame\": 77, \"minimum_retention\": 0.9, \"primary_candidates\": 582, \"retention\": 0.8642611683848798, \"use_primary\": true}\n"}
,{"stream_name":"stdout","time":709.424489412,"data":"BIOHUB_RETENTION_GUARD {\"blended_candidates\": 503, \"dataset\": \"44b6_12dfb391\", \"frame\": 77, \"minimum_retention\": 0.9, \"primary_candidates\": 582, \"retention\": 0.8642611683848798, \"use_primary\": true}\n"}
,{"stream_name":"stdout","time":711.489898501,"data":"BIOHUB_RETENTION_GUARD {\"blended_candidates\": 519, \"dataset\": \"44b6_12dfb391\", \"frame\": 78, \"minimum_retention\": 0.9, \"primary_candidates\": 585, \"retention\": 0.8871794871794871, \"use_primary\": true}\n"}
,{"stream_name":"stdout","time":711.692766047,"data":"BIOHUB_RETENTION_GUARD {\"blended_candidates\": 519, \"dataset\": \"44b6_12dfb391\", \"frame\": 78, \"minimum_retention\": 0.9, \"primary_candidates\": 585, \"retention\": 0.8871794871794871, \"use_primary\": true}\n"}
,{"stream_name":"stdout","time":722.829721371,"data":"BIOHUB_RETENTION_GUARD {\"blended_candidates\": 478, \"dataset\": \"44b6_12dfb391\", \"frame\": 83, \"minimum_retention\": 0.9, \"primary_candidates\": 555, \"retention\": 0.8612612612612612, \"use_primary\": true}\n"}
,{"stream_name":"stdout","time":723.047669841,"data":"BIOHUB_RETENTION_GUARD {\"blended_candidates\": 478, \"dataset\": \"44b6_12dfb391\", \"frame\": 83, \"minimum_retention\": 0.9, \"primary_candidates\": 555, \"retention\": 0.8612612612612612, \"use_primary\": true}\n"}
,{"stream_name":"stdout","time":725.042510408,"data":"BIOHUB_RETENTION_GUARD {\"blended_candidates\": 501, \"dataset\": \"44b6_12dfb391\", \"frame\": 84, \"minimum_retention\": 0.9, \"primary_candidates\": 566, \"retention\": 0.8851590106007067, \"use_primary\": true}\n"}
,{"stream_name":"stdout","time":725.245371007,"data":"BIOHUB_RETENTION_GUARD {\"blended_candidates\": 501, \"dataset\": \"44b6_12dfb391\", \"frame\": 84, \"minimum_retention\": 0.9, \"primary_candidates\": 566, \"retention\": 0.8851590106007067, \"use_primary\": true}\n"}
,{"stream_name":"stdout","time":736.227301501,"data":"BIOHUB_RETENTION_GUARD {\"blended_candidates\": 539, \"dataset\": \"44b6_12dfb391\", \"frame\": 89, \"minimum_retention\": 0.9, \"primary_candidates\": 618, \"retention\": 0.872168284789644, \"use_primary\": true}\n"}
,{"stream_name":"stdout","time":736.431105228,"data":"BIOHUB_RETENTION_GUARD {\"blended_candidates\": 539, \"dataset\": \"44b6_12dfb391\", \"frame\": 89, \"minimum_retention\": 0.9, \"primary_candidates\": 618, \"retention\": 0.872168284789644, \"use_primary\": true}\n"}
,{"stream_name":"stdout","time":738.473686824,"data":"BIOHUB_RETENTION_GUARD {\"blended_candidates\": 532, \"dataset\": \"44b6_12dfb391\", \"frame\": 90, \"minimum_retention\": 0.9, \"primary_candidates\": 595, \"retention\": 0.8941176470588236, \"use_primary\": true}\n"}
,{"stream_name":"stdout","time":738.677175683,"data":"BIOHUB_RETENTION_GUARD {\"blended_candidates\": 532, \"dataset\": \"44b6_12dfb391\", \"frame\": 90, \"minimum_retention\": 0.9, \"primary_candidates\": 595, \"retention\": 0.8941176470588236, \"use_primary\": true}\n"}
,{"stream_name":"stdout","time":744.577634884,"data":"EXP052 proposals 44b6_267148e4 rank2= 26394 rank3= 26394\n"}
,{"stream_name":"stdout","time":744.780275284,"data":"EXP052 proposals 44b6_267148e4 rank2= 26394 rank3= 26394\n"}
,{"stream_name":"stdout","time":747.407482165,"data":"BIOHUB_RETENTION_GUARD {\"blended_candidates\": 520, \"dataset\": \"44b6_12dfb391\", \"frame\": 94, \"minimum_retention\": 0.9, \"primary_candidates\": 583, \"retention\": 0.8919382504288165, \"use_primary\": true}\n"}
,{"stream_name":"stdout","time":747.610420135,"data":"BIOHUB_RETENTION_GUARD {\"blended_candidates\": 520, \"dataset\": \"44b6_12dfb391\", \"frame\": 94, \"minimum_retention\": 0.9, \"primary_candidates\": 583, \"retention\": 0.8919382504288165, \"use_primary\": true}\n"}
,{"stream_name":"stdout","time":760.03354739,"data":"EXP052 proposals 44b6_12dfb391 rank2= 49743 rank3= 49743\n"}
,{"stream_name":"stdout","time":760.25440536,"data":"EXP052 proposals 44b6_12dfb391 rank2= 49743 rank3= 49743\n"}
,{"stream_name":"stdout","time":836.116018408,"data":"BIOHUB_RETENTION_GUARD {\"blended_candidates\": 342, \"dataset\": \"6bba_07e24132\", \"frame\": 32, \"minimum_retention\": 0.9, \"primary_candidates\": 392, \"retention\": 0.8724489795918368, \"use_primary\": true}\n"}
,{"stream_name":"stdout","time":836.32951707,"data":"BIOHUB_RETENTION_GUARD {\"blended_candidates\": 342, \"dataset\": \"6bba_07e24132\", \"frame\": 32, \"minimum_retention\": 0.9, \"primary_candidates\": 392, \"retention\": 0.8724489795918368, \"use_primary\": true}\n"}
,{"stream_name":"stdout","time":951.977280162,"data":"BIOHUB_RETENTION_GUARD {\"blended_candidates\": 59, \"dataset\": \"6bba_062c8d37\", \"frame\": 73, \"minimum_retention\": 0.9, \"primary_candidates\": 68, \"retention\": 0.8676470588235294, \"use_primary\": true}\n"}
,{"stream_name":"stdout","time":952.205379233,"data":"BIOHUB_RETENTION_GUARD {\"blended_candidates\": 59, \"dataset\": \"6bba_062c8d37\", \"frame\": 73, \"minimum_retention\": 0.9, \"primary_candidates\": 68, \"retention\": 0.8676470588235294, \"use_primary\": true}\n"}
,{"stream_name":"stdout","time":954.022138626,"data":"BIOHUB_RETENTION_GUARD {\"blended_candidates\": 62, \"dataset\": \"6bba_062c8d37\", \"frame\": 74, \"minimum_retention\": 0.9, \"primary_candidates\": 69, \"retention\": 0.8985507246376812, \"use_primary\": true}\n"}
,{"stream_name":"stdout","time":954.225319129,"data":"BIOHUB_RETENTION_GUARD {\"blended_candidates\": 62, \"dataset\": \"6bba_062c8d37\", \"frame\": 74, \"minimum_retention\": 0.9, \"primary_candidates\": 69, \"retention\": 0.8985507246376812, \"use_primary\": true}\n"}
,{"stream_name":"stdout","time":974.565730119,"data":"BIOHUB_RETENTION_GUARD {\"blended_candidates\": 64, \"dataset\": \"6bba_062c8d37\", \"frame\": 84, \"minimum_retention\": 0.9, \"primary_candidates\": 73, \"retention\": 0.8767123287671232, \"use_primary\": true}\n"}
,{"stream_name":"stdout","time":974.76872105,"data":"BIOHUB_RETENTION_GUARD {\"blended_candidates\": 64, \"dataset\": \"6bba_062c8d37\", \"frame\": 84, \"minimum_retention\": 0.9, \"primary_candidates\": 73, \"retention\": 0.8767123287671232, \"use_primary\": true}\n"}
,{"stream_name":"stdout","time":981.699502543,"data":"EXP052 proposals 6bba_07e24132 rank2= 36018 rank3= 36018\n"}
,{"stream_name":"stdout","time":981.90196981,"data":"EXP052 proposals 6bba_07e24132 rank2= 36018 rank3= 36018\n"}
,{"stream_name":"stdout","time":1005.282385309,"data":"Saved 2 predictions to /kaggle/working/tracking_repo/predictions/unknown/unet_transformer_val_gpu1/split_0\n"}
,{"stream_name":"stdout","time":1005.502777887,"data":"Saved 2 predictions to /kaggle/working/tracking_repo/predictions/unknown/unet_transformer_val_gpu1/split_0\n"}
,{"stream_name":"stdout","time":1005.677750988,"data":"EXP052 proposals 6bba_062c8d37 rank2= 6553 rank3= 6553\n"}
,{"stream_name":"stdout","time":1005.880572352,"data":"EXP052 proposals 6bba_062c8d37 rank2= 6553 rank3= 6553\n"}
,{"stream_name":"stdout","time":1010.368231384,"data":"Saved 2 predictions to /kaggle/working/tracking_repo/predictions/unknown/unet_transformer_val_gpu0/split_0\n"}
,{"stream_name":"stdout","time":1010.570656506,"data":"Saved 2 predictions to /kaggle/working/tracking_repo/predictions/unknown/unet_transformer_val_gpu0/split_0\n"}
,{"stream_name":"stdout","time":1012.704676665,"data":"VALIDATOR: merged 4 prediction graphs into /kaggle/working/tracking_repo/predictions/unknown/unet_transformer_val/split_0\n"}
,{"stream_name":"stdout","time":1012.704716141,"data":"VALIDATOR: prediction completed in 8.02 minutes\n"}
,{"stream_name":"stdout","time":1012.906049653,"data":"Post-process base configuration (public 0.939):\n"}
,{"stream_name":"stdout","time":1012.906101878,"data":"  SAFE_DIV_MAX_UM                          9.0\n"}
,{"stream_name":"stdout","time":1012.906109078,"data":"  SAFE_DIV_SISTER_MAX_UM                   14.0\n"}
,{"stream_name":"stdout","time":1012.906115253,"data":"  SAFE_DIV_DIVERGE_UM                      2.25\n"}
,{"stream_name":"stdout","time":1012.906121467,"data":"  SAFE_DIV_SISTER_SYMMETRY_TAU             0.6\n"}
,{"stream_name":"stdout","time":1012.906127425,"data":"  SAFE_DIV_EXISTING_CHILD_MAX_UM           10.0\n"}
,{"stream_name":"stdout","time":1012.906133287,"data":"  SAFE_DIV_FRAME_FRAC_CAP                  0.0076\n"}
,{"stream_name":"stdout","time":1012.906139234,"data":"  SAFE_DIV_GLOBAL_FRAC_CAP                 0.00375\n"}
,{"stream_name":"stdout","time":1012.906290501,"data":"  DEEPCENTER_SAFE_DIV_THRESHOLD            0.25\n"}
,{"stream_name":"stdout","time":1012.906325987,"data":"  DEEPCENTER_GAP_THRESHOLD                 0.25\n"}
,{"stream_name":"stdout","time":1012.906331582,"data":"  GAP_CLOSE_UM                             5.0\n"}
,{"stream_name":"stdout","time":1012.906335807,"data":"  OUTPUT_MIN_TRACK_LEN                     6\n"}
,{"stream_name":"stdout","time":1012.906339754,"data":"  SHORT_TRACK_RESCUE_MIN_MEAN_EDGE_PROB    0.88\n"}
,{"stream_name":"stdout","time":1012.90634383,"data":"  MOTION_RELINK_TIGHT_UM                   6.0\n"}
,{"stream_name":"stdout","time":1012.906348641,"data":"  MOTION_RELINK_RELAXED_UM                 10.0\n"}
,{"stream_name":"stdout","time":1012.906353217,"data":"  GAP2_MAX_STEP_UM                         4.4\n"}
,{"stream_name":"stdout","time":1012.906358276,"data":"  GAP2_MAX_TOTAL_UM                        10.2\n"}
,{"stream_name":"stdout","time":1012.906363133,"data":"  MOTION_RELINK_LEARNED_BONUS              1.0\n"}
,{"stream_name":"stdout","time":1012.906367351,"data":"  MOTION_RELINK_VELOCITY_WEIGHT            0.5\n"}
,{"stream_name":"stdout","time":1012.90637164,"data":"  GAP_CLOSE_REUSE_UM                       3.2\n"}
,{"stream_name":"stdout","time":1012.906376184,"data":"  OUTPUT_EDGE_MAX_UM                       14.0\n"}
,{"stream_name":"stdout","time":1015.257434979,"data":"VALIDATOR: cached 4 raw prediction graphs + GT\n"}
,{"stream_name":"stdout","time":1015.257475886,"data":"EXP019: legacy four-video proxy execution disabled; formal comparison uses patched scorer.\n"}
,{"stream_name":"stdout","time":1121.18301646,"data":"EXP019 official patched scorer: /kaggle/input/datasets/dalloliogm/biohub-official-scorer-patched/tracking_cellmot_075fc5f/src/tracking_cellmot/metrics.py\n"}
,{"stream_name":"stdout","time":1121.183060485,"data":"==============================================================================\n"}
,{"stream_name":"stdout","time":1121.183068508,"data":"EXP054 strategy: off\n"}
,{"stream_name":"stdout","time":1184.484854621,"data":"  [44b6_12dfb391] after edge-filter+motion-relink: 43118 nodes, 40789 edges\n"}
,{"stream_name":"stdout","time":1185.343371469,"data":"DEEPCENTER_TTA_ACTIVE views= 8 mean_abs_logit_delta= 0.132016\n"}
,{"stream_name":"stdout","time":1199.014752038,"data":"  [44b6_12dfb391] after gap-closing (single-frame + gap2): 43785 nodes, 42041 edges\n"}
,{"stream_name":"stdout","time":1225.238100051,"data":"  [44b6_12dfb391] after safe-division repair: 43785 nodes, 42056 edges (geometric_candidates=153, deepcenter_rejected=138, post_veto_candidates=15, added=15, cap_skipped=0, mutual_nn_rejected=56, divergence_rejected=1529)\n"}
,{"stream_name":"stdout","time":1225.238137144,"data":"  [44b6_12dfb391] after division-geometry-filter+prune-isolated: 43779 nodes, 42056 edges\n"}
,{"stream_name":"stdout","time":1225.238148465,"data":"  [44b6_12dfb391] after short-track filtering: 42582 nodes, 41132 edges (components_removed=273)\n"}
,{"stream_name":"stdout","time":1234.703683711,"data":"  [44b6_12dfb391] FINAL: 42582 nodes, 41132 edges\n"}
,{"stream_name":"stdout","time":1252.206283813,"data":"  [44b6_267148e4] after edge-filter+motion-relink: 21669 nodes, 20287 edges\n"}
,{"stream_name":"stdout","time":1265.372968156,"data":"  [44b6_267148e4] after gap-closing (single-frame + gap2): 21940 nodes, 20781 edges\n"}
,{"stream_name":"stdout","time":1292.436959977,"data":"  [44b6_267148e4] after safe-division repair: 21940 nodes, 20802 edges (geometric_candidates=196, deepcenter_rejected=169, post_veto_candidates=27, added=21, cap_skipped=0, mutual_nn_rejected=119, divergence_rejected=1004)\n"}
,{"stream_name":"stdout","time":1292.437049346,"data":"  [44b6_267148e4] after division-geometry-filter+prune-isolated: 21886 nodes, 20802 edges\n"}
,{"stream_name":"stdout","time":1292.437056258,"data":"  [44b6_267148e4] after short-track filtering: 21055 nodes, 20174 edges (components_removed=203)\n"}
,{"stream_name":"stdout","time":1297.066521529,"data":"  [44b6_267148e4] FINAL: 21055 nodes, 20174 edges\n"}
,{"stream_name":"stdout","time":1298.895965004,"data":"  [6bba_062c8d37] after edge-filter+motion-relink: 5983 nodes, 5628 edges\n"}
,{"stream_name":"stdout","time":1300.046696273,"data":"  [6bba_062c8d37] after gap-closing (single-frame + gap2): 6030 nodes, 5715 edges\n"}
,{"stream_name":"stdout","time":1303.78283206,"data":"  [6bba_062c8d37] after safe-division repair: 6030 nodes, 5719 edges (geometric_candidates=13, deepcenter_rejected=9, post_veto_candidates=4, added=4, cap_skipped=0, mutual_nn_rejected=3, divergence_rejected=67)\n"}
,{"stream_name":"stdout","time":1303.782881853,"data":"  [6bba_062c8d37] after division-geometry-filter+prune-isolated: 6000 nodes, 5719 edges\n"}
,{"stream_name":"stdout","time":1303.782893164,"data":"  [6bba_062c8d37] after short-track filtering: 5840 nodes, 5605 edges (components_removed=46)\n"}
,{"stream_name":"stdout","time":1305.062187739,"data":"  [6bba_062c8d37] FINAL: 5840 nodes, 5605 edges\n"}
,{"stream_name":"stdout","time":1326.778795259,"data":"  [6bba_07e24132] after edge-filter+motion-relink: 24880 nodes, 23389 edges\n"}
,{"stream_name":"stdout","time":1337.393896557,"data":"  [6bba_07e24132] after gap-closing (single-frame + gap2): 25210 nodes, 23994 edges\n"}
,{"stream_name":"stdout","time":1353.74392173,"data":"  [6bba_07e24132] after safe-division repair: 25210 nodes, 24000 edges (geometric_candidates=87, deepcenter_rejected=80, post_veto_candidates=7, added=6, cap_skipped=0, mutual_nn_rejected=55, divergence_rejected=906)\n"}
,{"stream_name":"stdout","time":1353.743972747,"data":"  [6bba_07e24132] after division-geometry-filter+prune-isolated: 25198 nodes, 24000 edges\n"}
,{"stream_name":"stdout","time":1353.743979858,"data":"  [6bba_07e24132] after short-track filtering: 24181 nodes, 23216 edges (components_removed=233)\n"}
,{"stream_name":"stdout","time":1359.138278293,"data":"  [6bba_07e24132] FINAL: 24181 nodes, 23216 edges\n"}
,{"stream_name":"stdout","time":1359.536762234,"data":"6bba_062c8d37: 5840 nodes, 5605 edges -\u003e /kaggle/working/focus_strategy_off_geffs/6bba_062c8d37.geff\n"}
,{"stream_name":"stdout","time":1359.752940411,"data":"6bba_07e24132: 24181 nodes, 23216 edges -\u003e /kaggle/working/focus_strategy_off_geffs/6bba_07e24132.geff\n"}
,{"stream_name":"stdout","time":1359.752977222,"data":"44b6_267148e4: 21055 nodes, 20174 edges -\u003e /kaggle/working/focus_strategy_off_geffs/44b6_267148e4.geff\n"}
,{"stream_name":"stdout","time":1360.420869792,"data":"44b6_12dfb391: 42582 nodes, 41132 edges -\u003e /kaggle/working/focus_strategy_off_geffs/44b6_12dfb391.geff\n"}
,{"stream_name":"stdout","time":1360.420919505,"data":"\n"}
,{"stream_name":"stdout","time":1360.420926772,"data":"Wrote 4 geffs to /kaggle/working/focus_strategy_off_geffs\n"}
,{"stream_name":"stdout","time":1360.420932067,"data":"4 datasets in both pred and GT (of 4 pred / 199 GT)\n"}
,{"stream_name":"stdout","time":1362.982731755,"data":"  44b6_12dfb391: edge TP/FP/FN=743/39/30 div TP/FP/FN=0/0/1 n_pred=42582\n"}
,{"stream_name":"stdout","time":1364.50329511,"data":"  44b6_267148e4: edge TP/FP/FN=254/38/23 div TP/FP/FN=0/0/1 n_pred=21055\n"}
,{"stream_name":"stdout","time":1365.405928545,"data":"  6bba_062c8d37: edge TP/FP/FN=887/7/11 div TP/FP/FN=1/0/0 n_pred=5840\n"}
,{"stream_name":"stdout","time":1367.496481823,"data":"  6bba_07e24132: edge TP/FP/FN=307/21/38 div TP/FP/FN=0/0/2 n_pred=24181\n"}
,{"stream_name":"stdout","time":1367.496535374,"data":"OFFICIAL SUMMARY {'mode': 'off', 'n': 4, 'edge_jaccard': 0.9136780650542119, 'division_jaccard': 0.2, 'division_tp': 1, 'division_fp': 0, 'division_fn': 4, 'node_recall': 0.979074072722612, 'adj_edge_jaccard': 0.9206682101946045, 'n_adj': 4, 'score': 0.9406682101946046, 'focus_checked': 0, 'focus_accepted': 0, 'focus_veto_removed': 0, 'focus_frames_loaded': 0, 'exp049_structural_candidates': 0, 'exp049_deepcenter_rejected': 0, 'exp049_divergence_rejected': 0, 'exp049_added': 0, 'exp049_rewired': 0, 'exp049_cap_rejected': 0, 'exp052_rank3_saved_proposals': 0, 'exp052_rank3_frame_blocked': 0, 'exp052_rank3_structural_candidates': 0, 'exp052_rank3_deepcenter_rejected': 0, 'exp052_rank3_divergence_rejected': 0, 'exp052_rank3_added': 0, 'exp052_rank3_rewired': 0, 'exp052_rank3_cap_rejected': 0, 'exp054_joint_saved_proposals': 0, 'exp054_joint_structural_candidates': 0, 'exp054_joint_deepcenter_rejected': 0, 'exp054_joint_divergence_rejected': 0, 'exp054_joint_existing_fork_skipped': 0, 'exp054_joint_added': 0, 'exp054_joint_rewired': 0, 'exp054_joint_source_replaced': 0, 'exp054_joint_cap_rejected': 0}\n"}
,{"stream_name":"stdout","time":1367.496546408,"data":"==============================================================================\n"}
,{"stream_name":"stdout","time":1367.496549301,"data":"EXP054 strategy: exp049_cos060\n"}
,{"stream_name":"stdout","time":1431.168136914,"data":"  [44b6_12dfb391] after edge-filter+motion-relink: 43118 nodes, 40789 edges\n"}
,{"stream_name":"stdout","time":1444.848534977,"data":"  [44b6_12dfb391] after gap-closing (single-frame + gap2): 43785 nodes, 42041 edges\n"}
,{"stream_name":"stdout","time":1473.277024606,"data":"  [44b6_12dfb391] EXP054 mode=exp049_cos060 joint_saved=0 joint_candidates=0 joint_added=0 joint_rewired=0\n"}
,{"stream_name":"stdout","time":1473.277062615,"data":"  [44b6_12dfb391] after safe-division repair: 43785 nodes, 42056 edges (geometric_candidates=153, deepcenter_rejected=138, post_veto_candidates=15, added=15, cap_skipped=0, mutual_nn_rejected=56, divergence_rejected=1529)\n"}
,{"stream_name":"stdout","time":1473.277071744,"data":"  [44b6_12dfb391] after division-geometry-filter+prune-isolated: 43779 nodes, 42056 edges\n"}
,{"stream_name":"stdout","time":1473.277079614,"data":"  [44b6_12dfb391] after short-track filtering: 42582 nodes, 41132 edges (components_removed=273)\n"}
,{"stream_name":"stdout","time":1482.854847578,"data":"  [44b6_12dfb391] FINAL: 42582 nodes, 41132 edges\n"}
,{"stream_name":"stdout","time":1500.333900125,"data":"  [44b6_267148e4] after edge-filter+motion-relink: 21669 nodes, 20287 edges\n"}
,{"stream_name":"stdout","time":1513.196639096,"data":"  [44b6_267148e4] after gap-closing (single-frame + gap2): 21940 nodes, 20781 edges\n"}
,{"stream_name":"stdout","time":1543.007591334,"data":"  [44b6_267148e4] EXP054 mode=exp049_cos060 joint_saved=0 joint_candidates=0 joint_added=0 joint_rewired=0\n"}
,{"stream_name":"stdout","time":1543.007653775,"data":"  [44b6_267148e4] after safe-division repair: 21940 nodes, 20802 edges (geometric_candidates=196, deepcenter_rejected=169, post_veto_candidates=27, added=21, cap_skipped=0, mutual_nn_rejected=119, divergence_rejected=1004)\n"}
,{"stream_name":"stdout","time":1543.007663774,"data":"  [44b6_267148e4] after division-geometry-filter+prune-isolated: 21886 nodes, 20802 edges\n"}
,{"stream_name":"stdout","time":1543.007669765,"data":"  [44b6_267148e4] after short-track filtering: 21051 nodes, 20171 edges (components_removed=204)\n"}
,{"stream_name":"stdout","time":1547.728341724,"data":"  [44b6_267148e4] FINAL: 21051 nodes, 20171 edges\n"}
,{"stream_name":"stdout","time":1549.530261986,"data":"  [6bba_062c8d37] after edge-filter+motion-relink: 5983 nodes, 5628 edges\n"}
,{"stream_name":"stdout","time":1550.649495715,"data":"  [6bba_062c8d37] after gap-closing (single-frame + gap2): 6030 nodes, 5715 edges\n"}
,{"stream_name":"stdout","time":1554.409078074,"data":"  [6bba_062c8d37] EXP054 mode=exp049_cos060 joint_saved=0 joint_candidates=0 joint_added=0 joint_rewired=0\n"}
,{"stream_name":"stdout","time":1554.409124568,"data":"  [6bba_062c8d37] after safe-division repair: 6030 nodes, 5719 edges (geometric_candidates=13, deepcenter_rejected=9, post_veto_candidates=4, added=4, cap_skipped=0, mutual_nn_rejected=3, divergence_rejected=67)\n"}
,{"stream_name":"stdout","time":1554.409150515,"data":"  [6bba_062c8d37] after division-geometry-filter+prune-isolated: 6000 nodes, 5719 edges\n"}
,{"stream_name":"stdout","time":1554.409157361,"data":"  [6bba_062c8d37] after short-track filtering: 5840 nodes, 5605 edges (components_removed=46)\n"}
,{"stream_name":"stdout","time":1555.667959045,"data":"  [6bba_062c8d37] FINAL: 5840 nodes, 5605 edges\n"}
,{"stream_name":"stdout","time":1577.17826477,"data":"  [6bba_07e24132] after edge-filter+motion-relink: 24880 nodes, 23389 edges\n"}
,{"stream_name":"stdout","time":1587.863926581,"data":"  [6bba_07e24132] after gap-closing (single-frame + gap2): 25210 nodes, 23994 edges\n"}
,{"stream_name":"stdout","time":1604.29101571,"data":"  [6bba_07e24132] EXP054 mode=exp049_cos060 joint_saved=0 joint_candidates=0 joint_added=0 joint_rewired=0\n"}
,{"stream_name":"stdout","time":1604.291068397,"data":"  [6bba_07e24132] after safe-division repair: 25210 nodes, 24000 edges (geometric_candidates=87, deepcenter_rejected=80, post_veto_candidates=7, added=6, cap_skipped=0, mutual_nn_rejected=55, divergence_rejected=906)\n"}
,{"stream_name":"stdout","time":1604.291078189,"data":"  [6bba_07e24132] after division-geometry-filter+prune-isolated: 25198 nodes, 24000 edges\n"}
,{"stream_name":"stdout","time":1604.291084827,"data":"  [6bba_07e24132] after short-track filtering: 24181 nodes, 23216 edges (components_removed=233)\n"}
,{"stream_name":"stdout","time":1609.704683006,"data":"  [6bba_07e24132] FINAL: 24181 nodes, 23216 edges\n"}
,{"stream_name":"stdout","time":1610.308606902,"data":"44b6_12dfb391: 42582 nodes, 41132 edges -\u003e /kaggle/working/focus_strategy_exp049_cos060_geffs/44b6_12dfb391.geff\n"}
,{"stream_name":"stdout","time":1610.539585417,"data":"6bba_07e24132: 24181 nodes, 23216 edges -\u003e /kaggle/working/focus_strategy_exp049_cos060_geffs/6bba_07e24132.geff\n"}
,{"stream_name":"stdout","time":1610.539622242,"data":"44b6_267148e4: 21051 nodes, 20171 edges -\u003e /kaggle/working/focus_strategy_exp049_cos060_geffs/44b6_267148e4.geff\n"}
,{"stream_name":"stdout","time":1611.094463786,"data":"6bba_062c8d37: 5840 nodes, 5605 edges -\u003e /kaggle/working/focus_strategy_exp049_cos060_geffs/6bba_062c8d37.geff\n"}
,{"stream_name":"stdout","time":1611.094511536,"data":"\n"}
,{"stream_name":"stdout","time":1611.094519223,"data":"Wrote 4 geffs to /kaggle/working/focus_strategy_exp049_cos060_geffs\n"}
,{"stream_name":"stdout","time":1611.094525409,"data":"4 datasets in both pred and GT (of 4 pred / 199 GT)\n"}
,{"stream_name":"stdout","time":1613.774963147,"data":"  44b6_12dfb391: edge TP/FP/FN=743/39/30 div TP/FP/FN=0/0/1 n_pred=42582\n"}
,{"stream_name":"stdout","time":1615.309806261,"data":"  44b6_267148e4: edge TP/FP/FN=255/37/22 div TP/FP/FN=1/0/0 n_pred=21051\n"}
,{"stream_name":"stdout","time":1616.221231553,"data":"  6bba_062c8d37: edge TP/FP/FN=887/7/11 div TP/FP/FN=1/0/0 n_pred=5840\n"}
,{"stream_name":"stdout","time":1618.438887979,"data":"  6bba_07e24132: edge TP/FP/FN=307/21/38 div TP/FP/FN=0/0/2 n_pred=24181\n"}
,{"stream_name":"stdout","time":1618.438924176,"data":"OFFICIAL SUMMARY {'mode': 'exp049_cos060', 'n': 4, 'edge_jaccard': 0.9144764288694202, 'division_jaccard': 0.4, 'division_tp': 2, 'division_fp': 0, 'division_fn': 3, 'node_recall': 0.979074072722612, 'adj_edge_jaccard': 0.9214675165862852, 'n_adj': 4, 'score': 0.9614675165862853, 'focus_checked': 0, 'focus_accepted': 0, 'focus_veto_removed': 0, 'focus_frames_loaded': 0, 'exp049_structural_candidates': 17, 'exp049_deepcenter_rejected': 12, 'exp049_divergence_rejected': 85, 'exp049_added': 4, 'exp049_rewired': 4, 'exp049_cap_rejected': 1, 'exp052_rank3_saved_proposals': 0, 'exp052_rank3_frame_blocked': 0, 'exp052_rank3_structural_candidates': 0, 'exp052_rank3_deepcenter_rejected': 0, 'exp052_rank3_divergence_rejected': 0, 'exp052_rank3_added': 0, 'exp052_rank3_rewired': 0, 'exp052_rank3_cap_rejected': 0, 'exp054_joint_saved_proposals': 0, 'exp054_joint_structural_candidates': 0, 'exp054_joint_deepcenter_rejected': 0, 'exp054_joint_divergence_rejected': 0, 'exp054_joint_existing_fork_skipped': 0, 'exp054_joint_added': 0, 'exp054_joint_rewired': 0, 'exp054_joint_source_replaced': 0, 'exp054_joint_cap_rejected': 0}\n"}
,{"stream_name":"stdout","time":1618.438955158,"data":"==============================================================================\n"}
,{"stream_name":"stdout","time":1618.438960749,"data":"EXP054 strategy: exp054_joint_top2\n"}
,{"stream_name":"stdout","time":1682.813258597,"data":"  [44b6_12dfb391] after edge-filter+motion-relink: 43118 nodes, 40789 edges\n"}
,{"stream_name":"stdout","time":1696.862363967,"data":"  [44b6_12dfb391] after gap-closing (single-frame + gap2): 43785 nodes, 42041 edges\n"}
,{"stream_name":"stdout","time":1725.105406714,"data":"  [44b6_12dfb391] EXP054 mode=exp054_joint_top2 joint_saved=49743 joint_candidates=4 joint_added=2 joint_rewired=2\n"}
,{"stream_name":"stdout","time":1725.105459926,"data":"  [44b6_12dfb391] after safe-division repair: 43785 nodes, 42056 edges (geometric_candidates=153, deepcenter_rejected=138, post_veto_candidates=15, added=15, cap_skipped=0, mutual_nn_rejected=56, divergence_rejected=1529)\n"}
,{"stream_name":"stdout","time":1725.105469254,"data":"  [44b6_12dfb391] after division-geometry-filter+prune-isolated: 43779 nodes, 42056 edges\n"}
,{"stream_name":"stdout","time":1725.105475557,"data":"  [44b6_12dfb391] after short-track filtering: 42582 nodes, 41132 edges (components_removed=273)\n"}
,{"stream_name":"stdout","time":1734.963881189,"data":"  [44b6_12dfb391] FINAL: 42582 nodes, 41132 edges\n"}
,{"stream_name":"stdout","time":1752.615459035,"data":"  [44b6_267148e4] after edge-filter+motion-relink: 21669 nodes, 20287 edges\n"}
,{"stream_name":"stdout","time":1765.453037332,"data":"  [44b6_267148e4] after gap-closing (single-frame + gap2): 21940 nodes, 20781 edges\n"}
,{"stream_name":"stdout","time":1795.90234667,"data":"  [44b6_267148e4] EXP054 mode=exp054_joint_top2 joint_saved=26394 joint_candidates=14 joint_added=3 joint_rewired=3\n"}
,{"stream_name":"stdout","time":1795.902389566,"data":"  [44b6_267148e4] after safe-division repair: 21940 nodes, 20802 edges (geometric_candidates=196, deepcenter_rejected=169, post_veto_candidates=27, added=21, cap_skipped=0, mutual_nn_rejected=119, divergence_rejected=1004)\n"}
,{"stream_name":"stdout","time":1795.902399034,"data":"  [44b6_267148e4] after division-geometry-filter+prune-isolated: 21885 nodes, 20802 edges\n"}
,{"stream_name":"stdout","time":1795.902405109,"data":"  [44b6_267148e4] after short-track filtering: 21055 nodes, 20175 edges (components_removed=203)\n"}
,{"stream_name":"stdout","time":1800.616665336,"data":"  [44b6_267148e4] FINAL: 21055 nodes, 20175 edges\n"}
,{"stream_name":"stdout","time":1802.33576396,"data":"  [6bba_062c8d37] after edge-filter+motion-relink: 5983 nodes, 5628 edges\n"}
,{"stream_name":"stdout","time":1803.468933754,"data":"  [6bba_062c8d37] after gap-closing (single-frame + gap2): 6030 nodes, 5715 edges\n"}
,{"stream_name":"stdout","time":1807.239878305,"data":"  [6bba_062c8d37] EXP054 mode=exp054_joint_top2 joint_saved=6553 joint_candidates=0 joint_added=0 joint_rewired=0\n"}
,{"stream_name":"stdout","time":1807.239965333,"data":"  [6bba_062c8d37] after safe-division repair: 6030 nodes, 5719 edges (geometric_candidates=13, deepcenter_rejected=9, post_veto_candidates=4, added=4, cap_skipped=0, mutual_nn_rejected=3, divergence_rejected=67)\n"}
,{"stream_name":"stdout","time":1807.239974349,"data":"  [6bba_062c8d37] after division-geometry-filter+prune-isolated: 6000 nodes, 5719 edges\n"}
,{"stream_name":"stdout","time":1807.239978926,"data":"  [6bba_062c8d37] after short-track filtering: 5840 nodes, 5605 edges (components_removed=46)\n"}
,{"stream_name":"stdout","time":1808.564429755,"data":"  [6bba_062c8d37] FINAL: 5840 nodes, 5605 edges\n"}
,{"stream_name":"stdout","time":1830.382061583,"data":"  [6bba_07e24132] after edge-filter+motion-relink: 24880 nodes, 23389 edges\n"}
,{"stream_name":"stdout","time":1840.896519076,"data":"  [6bba_07e24132] after gap-closing (single-frame + gap2): 25210 nodes, 23994 edges\n"}
,{"stream_name":"stdout","time":1857.621900113,"data":"  [6bba_07e24132] EXP054 mode=exp054_joint_top2 joint_saved=36018 joint_candidates=0 joint_added=0 joint_rewired=0\n"}
,{"stream_name":"stdout","time":1857.621970368,"data":"  [6bba_07e24132] after safe-division repair: 25210 nodes, 24000 edges (geometric_candidates=87, deepcenter_rejected=80, post_veto_candidates=7, added=6, cap_skipped=0, mutual_nn_rejected=55, divergence_rejected=906)\n"}
,{"stream_name":"stdout","time":1857.621980568,"data":"  [6bba_07e24132] after division-geometry-filter+prune-isolated: 25198 nodes, 24000 edges\n"}
,{"stream_name":"stdout","time":1857.621987531,"data":"  [6bba_07e24132] after short-track filtering: 24181 nodes, 23216 edges (components_removed=233)\n"}
,{"stream_name":"stdout","time":1863.229613389,"data":"  [6bba_07e24132] FINAL: 24181 nodes, 23216 edges\n"}
,{"stream_name":"stdout","time":1863.666268418,"data":"44b6_267148e4: 21055 nodes, 20175 edges -\u003e /kaggle/working/focus_strategy_exp054_joint_top2_geffs/44b6_267148e4.geff\n"}
,{"stream_name":"stdout","time":1863.948507966,"data":"44b6_12dfb391: 42582 nodes, 41132 edges -\u003e /kaggle/working/focus_strategy_exp054_joint_top2_geffs/44b6_12dfb391.geff\n"}
,{"stream_name":"stdout","time":1864.173022928,"data":"6bba_07e24132: 24181 nodes, 23216 edges -\u003e /kaggle/working/focus_strategy_exp054_joint_top2_geffs/6bba_07e24132.geff\n"}
,{"stream_name":"stdout","time":1864.173059021,"data":"6bba_062c8d37: 5840 nodes, 5605 edges -\u003e /kaggle/working/focus_strategy_exp054_joint_top2_geffs/6bba_062c8d37.geff\n"}
,{"stream_name":"stdout","time":1864.173065811,"data":"\n"}
,{"stream_name":"stdout","time":1864.173071233,"data":"Wrote 4 geffs to /kaggle/working/focus_strategy_exp054_joint_top2_geffs\n"}
,{"stream_name":"stdout","time":1864.173077271,"data":"4 datasets in both pred and GT (of 4 pred / 199 GT)\n"}
,{"stream_name":"stdout","time":1867.11627843,"data":"  44b6_12dfb391: edge TP/FP/FN=743/39/30 div TP/FP/FN=0/0/1 n_pred=42582\n"}
,{"stream_name":"stdout","time":1868.767501607,"data":"  44b6_267148e4: edge TP/FP/FN=255/37/22 div TP/FP/FN=1/0/0 n_pred=21055\n"}
,{"stream_name":"stdout","time":1869.71238087,"data":"  6bba_062c8d37: edge TP/FP/FN=887/7/11 div TP/FP/FN=1/0/0 n_pred=5840\n"}
,{"stream_name":"stdout","time":1871.966410176,"data":"  6bba_07e24132: edge TP/FP/FN=307/21/38 div TP/FP/FN=0/0/2 n_pred=24181\n"}
,{"stream_name":"stdout","time":1871.966451438,"data":"OFFICIAL SUMMARY {'mode': 'exp054_joint_top2', 'n': 4, 'edge_jaccard': 0.9144764288694202, 'division_jaccard': 0.4, 'division_tp': 2, 'division_fp': 0, 'division_fn': 3, 'node_recall': 0.979074072722612, 'adj_edge_jaccard': 0.9214652921643569, 'n_adj': 4, 'score': 0.9614652921643569, 'focus_checked': 0, 'focus_accepted': 0, 'focus_veto_removed': 0, 'focus_frames_loaded': 0, 'exp049_structural_candidates': 0, 'exp049_deepcenter_rejected': 0, 'exp049_divergence_rejected': 0, 'exp049_added': 0, 'exp049_rewired': 0, 'exp049_cap_rejected': 0, 'exp052_rank3_saved_proposals': 0, 'exp052_rank3_frame_blocked': 0, 'exp052_rank3_structural_candidates': 0, 'exp052_rank3_deepcenter_rejected': 0, 'exp052_rank3_divergence_rejected': 0, 'exp052_rank3_added': 0, 'exp052_rank3_rewired': 0, 'exp052_rank3_cap_rejected': 0, 'exp054_joint_saved_proposals': 118708, 'exp054_joint_structural_candidates': 18, 'exp054_joint_deepcenter_rejected': 12, 'exp054_joint_divergence_rejected': 103, 'exp054_joint_existing_fork_skipped': 31, 'exp054_joint_added': 5, 'exp054_joint_rewired': 5, 'exp054_joint_source_replaced': 0, 'exp054_joint_cap_rejected': 1}\n"}
,{"stream_name":"stdout","time":1871.966481782,"data":"==============================================================================\n"}
,{"stream_name":"stdout","time":1871.96648603,"data":"EXP054 strategy: exp054_joint_top3\n"}
,{"stream_name":"stdout","time":1936.377361304,"data":"  [44b6_12dfb391] after edge-filter+motion-relink: 43118 nodes, 40789 edges\n"}
,{"stream_name":"stdout","time":1950.175418159,"data":"  [44b6_12dfb391] after gap-closing (single-frame + gap2): 43785 nodes, 42041 edges\n"}
,{"stream_name":"stdout","time":1978.915473896,"data":"  [44b6_12dfb391] EXP054 mode=exp054_joint_top3 joint_saved=99486 joint_candidates=5 joint_added=3 joint_rewired=2\n"}
,{"stream_name":"stdout","time":1978.91551668,"data":"  [44b6_12dfb391] after safe-division repair: 43785 nodes, 42057 edges (geometric_candidates=153, deepcenter_rejected=138, post_veto_candidates=15, added=15, cap_skipped=0, mutual_nn_rejected=56, divergence_rejected=1529)\n"}
,{"stream_name":"stdout","time":1978.915526454,"data":"  [44b6_12dfb391] after division-geometry-filter+prune-isolated: 43779 nodes, 42057 edges\n"}
,{"stream_name":"stdout","time":1978.915532317,"data":"  [44b6_12dfb391] after short-track filtering: 42582 nodes, 41133 edges (components_removed=273)\n"}
,{"stream_name":"stdout","time":1988.539781901,"data":"  [44b6_12dfb391] FINAL: 42582 nodes, 41133 edges\n"}
,{"stream_name":"stdout","time":2006.039925835,"data":"  [44b6_267148e4] after edge-filter+motion-relink: 21669 nodes, 20287 edges\n"}
,{"stream_name":"stdout","time":2018.808168148,"data":"  [44b6_267148e4] after gap-closing (single-frame + gap2): 21940 nodes, 20781 edges\n"}
,{"stream_name":"stdout","time":2049.441784282,"data":"  [44b6_267148e4] EXP054 mode=exp054_joint_top3 joint_saved=52788 joint_candidates=14 joint_added=3 joint_rewired=3\n"}
,{"stream_name":"stdout","time":2049.441824251,"data":"  [44b6_267148e4] after safe-division repair: 21940 nodes, 20802 edges (geometric_candidates=196, deepcenter_rejected=169, post_veto_candidates=27, added=21, cap_skipped=0, mutual_nn_rejected=119, divergence_rejected=1004)\n"}
,{"stream_name":"stdout","time":2049.441839573,"data":"  [44b6_267148e4] after division-geometry-filter+prune-isolated: 21885 nodes, 20802 edges\n"}
,{"stream_name":"stdout","time":2049.441843964,"data":"  [44b6_267148e4] after short-track filtering: 21055 nodes, 20175 edges (components_removed=203)\n"}
,{"stream_name":"stdout","time":2054.278317308,"data":"  [44b6_267148e4] FINAL: 21055 nodes, 20175 edges\n"}
,{"stream_name":"stdout","time":2055.930775049,"data":"  [6bba_062c8d37] after edge-filter+motion-relink: 5983 nodes, 5628 edges\n"}
,{"stream_name":"stdout","time":2057.081647184,"data":"  [6bba_062c8d37] after gap-closing (single-frame + gap2): 6030 nodes, 5715 edges\n"}
,{"stream_name":"stdout","time":2060.814043088,"data":"  [6bba_062c8d37] EXP054 mode=exp054_joint_top3 joint_saved=13106 joint_candidates=0 joint_added=0 joint_rewired=0\n"}
,{"stream_name":"stdout","time":2060.814122836,"data":"  [6bba_062c8d37] after safe-division repair: 6030 nodes, 5719 edges (geometric_candidates=13, deepcenter_rejected=9, post_veto_candidates=4, added=4, cap_skipped=0, mutual_nn_rejected=3, divergence_rejected=67)\n"}
,{"stream_name":"stdout","time":2060.814158282,"data":"  [6bba_062c8d37] after division-geometry-filter+prune-isolated: 6000 nodes, 5719 edges\n"}
,{"stream_name":"stdout","time":2060.814161999,"data":"  [6bba_062c8d37] after short-track filtering: 5840 nodes, 5605 edges (components_removed=46)\n"}
,{"stream_name":"stdout","time":2062.208171442,"data":"  [6bba_062c8d37] FINAL: 5840 nodes, 5605 edges\n"}
,{"stream_name":"stdout","time":2084.208340383,"data":"  [6bba_07e24132] after edge-filter+motion-relink: 24880 nodes, 23389 edges\n"}
,{"stream_name":"stdout","time":2094.5576267,"data":"  [6bba_07e24132] after gap-closing (single-frame + gap2): 25210 nodes, 23994 edges\n"}
,{"stream_name":"stdout","time":2111.367696733,"data":"  [6bba_07e24132] EXP054 mode=exp054_joint_top3 joint_saved=72036 joint_candidates=0 joint_added=0 joint_rewired=0\n"}
,{"stream_name":"stdout","time":2111.36774097,"data":"  [6bba_07e24132] after safe-division repair: 25210 nodes, 24000 edges (geometric_candidates=87, deepcenter_rejected=80, post_veto_candidates=7, added=6, cap_skipped=0, mutual_nn_rejected=55, divergence_rejected=906)\n"}
,{"stream_name":"stdout","time":2111.367751301,"data":"  [6bba_07e24132] after division-geometry-filter+prune-isolated: 25198 nodes, 24000 edges\n"}
,{"stream_name":"stdout","time":2111.367757472,"data":"  [6bba_07e24132] after short-track filtering: 24181 nodes, 23216 edges (components_removed=233)\n"}
,{"stream_name":"stdout","time":2117.009114857,"data":"  [6bba_07e24132] FINAL: 24181 nodes, 23216 edges\n"}
,{"stream_name":"stdout","time":2117.38264827,"data":"6bba_062c8d37: 5840 nodes, 5605 edges -\u003e /kaggle/working/focus_strategy_exp054_joint_top3_geffs/6bba_062c8d37.geff\n"}
,{"stream_name":"stdout","time":2117.587716488,"data":"44b6_267148e4: 21055 nodes, 20175 edges -\u003e /kaggle/working/focus_strategy_exp054_joint_top3_geffs/44b6_267148e4.geff\n"}
,{"stream_name":"stdout","time":2117.868641925,"data":"44b6_12dfb391: 42582 nodes, 41133 edges -\u003e /kaggle/working/focus_strategy_exp054_joint_top3_geffs/44b6_12dfb391.geff\n"}
,{"stream_name":"stdout","time":2118.113725271,"data":"6bba_07e24132: 24181 nodes, 23216 edges -\u003e /kaggle/working/focus_strategy_exp054_joint_top3_geffs/6bba_07e24132.geff\n"}
,{"stream_name":"stdout","time":2118.113766575,"data":"\n"}
,{"stream_name":"stdout","time":2118.113771539,"data":"Wrote 4 geffs to /kaggle/working/focus_strategy_exp054_joint_top3_geffs\n"}
,{"stream_name":"stdout","time":2118.113775567,"data":"4 datasets in both pred and GT (of 4 pred / 199 GT)\n"}
,{"stream_name":"stdout","time":2120.701500922,"data":"  44b6_12dfb391: edge TP/FP/FN=743/39/30 div TP/FP/FN=0/0/1 n_pred=42582\n"}
,{"stream_name":"stdout","time":2122.308592057,"data":"  44b6_267148e4: edge TP/FP/FN=255/37/22 div TP/FP/FN=1/0/0 n_pred=21055\n"}
,{"stream_name":"stdout","time":2123.215078207,"data":"  6bba_062c8d37: edge TP/FP/FN=887/7/11 div TP/FP/FN=1/0/0 n_pred=5840\n"}
,{"stream_name":"stdout","time":2125.160994563,"data":"  6bba_07e24132: edge TP/FP/FN=307/21/38 div TP/FP/FN=0/0/2 n_pred=24181\n"}
,{"stream_name":"stdout","time":2125.161028301,"data":"OFFICIAL SUMMARY {'mode': 'exp054_joint_top3', 'n': 4, 'edge_jaccard': 0.9144764288694202, 'division_jaccard': 0.4, 'division_tp': 2, 'division_fp': 0, 'division_fn': 3, 'node_recall': 0.979074072722612, 'adj_edge_jaccard': 0.9214652921643569, 'n_adj': 4, 'score': 0.9614652921643569, 'focus_checked': 0, 'focus_accepted': 0, 'focus_veto_removed': 0, 'focus_frames_loaded': 0, 'exp049_structural_candidates': 0, 'exp049_deepcenter_rejected': 0, 'exp049_divergence_rejected': 0, 'exp049_added': 0, 'exp049_rewired': 0, 'exp049_cap_rejected': 0, 'exp052_rank3_saved_proposals': 0, 'exp052_rank3_frame_blocked': 0, 'exp052_rank3_structural_candidates': 0, 'exp052_rank3_deepcenter_rejected': 0, 'exp052_rank3_divergence_rejected': 0, 'exp052_rank3_added': 0, 'exp052_rank3_rewired': 0, 'exp052_rank3_cap_rejected': 0, 'exp054_joint_saved_proposals': 237416, 'exp054_joint_structural_candidates': 19, 'exp054_joint_deepcenter_rejected': 12, 'exp054_joint_divergence_rejected': 114, 'exp054_joint_existing_fork_skipped': 32, 'exp054_joint_added': 6, 'exp054_joint_rewired': 5, 'exp054_joint_source_replaced': 0, 'exp054_joint_cap_rejected': 1}\n"}
,{"stream_name":"stdout","time":2125.163557156,"data":"EXP054 official CV complete; no second test pass and no submission.csv.\n"}
,{"stream_name":"stdout","time":2125.210689438,"data":"==============================================================================\n"}
,{"stream_name":"stdout","time":2125.210716983,"data":"PIPELINE MANIFEST -- resolved state, not just config\n"}
,{"stream_name":"stdout","time":2125.210722417,"data":"==============================================================================\n"}
,{"stream_name":"stdout","time":2125.210726825,"data":"Dual-seed ensemble:      requested=True  weights_found=True\n"}
,{"stream_name":"stdout","time":2125.21073076,"data":"Bidirectional fusion:    weight=0.15  active=True  mode=harmonic_probability\n"}
,{"stream_name":"stdout","time":2125.210734577,"data":"DeepCenter veto:         requested=True  loaded=True\n"}
,{"stream_name":"stdout","time":2125.210738489,"data":"  - checkpoint file:     /kaggle/input/datasets/pilkwang/biohub-deepcenter-unet3d-center-prior-v1/weights/full_frame_center/best.pt\n"}
,{"stream_name":"stdout","time":2125.210742822,"data":"  - expected epoch:      2\n"}
,{"stream_name":"stdout","time":2125.210746861,"data":"  - gap veto:            True\n"}
,{"stream_name":"stdout","time":2125.210750577,"data":"  - safe-div veto:       True\n"}
,{"stream_name":"stdout","time":2125.210754252,"data":"Safe-div thresholds:     parent\u003c=9.0um  sister\u003c=14.0um  global_cap=0.00375  frame_cap=0.0076\n"}
,{"stream_name":"stdout","time":2125.210759107,"data":"Validator:               enabled=True  held_out_samples=4  match_radius=7.0um\n"}
,{"stream_name":"stdout","time":2125.210762967,"data":"==============================================================================\n"}
,{"stream_name":"stdout","time":2125.210767083,"data":"EXP054 design: same four complete movies and raw predictions across all arms\n"}
,{"stream_name":"stdout","time":2125.210771001,"data":"EXP054 arms: ['off', 'exp049_cos060', 'exp054_joint_top2', 'exp054_joint_top3']\n"}
,{"stream_name":"stdout","time":2125.210775171,"data":"EXP054 formal metric: patched official scorer; legacy proxy not used for ranking\n"}
,{"stream_name":"stdout","time":2125.210779603,"data":"FOCUS cached inference calls: 0 error: None\n"}
,{"stream_name":"stdout","time":2125.210784085,"data":"EXP054 mode: official-CV-only validation; test submission generation is intentionally absent.\n"}
,{"stream_name":"stderr","time":2130.897048947,"data":"/usr/local/lib/python3.12/dist-packages/mistune.py:435: SyntaxWarning: invalid escape sequence '\\|'\n"}
,{"stream_name":"stderr","time":2130.897095447,"data":"  cells[i][c] = re.sub('\\\\\\\\\\|', '|', cell)\n"}
,{"stream_name":"stderr","time":2131.06140473,"data":"/usr/local/lib/python3.12/dist-packages/nbconvert/filters/filter_links.py:36: SyntaxWarning: invalid escape sequence '\\_'\n"}
,{"stream_name":"stderr","time":2131.061434661,"data":"  text = re.sub(r'_', '\\_', text) # Escape underscores in display text\n"}
,{"stream_name":"stderr","time":2131.839811758,"data":"[NbConvertApp] Converting notebook __notebook__.ipynb to notebook\n"}
,{"stream_name":"stderr","time":2132.233487831,"data":"[NbConvertApp] Writing 381204 bytes to __notebook__.ipynb\n"}
,{"stream_name":"stderr","time":2135.073762157,"data":"[NbConvertApp] Converting notebook __notebook__.ipynb to html\n"}
,{"stream_name":"stderr","time":2136.938292495,"data":"[NbConvertApp] Writing 1401191 bytes to __results__.html\n"}
]