[{"stream_name":"stderr","time":11.024241565,"data":"0.00s - Debugger warning: It seems that frozen modules are being used, which may\n"}
,{"stream_name":"stderr","time":11.024346358,"data":"0.00s - make the debugger miss breakpoints. Please pass -Xfrozen_modules=off\n"}
,{"stream_name":"stderr","time":11.024355119,"data":"0.00s - to python to disable frozen modules.\n"}
,{"stream_name":"stderr","time":11.02435925,"data":"0.00s - Note: Debugging will proceed. Set PYDEVD_DISABLE_FILE_VALIDATION=1 to disable this validation.\n"}
,{"stream_name":"stderr","time":11.805236462,"data":"0.00s - Debugger warning: It seems that frozen modules are being used, which may\n"}
,{"stream_name":"stderr","time":11.805269041,"data":"0.00s - make the debugger miss breakpoints. Please pass -Xfrozen_modules=off\n"}
,{"stream_name":"stderr","time":11.805299814,"data":"0.00s - to python to disable frozen modules.\n"}
,{"stream_name":"stderr","time":11.805308254,"data":"0.00s - Note: Debugging will proceed. Set PYDEVD_DISABLE_FILE_VALIDATION=1 to disable this validation.\n"}
,{"stream_name":"stdout","time":13.104428665,"data":"BIOHUB_PRESET: harmonic_v3_division_wide\n"}
,{"stream_name":"stdout","time":13.104502373,"data":"BIOHUB_SCORE_AXIS: public 0.939 base + holdout-selected post-process configuration\n"}
,{"stream_name":"stdout","time":13.125812821,"data":"Configuration guard: PASS\n"}
,{"stream_name":"stdout","time":13.125846757,"data":"Baseline: fixed-90 dual-seed clean pipeline (public LB 0.913)\n"}
,{"stream_name":"stdout","time":13.125852507,"data":"Single model-level change: harmonic mutual-support association fusion\n"}
,{"stream_name":"stdout","time":13.125856271,"data":"Reverse-time association weight: 0.200\n"}
,{"stream_name":"stdout","time":14.751391632,"data":"Biohub learned UNet + node-transformer + ILP submission\n"}
,{"stream_name":"stdout","time":14.751423157,"data":"COMP_DIR: /kaggle/input/competitions/biohub-cell-tracking-during-development exists: True\n"}
,{"stream_name":"stdout","time":14.751427866,"data":"TEST_DIR: /kaggle/input/competitions/biohub-cell-tracking-during-development/test exists: True\n"}
,{"stream_name":"stdout","time":14.751431667,"data":"{\n"}
,{"stream_name":"stdout","time":14.751434899,"data":"  \"adaptive_short_track_rescue\": true,\n"}
,{"stream_name":"stdout","time":14.751438475,"data":"  \"allow_artifact_fallback\": false,\n"}
,{"stream_name":"stdout","time":14.751442004,"data":"  \"allow_pip_install\": false,\n"}
,{"stream_name":"stdout","time":14.75144545,"data":"  \"deepcenter_checkpoint_default\": \"/kaggle/input/biohub-deepcenter-unet3d-center-prior-v1/weights/full_frame_center/best.pt\",\n"}
,{"stream_name":"stdout","time":14.751449065,"data":"  \"deepcenter_expected_epoch\": 2,\n"}
,{"stream_name":"stdout","time":14.75145417,"data":"  \"deepcenter_gap_add_gate\": true,\n"}
,{"stream_name":"stdout","time":14.751461446,"data":"  \"deepcenter_gap_confirm_min_span_um\": 8.5,\n"}
,{"stream_name":"stdout","time":14.751464544,"data":"  \"deepcenter_gap_threshold\": 0.25,\n"}
,{"stream_name":"stdout","time":14.751466829,"data":"  \"deepcenter_safe_div_add_gate\": true,\n"}
,{"stream_name":"stdout","time":14.751469262,"data":"  \"deepcenter_safe_div_threshold\": 0.25,\n"}
,{"stream_name":"stdout","time":14.751471701,"data":"  \"det_threshold\": 0.965,\n"}
,{"stream_name":"stdout","time":14.751474116,"data":"  \"div_drop_to_single_if_bad\": true,\n"}
,{"stream_name":"stdout","time":14.751476359,"data":"  \"div_parent_max_um\": 10.5,\n"}
,{"stream_name":"stdout","time":14.751478712,"data":"  \"div_sister_max_um\": 8.0,\n"}
,{"stream_name":"stdout","time":14.751480966999999,"data":"  \"experiment_tag\": \"selected_101_dual_seed_near_balanced_center_confirmed_synthetic_gap\",\n"}
,{"stream_name":"stdout","time":14.751493685,"data":"  \"gap2_frame_frac_cap\": 0.006,\n"}
,{"stream_name":"stdout","time":14.75149613,"data":"  \"gap2_max_links_abs\": 180,\n"}
,{"stream_name":"stdout","time":14.751498423,"data":"  \"gap2_max_links_frac\": 0.0045,\n"}
,{"stream_name":"stdout","time":14.751500654,"data":"  \"gap2_max_step_um\": 4.4,\n"}
,{"stream_name":"stdout","time":14.751502835,"data":"  \"gap2_max_total_um\": 10.2,\n"}
,{"stream_name":"stdout","time":14.751505005,"data":"  \"gap2_require_context\": true,\n"}
,{"stream_name":"stdout","time":14.751507319,"data":"  \"gap_close_effective_max_gap\": 1,\n"}
,{"stream_name":"stdout","time":14.751509576,"data":"  \"gap_close_max_added_abs\": 2000,\n"}
,{"stream_name":"stdout","time":14.75151177,"data":"  \"gap_close_max_added_frac\": 0.05,\n"}
,{"stream_name":"stdout","time":14.751513966,"data":"  \"gap_close_max_gap\": 2,\n"}
,{"stream_name":"stdout","time":14.751516259,"data":"  \"gap_close_reuse_existing\": true,\n"}
,{"stream_name":"stdout","time":14.751518459,"data":"  \"gap_close_reuse_um\": 3.2,\n"}
,{"stream_name":"stdout","time":14.751520639,"data":"  \"gap_close_um\": 5.0,\n"}
,{"stream_name":"stdout","time":14.751522821,"data":"  \"gap_density_adaptive\": true,\n"}
,{"stream_name":"stdout","time":14.751525132,"data":"  \"gap_density_gain\": 0.04,\n"}
,{"stream_name":"stdout","time":14.751527365,"data":"  \"gap_density_max_step_delta_um\": 0.125,\n"}
,{"stream_name":"stdout","time":14.751529597,"data":"  \"gap_density_neighbors\": 3,\n"}
,{"stream_name":"stdout","time":14.751551383,"data":"  \"gap_density_reference_um\": 6.5,\n"}
,{"stream_name":"stdout","time":14.751555534,"data":"  \"gap_refine_max_shift_um\": 3.2,\n"}
,{"stream_name":"stdout","time":14.751559354,"data":"  \"gap_refine_synthetic\": true,\n"}
,{"stream_name":"stdout","time":14.751562700000001,"data":"  \"gap_refine_win_yx\": 3,\n"}
,{"stream_name":"stdout","time":14.75156645,"data":"  \"gap_refine_win_z\": 1,\n"}
,{"stream_name":"stdout","time":14.751570417,"data":"  \"ilp_appearance_weight\": 0.0,\n"}
,{"stream_name":"stdout","time":14.751573822,"data":"  \"ilp_disappearance_weight\": 2.0,\n"}
,{"stream_name":"stdout","time":14.751577167,"data":"  \"ilp_division_weight\": 1.2,\n"}
,{"stream_name":"stdout","time":14.751580445,"data":"  \"ilp_edge_weight\": -1.0,\n"}
,{"stream_name":"stdout","time":14.751583779,"data":"  \"method\": \"unet_transformer\",\n"}
,{"stream_name":"stdout","time":14.751587195,"data":"  \"motion_relink_learned_bonus\": 1.0,\n"}
,{"stream_name":"stdout","time":14.75159056,"data":"  \"motion_relink_max_frame_nodes\": 2600,\n"}
,{"stream_name":"stdout","time":14.751593885,"data":"  \"motion_relink_relaxed_um\": 10.0,\n"}
,{"stream_name":"stdout","time":14.751597306,"data":"  \"motion_relink_tight_um\": 6.0,\n"}
,{"stream_name":"stdout","time":14.751600622,"data":"  \"motion_relink_velocity_weight\": 0.5,\n"}
,{"stream_name":"stdout","time":14.75160398,"data":"  \"output_division_geometry_filter\": false,\n"}
,{"stream_name":"stdout","time":14.751607366,"data":"  \"output_edge_max_um\": 14.0,\n"}
,{"stream_name":"stdout","time":14.751612147,"data":"  \"output_enforce_next_frame\": true,\n"}
,{"stream_name":"stdout","time":14.751615571,"data":"  \"output_filter_short_tracks\": true,\n"}
,{"stream_name":"stdout","time":14.751618944,"data":"  \"output_gap2_recovery\": true,\n"}
,{"stream_name":"stdout","time":14.751622519,"data":"  \"output_gap_close\": true,\n"}
,{"stream_name":"stdout","time":14.751627637,"data":"  \"output_keep_division_components\": true,\n"}
,{"stream_name":"stdout","time":14.751658819,"data":"  \"output_linefit_smooth\": true,\n"}
,{"stream_name":"stdout","time":14.751663192,"data":"  \"output_linefit_weight\": 0.8,\n"}
,{"stream_name":"stdout","time":14.751667192,"data":"  \"output_linefit_window\": 2,\n"}
,{"stream_name":"stdout","time":14.751671089,"data":"  \"output_min_track_len\": 6,\n"}
,{"stream_name":"stdout","time":14.751675127,"data":"  \"output_motion_relink\": true,\n"}
,{"stream_name":"stdout","time":14.751678924,"data":"  \"output_prune_isolated\": true,\n"}
,{"stream_name":"stdout","time":14.751682286,"data":"  \"output_safe_divisions\": true,\n"}
,{"stream_name":"stdout","time":14.751685689,"data":"  \"output_single_child_repair\": false,\n"}
,{"stream_name":"stdout","time":14.751689074,"data":"  \"output_single_parent_repair\": true,\n"}
,{"stream_name":"stdout","time":14.751692516,"data":"  \"primary_artifact_manifest\": \"/kaggle/input/datasets/pilkwang/biohub-tracking-support-pack-50ep-v1/ARTIFACT_MANIFEST.json\",\n"}
,{"stream_name":"stdout","time":14.751696199,"data":"  \"safe_div_existing_child_max_um\": 10.0,\n"}
,{"stream_name":"stdout","time":14.751699549,"data":"  \"safe_div_frame_frac_cap\": 0.0076,\n"}
,{"stream_name":"stdout","time":14.751702850000001,"data":"  \"safe_div_global_frac_cap\": 0.00375,\n"}
,{"stream_name":"stdout","time":14.751706175,"data":"  \"safe_div_max_um\": 9.0,\n"}
,{"stream_name":"stdout","time":14.751709469,"data":"  \"safe_div_sister_max_um\": 14.0,\n"}
,{"stream_name":"stdout","time":14.751712911,"data":"  \"short_track_rescue_max_mean_edge_dist_um\": 3.0,\n"}
,{"stream_name":"stdout","time":14.751716297,"data":"  \"short_track_rescue_max_nodes_abs\": 120,\n"}
,{"stream_name":"stdout","time":14.751719629,"data":"  \"short_track_rescue_max_nodes_frac\": 0.012,\n"}
,{"stream_name":"stdout","time":14.75172298,"data":"  \"short_track_rescue_min_len\": 4,\n"}
,{"stream_name":"stdout","time":14.751726375,"data":"  \"short_track_rescue_min_mean_edge_prob\": 0.88,\n"}
,{"stream_name":"stdout","time":14.751729732,"data":"  \"short_track_rescue_trigger_removed_frac\": 0.1,\n"}
,{"stream_name":"stdout","time":14.751734934,"data":"  \"slice\": \"\",\n"}
,{"stream_name":"stdout","time":14.75174125,"data":"  \"target_artifact_slug\": \"biohub-tracking-support-pack-50ep-v1\",\n"}
,{"stream_name":"stdout","time":14.751755485,"data":"  \"unet_batch_size\": 4,\n"}
,{"stream_name":"stdout","time":14.751759374,"data":"  \"use_deepcenter_add_only_gate\": true,\n"}
,{"stream_name":"stdout","time":14.751763375,"data":"  \"use_ilp\": true,\n"}
,{"stream_name":"stdout","time":14.751767124,"data":"  \"weights\": \"weights/unet_transformer/split_0/edge_predictor_best.pth\"\n"}
,{"stream_name":"stdout","time":14.751771555,"data":"}\n"}
,{"stream_name":"stdout","time":15.02820043,"data":"ARTIFACTS: /kaggle/input/datasets/pilkwang/biohub-tracking-support-pack-50ep-v1\n"}
,{"stream_name":"stdout","time":15.02823046,"data":"Has offline wheels: True\n"}
,{"stream_name":"stdout","time":15.028235246,"data":"Artifact name: biohub-tracking-support-pack-400ep-snapshot-v1\n"}
,{"stream_name":"stdout","time":15.028238977,"data":"Weight sha256: 12f6881ee3620a831697ca098ff8f48e687a24225f4e048b538deec3562fe771\n"}
,{"stream_name":"stdout","time":15.028242519,"data":"Weight path: weights/unet_transformer/split_0/edge_predictor_best.pth\n"}
,{"stream_name":"stdout","time":15.986143705,"data":"Installing missing packages from offline package dirs: ['polars']\n"}
,{"stream_name":"stdout","time":15.986172718,"data":"Dependency resolver is disabled with --no-deps to avoid replacing Kaggle numpy/scipy in a live kernel.\n"}
,{"stream_name":"stdout","time":15.986189372,"data":"Offline package dirs: ['/kaggle/input/datasets/pilkwang/biohub-tracking-support-pack-50ep-v1/wheels']\n"}
,{"stream_name":"stdout","time":23.862005458,"data":"Offline dependency install succeeded.\n"}
,{"stream_name":"stdout","time":23.862043439,"data":"Installing missing packages from offline package dirs: ['tracksdata', 'zarr', 'pyscipopt', 'geff', 'geff_spec', 'ilpy', 'imagecodecs', 'rustworkx', 'numcodecs', 'donfig', 'bidict']\n"}
,{"stream_name":"stdout","time":23.862047849,"data":"Dependency resolver is disabled with --no-deps to avoid replacing Kaggle numpy/scipy in a live kernel.\n"}
,{"stream_name":"stdout","time":23.862058479,"data":"Offline package dirs: ['/kaggle/input/datasets/pilkwang/biohub-tracking-support-pack-50ep-v1/wheels']\n"}
,{"stream_name":"stdout","time":73.998506281,"data":"Offline dependency install succeeded.\n"}
,{"stream_name":"stderr","time":85.037350902,"data":"/usr/local/lib/python3.12/dist-packages/dask/array/image.py:7: FutureWarning: `find_available_plugins` is deprecated since version 0.25 and will be removed in version 0.27. The plugin infrastructure of `skimage.io` is deprecated. Instead, use `imageio` or other I/O packages directly.\n"}
,{"stream_name":"stderr","time":85.037390614,"data":"  from skimage.io import imread as sk_imread\n"}
,{"stream_name":"stderr","time":85.03740918,"data":"/usr/lib/python3.12/importlib/__init__.py:90: FutureWarning: `reset_plugins` is deprecated since version 0.25 and will be removed in version 0.27. The plugin infrastructure of `skimage.io` is deprecated. Instead, use `imageio` or other I/O packages directly.\n"}
,{"stream_name":"stderr","time":85.037415366,"data":"  return _bootstrap._gcd_import(name[level:], package, level)\n"}
,{"stream_name":"stderr","time":85.037420545,"data":"\n"}
,{"stream_name":"stderr","time":85.03744273,"data":"/usr/local/lib/python3.12/dist-packages/dask/array/image.py:7: FutureWarning: `find_available_plugins` is deprecated since version 0.25 and will be removed in version 0.27. The plugin infrastructure of `skimage.io` is deprecated. Instead, use `imageio` or other I/O packages directly.\n"}
,{"stream_name":"stderr","time":85.037448174,"data":"  from skimage.io import imread as sk_imread\n"}
,{"stream_name":"stderr","time":85.037452697,"data":"/usr/lib/python3.12/importlib/__init__.py:90: FutureWarning: `reset_plugins` is deprecated since version 0.25 and will be removed in version 0.27. The plugin infrastructure of `skimage.io` is deprecated. Instead, use `imageio` or other I/O packages directly.\n"}
,{"stream_name":"stderr","time":85.037458151,"data":"  return _bootstrap._gcd_import(name[level:], package, level)\n"}
,{"stream_name":"stdout","time":85.356347102,"data":"Required graph/Zarr/ILP packages import successfully.\n"}
,{"stream_name":"stdout","time":85.678902555,"data":"Inference repo: /kaggle/working/tracking_repo\n"}
,{"stream_name":"stdout","time":85.678935103,"data":"Weights: /kaggle/working/tracking_repo/weights/unet_transformer/split_0/edge_predictor_best.pth\n"}
,{"stream_name":"stdout","time":86.738244011,"data":"Support repo Python manifest SHA256: 978b626d1fd1e7397435a437dfe68691defe1572fc3c20e61012d7c9b52ed029\n"}
,{"stream_name":"stdout","time":86.738281466,"data":"Primary materialized SHA256: 12f6881ee3620a831697ca098ff8f48e687a24225f4e048b538deec3562fe771\n"}
,{"stream_name":"stdout","time":86.738311508,"data":"DeepCenter materialized SHA256: 8040999a92f6b7bbd98fa8cf458141e045c0f9ad7c936bdb3b18e1f7edafe2a0\n"}
,{"stream_name":"stdout","time":645.28962768,"data":"Secondary artifact: /kaggle/input/datasets/pilkwang/biohub-temporal-unet3d-seed314159-v1\n"}
,{"stream_name":"stdout","time":645.289669284,"data":"Secondary weight: /kaggle/working/secondary_seed_weights/unet_transformer/split_0/edge_predictor_best.pth\n"}
,{"stream_name":"stdout","time":645.289683885,"data":"Secondary SHA256: 9bac2fa0dadc4a6fc1899e0caf187f4b553e0a7cd90ba1261a68b35ffe9e305f\n"}
,{"stream_name":"stdout","time":645.289686932,"data":"Secondary edge-logit weight: 0.15\n"}
,{"stream_name":"stdout","time":645.289689224,"data":"Runtime integrity receipt: /kaggle/working/bidirectional_production_runtime_integrity.json\n"}
,{"stream_name":"stdout","time":652.113385725,"data":"CUDA device: Tesla T4\n"}
,{"stream_name":"stdout","time":652.113418325,"data":"EXP048 deterministic runtime guard applied 20260923\n"}
,{"stream_name":"stdout","time":652.113424385,"data":"TTA patch applied (400ep spatial D4-style)\n"}
,{"stream_name":"stdout","time":652.113429106,"data":"Calibrated dual-seed runtime patch applied\n"}
,{"stream_name":"stdout","time":652.113433649,"data":"Frozen frame retention guard applied at 0.90\n"}
,{"stream_name":"stdout","time":652.11343823,"data":"Bidirectional harmonic-probability association fusion applied | weight= 0.15\n"}
,{"stream_name":"stdout","time":652.113442894,"data":"Pre-ILP detector-coordinate manifest hook applied\n"}
,{"stream_name":"stdout","time":652.113447459,"data":"EDGE_TTA patch installed and enabled in /kaggle/working/tracking_repo/scripts/predict_unet_transformer.py\n"}
,{"stream_name":"stdout","time":652.113452123,"data":"secondary edge-feature TTA patch installed and enabled\n"}
,{"stream_name":"stdout","time":652.128153737,"data":"EXP046 second-edge division rescue patch applied\n"}
,{"stream_name":"stdout","time":652.128175199,"data":"EXP049 proposal capture patch applied\n"}
,{"stream_name":"stdout","time":652.128180722,"data":"Found 4 test videos\n"}
,{"stream_name":"stdout","time":652.128185151,"data":"['44b6_0113de3b', '44b6_0b24845f', '6bba_05b6850b', '6bba_05db0fb1']\n"}
,{"stream_name":"stdout","time":652.128202162,"data":"EXP019 CV-only: skipped test-set inference; validation prediction runs once below.\n"}
,{"stream_name":"stdout","time":652.559364139,"data":"EXP019 FOCUS strategies ready; production test pass remains FOCUS-off\n"}
,{"stream_name":"stdout","time":1328.931751934,"data":"Trying DeepCenter add-only gate checkpoint: /kaggle/input/datasets/pilkwang/biohub-deepcenter-unet3d-center-prior-v1/weights/full_frame_center/best.pt\n"}
,{"stream_name":"stdout","time":1329.083130384,"data":"Loaded DeepCenter add-only gate checkpoint: /kaggle/input/datasets/pilkwang/biohub-deepcenter-unet3d-center-prior-v1/weights/full_frame_center/best.pt\n"}
,{"stream_name":"stdout","time":1329.083195587,"data":"DeepCenter checkpoint epoch: 2 best_score: -0.04500306242456039\n"}
,{"stream_name":"stdout","time":1329.083202527,"data":"EXP019 CV-only: no test submission is generated.\n"}
,{"stream_name":"stdout","time":1329.103206475,"data":"EXP019 CV-only: submission retention guard skipped by design.\n"}
,{"stream_name":"stdout","time":1329.27893393,"data":"VALIDATOR: excluding 4 TRAIN stem(s) that also appear in TEST_DIR: ['44b6_0113de3b', '44b6_0b24845f', '6bba_05b6850b', '6bba_05db0fb1']\n"}
,{"stream_name":"stdout","time":1405.300380883,"data":"VALIDATOR: selected 4 held-out TRAIN samples (2 per embryo-type prefix, 2 prefixes found, 4 contain a GT division)\n"}
,{"stream_name":"stdout","time":1405.30042743,"data":"['44b6_12dfb391', '44b6_267148e4', '6bba_062c8d37', '6bba_07e24132']\n"}
,{"stream_name":"stdout","time":1405.300433426,"data":"VALIDATOR: launching 2 shards on CUDA devices ['0', '1']\n"}
,{"stream_name":"stderr","time":1411.229150464,"data":"/usr/local/lib/python3.12/dist-packages/dask/array/image.py:7: FutureWarning: `find_available_plugins` is deprecated since version 0.25 and will be removed in version 0.27. The plugin infrastructure of `skimage.io` is deprecated. Instead, use `imageio` or other I/O packages directly.\n"}
,{"stream_name":"stderr","time":1411.229227063,"data":"  from skimage.io import imread as sk_imread\n"}
,{"stream_name":"stderr","time":1411.234124182,"data":"/usr/lib/python3.12/importlib/__init__.py:90: FutureWarning: `reset_plugins` is deprecated since version 0.25 and will be removed in version 0.27. The plugin infrastructure of `skimage.io` is deprecated. Instead, use `imageio` or other I/O packages directly.\n"}
,{"stream_name":"stderr","time":1411.23414525,"data":"  return _bootstrap._gcd_import(name[level:], package, level)\n"}
,{"stream_name":"stderr","time":1411.245340517,"data":"/usr/local/lib/python3.12/dist-packages/dask/array/image.py:7: FutureWarning: `find_available_plugins` is deprecated since version 0.25 and will be removed in version 0.27. The plugin infrastructure of `skimage.io` is deprecated. Instead, use `imageio` or other I/O packages directly.\n"}
,{"stream_name":"stderr","time":1411.245360225,"data":"  from skimage.io import imread as sk_imread\n"}
,{"stream_name":"stderr","time":1411.250370181,"data":"/usr/lib/python3.12/importlib/__init__.py:90: FutureWarning: `reset_plugins` is deprecated since version 0.25 and will be removed in version 0.27. The plugin infrastructure of `skimage.io` is deprecated. Instead, use `imageio` or other I/O packages directly.\n"}
,{"stream_name":"stderr","time":1411.250391044,"data":"  return _bootstrap._gcd_import(name[level:], package, level)\n"}
,{"stream_name":"stderr","time":1411.432624487,"data":"/usr/local/lib/python3.12/dist-packages/dask/array/image.py:7: FutureWarning: `find_available_plugins` is deprecated since version 0.25 and will be removed in version 0.27. The plugin infrastructure of `skimage.io` is deprecated. Instead, use `imageio` or other I/O packages directly.\n"}
,{"stream_name":"stderr","time":1411.432655632,"data":"  from skimage.io import imread as sk_imread\n"}
,{"stream_name":"stderr","time":1411.432659885,"data":"/usr/lib/python3.12/importlib/__init__.py:90: FutureWarning: `reset_plugins` is deprecated since version 0.25 and will be removed in version 0.27. The plugin infrastructure of `skimage.io` is deprecated. Instead, use `imageio` or other I/O packages directly.\n"}
,{"stream_name":"stderr","time":1411.432663915,"data":"  return _bootstrap._gcd_import(name[level:], package, level)\n"}
,{"stream_name":"stderr","time":1411.432667312,"data":"/usr/local/lib/python3.12/dist-packages/dask/array/image.py:7: FutureWarning: `find_available_plugins` is deprecated since version 0.25 and will be removed in version 0.27. The plugin infrastructure of `skimage.io` is deprecated. Instead, use `imageio` or other I/O packages directly.\n"}
,{"stream_name":"stderr","time":1411.432671139,"data":"  from skimage.io import imread as sk_imread\n"}
,{"stream_name":"stderr","time":1411.432674366,"data":"/usr/lib/python3.12/importlib/__init__.py:90: FutureWarning: `reset_plugins` is deprecated since version 0.25 and will be removed in version 0.27. The plugin infrastructure of `skimage.io` is deprecated. Instead, use `imageio` or other I/O packages directly.\n"}
,{"stream_name":"stderr","time":1411.432678047,"data":"  return _bootstrap._gcd_import(name[level:], package, level)\n"}
,{"stream_name":"stderr","time":1411.432681325,"data":"\n"}
,{"stream_name":"stderr","time":1411.432684545,"data":"/usr/local/lib/python3.12/dist-packages/dask/array/image.py:7: FutureWarning: `find_available_plugins` is deprecated since version 0.25 and will be removed in version 0.27. The plugin infrastructure of `skimage.io` is deprecated. Instead, use `imageio` or other I/O packages directly.\n"}
,{"stream_name":"stderr","time":1411.43268829,"data":"  from skimage.io import imread as sk_imread\n"}
,{"stream_name":"stderr","time":1411.432707354,"data":"/usr/lib/python3.12/importlib/__init__.py:90: FutureWarning: `reset_plugins` is deprecated since version 0.25 and will be removed in version 0.27. The plugin infrastructure of `skimage.io` is deprecated. Instead, use `imageio` or other I/O packages directly.\n"}
,{"stream_name":"stderr","time":1411.432711329,"data":"  return _bootstrap._gcd_import(name[level:], package, level)\n"}
,{"stream_name":"stderr","time":1411.43271554,"data":"/usr/local/lib/python3.12/dist-packages/dask/array/image.py:7: FutureWarning: `find_available_plugins` is deprecated since version 0.25 and will be removed in version 0.27. The plugin infrastructure of `skimage.io` is deprecated. Instead, use `imageio` or other I/O packages directly.\n"}
,{"stream_name":"stderr","time":1411.432719463,"data":"  from skimage.io import imread as sk_imread\n"}
,{"stream_name":"stderr","time":1411.432722741,"data":"/usr/lib/python3.12/importlib/__init__.py:90: FutureWarning: `reset_plugins` is deprecated since version 0.25 and will be removed in version 0.27. The plugin infrastructure of `skimage.io` is deprecated. Instead, use `imageio` or other I/O packages directly.\n"}
,{"stream_name":"stderr","time":1411.432726517,"data":"  return _bootstrap._gcd_import(name[level:], package, level)\n"}
,{"stream_name":"stdout","time":1411.81388696,"data":"Secondary model: /kaggle/working/secondary_seed_weights/unet_transformer/split_0/edge_predictor_best.pth | edge weight=0.150 | detection weight=0.800 | link mode=low_margin_consensus | temperature=1.000 | low-margin max=0.350 | edge threshold=0.480\n"}
,{"stream_name":"stdout","time":1411.814299635,"data":"Fold 0: 2 datasets | weights=weights/unet_transformer/split_0/edge_predictor_best.pth | device=cuda | window_size=2 | pool_kernel_um=3.0\n"}
,{"stream_name":"stdout","time":1411.815216047,"data":"Secondary model: /kaggle/working/secondary_seed_weights/unet_transformer/split_0/edge_predictor_best.pth | edge weight=0.150 | detection weight=0.800 | link mode=low_margin_consensus | temperature=1.000 | low-margin max=0.350 | edge threshold=0.480\n"}
,{"stream_name":"stdout","time":1411.815236167,"data":"Fold 0: 2 datasets | weights=weights/unet_transformer/split_0/edge_predictor_best.pth | device=cuda | window_size=2 | pool_kernel_um=3.0\n"}
,{"stream_name":"stdout","time":1412.016271157,"data":"Secondary model: /kaggle/working/secondary_seed_weights/unet_transformer/split_0/edge_predictor_best.pth | edge weight=0.150 | detection weight=0.800 | link mode=low_margin_consensus | temperature=1.000 | low-margin max=0.350 | edge threshold=0.480\n"}
,{"stream_name":"stdout","time":1412.016322461,"data":"Fold 0: 2 datasets | weights=weights/unet_transformer/split_0/edge_predictor_best.pth | device=cuda | window_size=2 | pool_kernel_um=3.0\n"}
,{"stream_name":"stdout","time":1412.01632875,"data":"Secondary model: /kaggle/working/secondary_seed_weights/unet_transformer/split_0/edge_predictor_best.pth | edge weight=0.150 | detection weight=0.800 | link mode=low_margin_consensus | temperature=1.000 | low-margin max=0.350 | edge threshold=0.480\n"}
,{"stream_name":"stdout","time":1412.016334411,"data":"Fold 0: 2 datasets | weights=weights/unet_transformer/split_0/edge_predictor_best.pth | device=cuda | window_size=2 | pool_kernel_um=3.0\n"}
,{"stream_name":"stdout","time":1461.056542999,"data":"BIOHUB_RETENTION_GUARD {\"blended_candidates\": 431, \"dataset\": \"44b6_12dfb391\", \"frame\": 22, \"minimum_retention\": 0.9, \"primary_candidates\": 484, \"retention\": 0.890495867768595, \"use_primary\": true}\n"}
,{"stream_name":"stdout","time":1461.267440765,"data":"BIOHUB_RETENTION_GUARD {\"blended_candidates\": 431, \"dataset\": \"44b6_12dfb391\", \"frame\": 22, \"minimum_retention\": 0.9, \"primary_candidates\": 484, \"retention\": 0.890495867768595, \"use_primary\": true}\n"}
,{"stream_name":"stdout","time":1463.120810452,"data":"BIOHUB_RETENTION_GUARD {\"blended_candidates\": 433, \"dataset\": \"44b6_12dfb391\", \"frame\": 23, \"minimum_retention\": 0.9, \"primary_candidates\": 484, \"retention\": 0.8946280991735537, \"use_primary\": true}\n"}
,{"stream_name":"stdout","time":1463.323329719,"data":"BIOHUB_RETENTION_GUARD {\"blended_candidates\": 433, \"dataset\": \"44b6_12dfb391\", \"frame\": 23, \"minimum_retention\": 0.9, \"primary_candidates\": 484, \"retention\": 0.8946280991735537, \"use_primary\": true}\n"}
,{"stream_name":"stdout","time":1471.323994167,"data":"BIOHUB_RETENTION_GUARD {\"blended_candidates\": 451, \"dataset\": \"44b6_12dfb391\", \"frame\": 27, \"minimum_retention\": 0.9, \"primary_candidates\": 504, \"retention\": 0.8948412698412699, \"use_primary\": true}\n"}
,{"stream_name":"stdout","time":1471.526418337,"data":"BIOHUB_RETENTION_GUARD {\"blended_candidates\": 451, \"dataset\": \"44b6_12dfb391\", \"frame\": 27, \"minimum_retention\": 0.9, \"primary_candidates\": 504, \"retention\": 0.8948412698412699, \"use_primary\": true}\n"}
,{"stream_name":"stdout","time":1487.986872912,"data":"BIOHUB_RETENTION_GUARD {\"blended_candidates\": 449, \"dataset\": \"44b6_12dfb391\", \"frame\": 35, \"minimum_retention\": 0.9, \"primary_candidates\": 506, \"retention\": 0.8873517786561265, \"use_primary\": true}\n"}
,{"stream_name":"stdout","time":1488.18904795,"data":"BIOHUB_RETENTION_GUARD {\"blended_candidates\": 449, \"dataset\": \"44b6_12dfb391\", \"frame\": 35, \"minimum_retention\": 0.9, \"primary_candidates\": 506, \"retention\": 0.8873517786561265, \"use_primary\": true}\n"}
,{"stream_name":"stdout","time":1490.093128028,"data":"BIOHUB_RETENTION_GUARD {\"blended_candidates\": 452, \"dataset\": \"44b6_12dfb391\", \"frame\": 36, \"minimum_retention\": 0.9, \"primary_candidates\": 510, \"retention\": 0.8862745098039215, \"use_primary\": true}\n"}
,{"stream_name":"stdout","time":1490.295367375,"data":"BIOHUB_RETENTION_GUARD {\"blended_candidates\": 452, \"dataset\": \"44b6_12dfb391\", \"frame\": 36, \"minimum_retention\": 0.9, \"primary_candidates\": 510, \"retention\": 0.8862745098039215, \"use_primary\": true}\n"}
,{"stream_name":"stdout","time":1492.222875526,"data":"BIOHUB_RETENTION_GUARD {\"blended_candidates\": 459, \"dataset\": \"44b6_12dfb391\", \"frame\": 37, \"minimum_retention\": 0.9, \"primary_candidates\": 517, \"retention\": 0.8878143133462283, \"use_primary\": true}\n"}
,{"stream_name":"stdout","time":1492.4325569,"data":"BIOHUB_RETENTION_GUARD {\"blended_candidates\": 459, \"dataset\": \"44b6_12dfb391\", \"frame\": 37, \"minimum_retention\": 0.9, \"primary_candidates\": 517, \"retention\": 0.8878143133462283, \"use_primary\": true}\n"}
,{"stream_name":"stdout","time":1531.935385783,"data":"BIOHUB_RETENTION_GUARD {\"blended_candidates\": 471, \"dataset\": \"44b6_12dfb391\", \"frame\": 55, \"minimum_retention\": 0.9, \"primary_candidates\": 525, \"retention\": 0.8971428571428571, \"use_primary\": true}\n"}
,{"stream_name":"stdout","time":1532.149018608,"data":"BIOHUB_RETENTION_GUARD {\"blended_candidates\": 471, \"dataset\": \"44b6_12dfb391\", \"frame\": 55, \"minimum_retention\": 0.9, \"primary_candidates\": 525, \"retention\": 0.8971428571428571, \"use_primary\": true}\n"}
,{"stream_name":"stdout","time":1534.184891525,"data":"BIOHUB_RETENTION_GUARD {\"blended_candidates\": 466, \"dataset\": \"44b6_12dfb391\", \"frame\": 56, \"minimum_retention\": 0.9, \"primary_candidates\": 529, \"retention\": 0.8809073724007561, \"use_primary\": true}\n"}
,{"stream_name":"stdout","time":1534.387337796,"data":"BIOHUB_RETENTION_GUARD {\"blended_candidates\": 466, \"dataset\": \"44b6_12dfb391\", \"frame\": 56, \"minimum_retention\": 0.9, \"primary_candidates\": 529, \"retention\": 0.8809073724007561, \"use_primary\": true}\n"}
,{"stream_name":"stdout","time":1536.424464579,"data":"BIOHUB_RETENTION_GUARD {\"blended_candidates\": 463, \"dataset\": \"44b6_12dfb391\", \"frame\": 57, \"minimum_retention\": 0.9, \"primary_candidates\": 525, \"retention\": 0.8819047619047619, \"use_primary\": true}\n"}
,{"stream_name":"stdout","time":1536.626688107,"data":"BIOHUB_RETENTION_GUARD {\"blended_candidates\": 463, \"dataset\": \"44b6_12dfb391\", \"frame\": 57, \"minimum_retention\": 0.9, \"primary_candidates\": 525, \"retention\": 0.8819047619047619, \"use_primary\": true}\n"}
,{"stream_name":"stdout","time":1538.681629303,"data":"BIOHUB_RETENTION_GUARD {\"blended_candidates\": 462, \"dataset\": \"44b6_12dfb391\", \"frame\": 58, \"minimum_retention\": 0.9, \"primary_candidates\": 524, \"retention\": 0.8816793893129771, \"use_primary\": true}\n"}
,{"stream_name":"stdout","time":1538.884360106,"data":"BIOHUB_RETENTION_GUARD {\"blended_candidates\": 462, \"dataset\": \"44b6_12dfb391\", \"frame\": 58, \"minimum_retention\": 0.9, \"primary_candidates\": 524, \"retention\": 0.8816793893129771, \"use_primary\": true}\n"}
,{"stream_name":"stdout","time":1540.940118565,"data":"BIOHUB_RETENTION_GUARD {\"blended_candidates\": 458, \"dataset\": \"44b6_12dfb391\", \"frame\": 59, \"minimum_retention\": 0.9, \"primary_candidates\": 532, \"retention\": 0.8609022556390977, \"use_primary\": true}\n"}
,{"stream_name":"stdout","time":1541.143024388,"data":"BIOHUB_RETENTION_GUARD {\"blended_candidates\": 458, \"dataset\": \"44b6_12dfb391\", \"frame\": 59, \"minimum_retention\": 0.9, \"primary_candidates\": 532, \"retention\": 0.8609022556390977, \"use_primary\": true}\n"}
,{"stream_name":"stdout","time":1545.549078943,"data":"BIOHUB_RETENTION_GUARD {\"blended_candidates\": 462, \"dataset\": \"44b6_12dfb391\", \"frame\": 61, \"minimum_retention\": 0.9, \"primary_candidates\": 543, \"retention\": 0.850828729281768, \"use_primary\": true}\n"}
,{"stream_name":"stdout","time":1545.751455956,"data":"BIOHUB_RETENTION_GUARD {\"blended_candidates\": 462, \"dataset\": \"44b6_12dfb391\", \"frame\": 61, \"minimum_retention\": 0.9, \"primary_candidates\": 543, \"retention\": 0.850828729281768, \"use_primary\": true}\n"}
,{"stream_name":"stdout","time":1550.141961864,"data":"BIOHUB_RETENTION_GUARD {\"blended_candidates\": 491, \"dataset\": \"44b6_12dfb391\", \"frame\": 63, \"minimum_retention\": 0.9, \"primary_candidates\": 548, \"retention\": 0.8959854014598541, \"use_primary\": true}\n"}
,{"stream_name":"stdout","time":1550.34431367,"data":"BIOHUB_RETENTION_GUARD {\"blended_candidates\": 491, \"dataset\": \"44b6_12dfb391\", \"frame\": 63, \"minimum_retention\": 0.9, \"primary_candidates\": 548, \"retention\": 0.8959854014598541, \"use_primary\": true}\n"}
,{"stream_name":"stdout","time":1561.42619397,"data":"BIOHUB_RETENTION_GUARD {\"blended_candidates\": 500, \"dataset\": \"44b6_12dfb391\", \"frame\": 68, \"minimum_retention\": 0.9, \"primary_candidates\": 560, \"retention\": 0.8928571428571429, \"use_primary\": true}\n"}
,{"stream_name":"stdout","time":1561.628464777,"data":"BIOHUB_RETENTION_GUARD {\"blended_candidates\": 500, \"dataset\": \"44b6_12dfb391\", \"frame\": 68, \"minimum_retention\": 0.9, \"primary_candidates\": 560, \"retention\": 0.8928571428571429, \"use_primary\": true}\n"}
,{"stream_name":"stdout","time":1563.672381257,"data":"BIOHUB_RETENTION_GUARD {\"blended_candidates\": 482, \"dataset\": \"44b6_12dfb391\", \"frame\": 69, \"minimum_retention\": 0.9, \"primary_candidates\": 570, \"retention\": 0.8456140350877193, \"use_primary\": true}\n"}
,{"stream_name":"stdout","time":1563.887624324,"data":"BIOHUB_RETENTION_GUARD {\"blended_candidates\": 482, \"dataset\": \"44b6_12dfb391\", \"frame\": 69, \"minimum_retention\": 0.9, \"primary_candidates\": 570, \"retention\": 0.8456140350877193, \"use_primary\": true}\n"}
,{"stream_name":"stdout","time":1565.9182351,"data":"BIOHUB_RETENTION_GUARD {\"blended_candidates\": 471, \"dataset\": \"44b6_12dfb391\", \"frame\": 70, \"minimum_retention\": 0.9, \"primary_candidates\": 545, \"retention\": 0.8642201834862385, \"use_primary\": true}\n"}
,{"stream_name":"stdout","time":1566.120651523,"data":"BIOHUB_RETENTION_GUARD {\"blended_candidates\": 471, \"dataset\": \"44b6_12dfb391\", \"frame\": 70, \"minimum_retention\": 0.9, \"primary_candidates\": 545, \"retention\": 0.8642201834862385, \"use_primary\": true}\n"}
,{"stream_name":"stdout","time":1568.160975345,"data":"BIOHUB_RETENTION_GUARD {\"blended_candidates\": 488, \"dataset\": \"44b6_12dfb391\", \"frame\": 71, \"minimum_retention\": 0.9, \"primary_candidates\": 555, \"retention\": 0.8792792792792793, \"use_primary\": true}\n"}
,{"stream_name":"stdout","time":1568.363855329,"data":"BIOHUB_RETENTION_GUARD {\"blended_candidates\": 488, \"dataset\": \"44b6_12dfb391\", \"frame\": 71, \"minimum_retention\": 0.9, \"primary_candidates\": 555, \"retention\": 0.8792792792792793, \"use_primary\": true}\n"}
,{"stream_name":"stdout","time":1570.393366624,"data":"BIOHUB_RETENTION_GUARD {\"blended_candidates\": 487, \"dataset\": \"44b6_12dfb391\", \"frame\": 72, \"minimum_retention\": 0.9, \"primary_candidates\": 555, \"retention\": 0.8774774774774775, \"use_primary\": true}\n"}
,{"stream_name":"stdout","time":1570.595907207,"data":"BIOHUB_RETENTION_GUARD {\"blended_candidates\": 487, \"dataset\": \"44b6_12dfb391\", \"frame\": 72, \"minimum_retention\": 0.9, \"primary_candidates\": 555, \"retention\": 0.8774774774774775, \"use_primary\": true}\n"}
,{"stream_name":"stdout","time":1574.902080912,"data":"BIOHUB_RETENTION_GUARD {\"blended_candidates\": 504, \"dataset\": \"44b6_12dfb391\", \"frame\": 74, \"minimum_retention\": 0.9, \"primary_candidates\": 564, \"retention\": 0.8936170212765957, \"use_primary\": true}\n"}
,{"stream_name":"stdout","time":1575.104189211,"data":"BIOHUB_RETENTION_GUARD {\"blended_candidates\": 504, \"dataset\": \"44b6_12dfb391\", \"frame\": 74, \"minimum_retention\": 0.9, \"primary_candidates\": 564, \"retention\": 0.8936170212765957, \"use_primary\": true}\n"}
,{"stream_name":"stdout","time":1577.149234326,"data":"BIOHUB_RETENTION_GUARD {\"blended_candidates\": 468, \"dataset\": \"44b6_12dfb391\", \"frame\": 75, \"minimum_retention\": 0.9, \"primary_candidates\": 565, \"retention\": 0.8283185840707965, \"use_primary\": true}\n"}
,{"stream_name":"stdout","time":1577.351663163,"data":"BIOHUB_RETENTION_GUARD {\"blended_candidates\": 468, \"dataset\": \"44b6_12dfb391\", \"frame\": 75, \"minimum_retention\": 0.9, \"primary_candidates\": 565, \"retention\": 0.8283185840707965, \"use_primary\": true}\n"}
,{"stream_name":"stdout","time":1579.371637481,"data":"BIOHUB_RETENTION_GUARD {\"blended_candidates\": 507, \"dataset\": \"44b6_12dfb391\", \"frame\": 76, \"minimum_retention\": 0.9, \"primary_candidates\": 579, \"retention\": 0.8756476683937824, \"use_primary\": true}\n"}
,{"stream_name":"stdout","time":1579.574038622,"data":"BIOHUB_RETENTION_GUARD {\"blended_candidates\": 507, \"dataset\": \"44b6_12dfb391\", \"frame\": 76, \"minimum_retention\": 0.9, \"primary_candidates\": 579, \"retention\": 0.8756476683937824, \"use_primary\": true}\n"}
,{"stream_name":"stdout","time":1581.601882448,"data":"BIOHUB_RETENTION_GUARD {\"blended_candidates\": 503, \"dataset\": \"44b6_12dfb391\", \"frame\": 77, \"minimum_retention\": 0.9, \"primary_candidates\": 582, \"retention\": 0.8642611683848798, \"use_primary\": true}\n"}
,{"stream_name":"stdout","time":1581.804321566,"data":"BIOHUB_RETENTION_GUARD {\"blended_candidates\": 503, \"dataset\": \"44b6_12dfb391\", \"frame\": 77, \"minimum_retention\": 0.9, \"primary_candidates\": 582, \"retention\": 0.8642611683848798, \"use_primary\": true}\n"}
,{"stream_name":"stdout","time":1583.908480166,"data":"BIOHUB_RETENTION_GUARD {\"blended_candidates\": 519, \"dataset\": \"44b6_12dfb391\", \"frame\": 78, \"minimum_retention\": 0.9, \"primary_candidates\": 585, \"retention\": 0.8871794871794871, \"use_primary\": true}\n"}
,{"stream_name":"stdout","time":1584.110886745,"data":"BIOHUB_RETENTION_GUARD {\"blended_candidates\": 519, \"dataset\": \"44b6_12dfb391\", \"frame\": 78, \"minimum_retention\": 0.9, \"primary_candidates\": 585, \"retention\": 0.8871794871794871, \"use_primary\": true}\n"}
,{"stream_name":"stdout","time":1595.117030453,"data":"BIOHUB_RETENTION_GUARD {\"blended_candidates\": 478, \"dataset\": \"44b6_12dfb391\", \"frame\": 83, \"minimum_retention\": 0.9, \"primary_candidates\": 555, \"retention\": 0.8612612612612612, \"use_primary\": true}\n"}
,{"stream_name":"stdout","time":1595.327665265,"data":"BIOHUB_RETENTION_GUARD {\"blended_candidates\": 478, \"dataset\": \"44b6_12dfb391\", \"frame\": 83, \"minimum_retention\": 0.9, \"primary_candidates\": 555, \"retention\": 0.8612612612612612, \"use_primary\": true}\n"}
,{"stream_name":"stdout","time":1597.308954808,"data":"BIOHUB_RETENTION_GUARD {\"blended_candidates\": 501, \"dataset\": \"44b6_12dfb391\", \"frame\": 84, \"minimum_retention\": 0.9, \"primary_candidates\": 566, \"retention\": 0.8851590106007067, \"use_primary\": true}\n"}
,{"stream_name":"stdout","time":1597.511045647,"data":"BIOHUB_RETENTION_GUARD {\"blended_candidates\": 501, \"dataset\": \"44b6_12dfb391\", \"frame\": 84, \"minimum_retention\": 0.9, \"primary_candidates\": 566, \"retention\": 0.8851590106007067, \"use_primary\": true}\n"}
,{"stream_name":"stdout","time":1608.468113666,"data":"BIOHUB_RETENTION_GUARD {\"blended_candidates\": 539, \"dataset\": \"44b6_12dfb391\", \"frame\": 89, \"minimum_retention\": 0.9, \"primary_candidates\": 618, \"retention\": 0.872168284789644, \"use_primary\": true}\n"}
,{"stream_name":"stdout","time":1608.670844965,"data":"BIOHUB_RETENTION_GUARD {\"blended_candidates\": 539, \"dataset\": \"44b6_12dfb391\", \"frame\": 89, \"minimum_retention\": 0.9, \"primary_candidates\": 618, \"retention\": 0.872168284789644, \"use_primary\": true}\n"}
,{"stream_name":"stdout","time":1610.694751673,"data":"BIOHUB_RETENTION_GUARD {\"blended_candidates\": 532, \"dataset\": \"44b6_12dfb391\", \"frame\": 90, \"minimum_retention\": 0.9, \"primary_candidates\": 595, \"retention\": 0.8941176470588236, \"use_primary\": true}\n"}
,{"stream_name":"stdout","time":1610.89746991,"data":"BIOHUB_RETENTION_GUARD {\"blended_candidates\": 532, \"dataset\": \"44b6_12dfb391\", \"frame\": 90, \"minimum_retention\": 0.9, \"primary_candidates\": 595, \"retention\": 0.8941176470588236, \"use_primary\": true}\n"}
,{"stream_name":"stdout","time":1614.980663207,"data":"EXP049 proposals 44b6_267148e4 26394\n"}
,{"stream_name":"stdout","time":1615.183314605,"data":"EXP049 proposals 44b6_267148e4 26394\n"}
,{"stream_name":"stdout","time":1619.982700826,"data":"BIOHUB_RETENTION_GUARD {\"blended_candidates\": 520, \"dataset\": \"44b6_12dfb391\", \"frame\": 94, \"minimum_retention\": 0.9, \"primary_candidates\": 583, \"retention\": 0.8919382504288165, \"use_primary\": true}\n"}
,{"stream_name":"stdout","time":1620.185332347,"data":"BIOHUB_RETENTION_GUARD {\"blended_candidates\": 520, \"dataset\": \"44b6_12dfb391\", \"frame\": 94, \"minimum_retention\": 0.9, \"primary_candidates\": 583, \"retention\": 0.8919382504288165, \"use_primary\": true}\n"}
,{"stream_name":"stdout","time":1631.799035358,"data":"EXP049 proposals 44b6_12dfb391 49743\n"}
,{"stream_name":"stdout","time":1632.015563641,"data":"EXP049 proposals 44b6_12dfb391 49743\n"}
,{"stream_name":"stdout","time":1701.060624396,"data":"BIOHUB_RETENTION_GUARD {\"blended_candidates\": 342, \"dataset\": \"6bba_07e24132\", \"frame\": 32, \"minimum_retention\": 0.9, \"primary_candidates\": 392, \"retention\": 0.8724489795918368, \"use_primary\": true}\n"}
,{"stream_name":"stdout","time":1701.284066569,"data":"BIOHUB_RETENTION_GUARD {\"blended_candidates\": 342, \"dataset\": \"6bba_07e24132\", \"frame\": 32, \"minimum_retention\": 0.9, \"primary_candidates\": 392, \"retention\": 0.8724489795918368, \"use_primary\": true}\n"}
,{"stream_name":"stdout","time":1820.839348676,"data":"BIOHUB_RETENTION_GUARD {\"blended_candidates\": 59, \"dataset\": \"6bba_062c8d37\", \"frame\": 73, \"minimum_retention\": 0.9, \"primary_candidates\": 68, \"retention\": 0.8676470588235294, \"use_primary\": true}\n"}
,{"stream_name":"stdout","time":1821.057047695,"data":"BIOHUB_RETENTION_GUARD {\"blended_candidates\": 59, \"dataset\": \"6bba_062c8d37\", \"frame\": 73, \"minimum_retention\": 0.9, \"primary_candidates\": 68, \"retention\": 0.8676470588235294, \"use_primary\": true}\n"}
,{"stream_name":"stdout","time":1822.92011978,"data":"BIOHUB_RETENTION_GUARD {\"blended_candidates\": 62, \"dataset\": \"6bba_062c8d37\", \"frame\": 74, \"minimum_retention\": 0.9, \"primary_candidates\": 69, \"retention\": 0.8985507246376812, \"use_primary\": true}\n"}
,{"stream_name":"stdout","time":1823.122485734,"data":"BIOHUB_RETENTION_GUARD {\"blended_candidates\": 62, \"dataset\": \"6bba_062c8d37\", \"frame\": 74, \"minimum_retention\": 0.9, \"primary_candidates\": 69, \"retention\": 0.8985507246376812, \"use_primary\": true}\n"}
,{"stream_name":"stdout","time":1843.603257166,"data":"BIOHUB_RETENTION_GUARD {\"blended_candidates\": 64, \"dataset\": \"6bba_062c8d37\", \"frame\": 84, \"minimum_retention\": 0.9, \"primary_candidates\": 73, \"retention\": 0.8767123287671232, \"use_primary\": true}\n"}
,{"stream_name":"stdout","time":1843.806441591,"data":"BIOHUB_RETENTION_GUARD {\"blended_candidates\": 64, \"dataset\": \"6bba_062c8d37\", \"frame\": 84, \"minimum_retention\": 0.9, \"primary_candidates\": 73, \"retention\": 0.8767123287671232, \"use_primary\": true}\n"}
,{"stream_name":"stdout","time":1845.72367966,"data":"EXP049 proposals 6bba_07e24132 36018\n"}
,{"stream_name":"stdout","time":1845.926524732,"data":"EXP049 proposals 6bba_07e24132 36018\n"}
,{"stream_name":"stdout","time":1866.093980771,"data":"Saved 2 predictions to /kaggle/working/tracking_repo/predictions/unknown/unet_transformer_val_gpu1/split_0\n"}
,{"stream_name":"stdout","time":1866.310848029,"data":"Saved 2 predictions to /kaggle/working/tracking_repo/predictions/unknown/unet_transformer_val_gpu1/split_0\n"}
,{"stream_name":"stdout","time":1875.087375601,"data":"EXP049 proposals 6bba_062c8d37 6553\n"}
,{"stream_name":"stdout","time":1875.290012551,"data":"EXP049 proposals 6bba_062c8d37 6553\n"}
,{"stream_name":"stdout","time":1879.113806908,"data":"Saved 2 predictions to /kaggle/working/tracking_repo/predictions/unknown/unet_transformer_val_gpu0/split_0\n"}
,{"stream_name":"stdout","time":1879.316124654,"data":"Saved 2 predictions to /kaggle/working/tracking_repo/predictions/unknown/unet_transformer_val_gpu0/split_0\n"}
,{"stream_name":"stdout","time":1881.133292368,"data":"VALIDATOR: merged 4 prediction graphs into /kaggle/working/tracking_repo/predictions/unknown/unet_transformer_val/split_0\n"}
,{"stream_name":"stdout","time":1881.13333436,"data":"VALIDATOR: prediction completed in 7.93 minutes\n"}
,{"stream_name":"stdout","time":1881.332300295,"data":"Post-process base configuration (public 0.939):\n"}
,{"stream_name":"stdout","time":1881.332330393,"data":"  SAFE_DIV_MAX_UM                          9.0\n"}
,{"stream_name":"stdout","time":1881.332341628,"data":"  SAFE_DIV_SISTER_MAX_UM                   14.0\n"}
,{"stream_name":"stdout","time":1881.332345633,"data":"  SAFE_DIV_DIVERGE_UM                      2.25\n"}
,{"stream_name":"stdout","time":1881.33234863,"data":"  SAFE_DIV_SISTER_SYMMETRY_TAU             0.6\n"}
,{"stream_name":"stdout","time":1881.332351659,"data":"  SAFE_DIV_EXISTING_CHILD_MAX_UM           10.0\n"}
,{"stream_name":"stdout","time":1881.332354625,"data":"  SAFE_DIV_FRAME_FRAC_CAP                  0.0076\n"}
,{"stream_name":"stdout","time":1881.332357632,"data":"  SAFE_DIV_GLOBAL_FRAC_CAP                 0.00375\n"}
,{"stream_name":"stdout","time":1881.332360477,"data":"  DEEPCENTER_SAFE_DIV_THRESHOLD            0.25\n"}
,{"stream_name":"stdout","time":1881.332373962,"data":"  DEEPCENTER_GAP_THRESHOLD                 0.25\n"}
,{"stream_name":"stdout","time":1881.3323765,"data":"  GAP_CLOSE_UM                             5.0\n"}
,{"stream_name":"stdout","time":1881.332378685,"data":"  OUTPUT_MIN_TRACK_LEN                     6\n"}
,{"stream_name":"stdout","time":1881.33238124,"data":"  SHORT_TRACK_RESCUE_MIN_MEAN_EDGE_PROB    0.88\n"}
,{"stream_name":"stdout","time":1881.332383506,"data":"  MOTION_RELINK_TIGHT_UM                   6.0\n"}
,{"stream_name":"stdout","time":1881.332385692,"data":"  MOTION_RELINK_RELAXED_UM                 10.0\n"}
,{"stream_name":"stdout","time":1881.332387918,"data":"  GAP2_MAX_STEP_UM                         4.4\n"}
,{"stream_name":"stdout","time":1881.332390173,"data":"  GAP2_MAX_TOTAL_UM                        10.2\n"}
,{"stream_name":"stdout","time":1881.332392398,"data":"  MOTION_RELINK_LEARNED_BONUS              1.0\n"}
,{"stream_name":"stdout","time":1881.33239463,"data":"  MOTION_RELINK_VELOCITY_WEIGHT            0.5\n"}
,{"stream_name":"stdout","time":1881.332396809,"data":"  GAP_CLOSE_REUSE_UM                       3.2\n"}
,{"stream_name":"stdout","time":1881.332399473,"data":"  OUTPUT_EDGE_MAX_UM                       14.0\n"}
,{"stream_name":"stdout","time":1883.810075036,"data":"VALIDATOR: cached 4 raw prediction graphs + GT\n"}
,{"stream_name":"stdout","time":1883.810111753,"data":"EXP019: legacy four-video proxy execution disabled; formal comparison uses patched scorer.\n"}
,{"stream_name":"stdout","time":2237.516711859,"data":"EXP019 official patched scorer: /kaggle/input/datasets/dalloliogm/biohub-official-scorer-patched/tracking_cellmot_075fc5f/src/tracking_cellmot/metrics.py\n"}
,{"stream_name":"stdout","time":2237.516750039,"data":"==============================================================================\n"}
,{"stream_name":"stdout","time":2237.516756479,"data":"EXP056 strategy: off\n"}
,{"stream_name":"stdout","time":2294.490420639,"data":"  [44b6_12dfb391] after edge-filter+motion-relink: 43118 nodes, 40789 edges\n"}
,{"stream_name":"stdout","time":2295.609447588,"data":"DEEPCENTER_TTA_ACTIVE views= 8 mean_abs_logit_delta= 0.132016\n"}
,{"stream_name":"stdout","time":2308.439379248,"data":"  [44b6_12dfb391] after gap-closing (single-frame + gap2): 43785 nodes, 42041 edges\n"}
,{"stream_name":"stdout","time":2333.384373478,"data":"  [44b6_12dfb391] after safe-division repair: 43785 nodes, 42056 edges (geometric_candidates=153, deepcenter_rejected=138, post_veto_candidates=15, added=15, cap_skipped=0, mutual_nn_rejected=56, divergence_rejected=1529)\n"}
,{"stream_name":"stdout","time":2333.384416707,"data":"  [44b6_12dfb391] after division-geometry-filter+prune-isolated: 43779 nodes, 42056 edges\n"}
,{"stream_name":"stdout","time":2333.384442214,"data":"  [44b6_12dfb391] after short-track filtering: 42582 nodes, 41132 edges (components_removed=273)\n"}
,{"stream_name":"stdout","time":2341.732389854,"data":"  [44b6_12dfb391] FINAL: 42582 nodes, 41132 edges\n"}
,{"stream_name":"stdout","time":2357.348860753,"data":"  [44b6_267148e4] after edge-filter+motion-relink: 21669 nodes, 20287 edges\n"}
,{"stream_name":"stdout","time":2370.371991397,"data":"  [44b6_267148e4] after gap-closing (single-frame + gap2): 21940 nodes, 20781 edges\n"}
,{"stream_name":"stdout","time":2395.864514727,"data":"  [44b6_267148e4] after safe-division repair: 21940 nodes, 20802 edges (geometric_candidates=196, deepcenter_rejected=169, post_veto_candidates=27, added=21, cap_skipped=0, mutual_nn_rejected=119, divergence_rejected=1004)\n"}
,{"stream_name":"stdout","time":2395.864562212,"data":"  [44b6_267148e4] after division-geometry-filter+prune-isolated: 21886 nodes, 20802 edges\n"}
,{"stream_name":"stdout","time":2395.864583955,"data":"  [44b6_267148e4] after short-track filtering: 21055 nodes, 20174 edges (components_removed=203)\n"}
,{"stream_name":"stdout","time":2399.919078776,"data":"  [44b6_267148e4] FINAL: 21055 nodes, 20174 edges\n"}
,{"stream_name":"stdout","time":2401.386944916,"data":"  [6bba_062c8d37] after edge-filter+motion-relink: 5983 nodes, 5628 edges\n"}
,{"stream_name":"stdout","time":2402.523289705,"data":"  [6bba_062c8d37] after gap-closing (single-frame + gap2): 6030 nodes, 5715 edges\n"}
,{"stream_name":"stdout","time":2406.219590152,"data":"  [6bba_062c8d37] after safe-division repair: 6030 nodes, 5719 edges (geometric_candidates=13, deepcenter_rejected=9, post_veto_candidates=4, added=4, cap_skipped=0, mutual_nn_rejected=3, divergence_rejected=67)\n"}
,{"stream_name":"stdout","time":2406.219629552,"data":"  [6bba_062c8d37] after division-geometry-filter+prune-isolated: 6000 nodes, 5719 edges\n"}
,{"stream_name":"stdout","time":2406.219636616,"data":"  [6bba_062c8d37] after short-track filtering: 5840 nodes, 5605 edges (components_removed=46)\n"}
,{"stream_name":"stdout","time":2407.310883622,"data":"  [6bba_062c8d37] FINAL: 5840 nodes, 5605 edges\n"}
,{"stream_name":"stdout","time":2426.438164768,"data":"  [6bba_07e24132] after edge-filter+motion-relink: 24880 nodes, 23389 edges\n"}
,{"stream_name":"stdout","time":2436.458561606,"data":"  [6bba_07e24132] after gap-closing (single-frame + gap2): 25210 nodes, 23994 edges\n"}
,{"stream_name":"stdout","time":2452.279186312,"data":"  [6bba_07e24132] after safe-division repair: 25210 nodes, 24000 edges (geometric_candidates=87, deepcenter_rejected=80, post_veto_candidates=7, added=6, cap_skipped=0, mutual_nn_rejected=55, divergence_rejected=906)\n"}
,{"stream_name":"stdout","time":2452.279238259,"data":"  [6bba_07e24132] after division-geometry-filter+prune-isolated: 25198 nodes, 24000 edges\n"}
,{"stream_name":"stdout","time":2452.279247192,"data":"  [6bba_07e24132] after short-track filtering: 24181 nodes, 23216 edges (components_removed=233)\n"}
,{"stream_name":"stdout","time":2456.830081688,"data":"  [6bba_07e24132] FINAL: 24181 nodes, 23216 edges\n"}
,{"stream_name":"stdout","time":2457.313501044,"data":"44b6_12dfb391: 42582 nodes, 41132 edges -\u003e /kaggle/working/focus_strategy_off_geffs/44b6_12dfb391.geff\n"}
,{"stream_name":"stdout","time":2457.313547443,"data":"6bba_07e24132: 24181 nodes, 23216 edges -\u003e /kaggle/working/focus_strategy_off_geffs/6bba_07e24132.geff\n"}
,{"stream_name":"stdout","time":2457.618225661,"data":"6bba_062c8d37: 5840 nodes, 5605 edges -\u003e /kaggle/working/focus_strategy_off_geffs/6bba_062c8d37.geff\n"}
,{"stream_name":"stdout","time":2457.618256601,"data":"44b6_267148e4: 21055 nodes, 20174 edges -\u003e /kaggle/working/focus_strategy_off_geffs/44b6_267148e4.geff\n"}
,{"stream_name":"stdout","time":2457.618262774,"data":"\n"}
,{"stream_name":"stdout","time":2457.618267163,"data":"Wrote 4 geffs to /kaggle/working/focus_strategy_off_geffs\n"}
,{"stream_name":"stdout","time":2457.618271619,"data":"4 datasets in both pred and GT (of 4 pred / 199 GT)\n"}
,{"stream_name":"stdout","time":2460.080831017,"data":"  44b6_12dfb391: edge TP/FP/FN=743/39/30 div TP/FP/FN=0/0/1 n_pred=42582\n"}
,{"stream_name":"stdout","time":2461.501762822,"data":"  44b6_267148e4: edge TP/FP/FN=254/38/23 div TP/FP/FN=0/0/1 n_pred=21055\n"}
,{"stream_name":"stdout","time":2462.403014221,"data":"  6bba_062c8d37: edge TP/FP/FN=887/7/11 div TP/FP/FN=1/0/0 n_pred=5840\n"}
,{"stream_name":"stdout","time":2464.607780628,"data":"  6bba_07e24132: edge TP/FP/FN=307/21/38 div TP/FP/FN=0/0/2 n_pred=24181\n"}
,{"stream_name":"stdout","time":2464.607823112,"data":"OFFICIAL SUMMARY {'mode': 'off', 'n': 4, 'edge_jaccard': 0.9136780650542119, 'division_jaccard': 0.2, 'division_tp': 1, 'division_fp': 0, 'division_fn': 4, 'node_recall': 0.979074072722612, 'adj_edge_jaccard': 0.9206682101946045, 'n_adj': 4, 'score': 0.9406682101946046, 'focus_checked': 0, 'focus_accepted': 0, 'focus_veto_removed': 0, 'focus_frames_loaded': 0, 'exp049_structural_candidates': 0, 'exp049_deepcenter_rejected': 0, 'exp049_divergence_rejected': 0, 'exp049_added': 0, 'exp049_rewired': 0, 'exp049_cap_rejected': 0, 'exp056_edge_guard_checked': 0, 'exp056_edge_guard_passed': 0, 'exp056_edge_guard_rejected': 0, 'exp056_edge_guard_missing_prob': 0, 'exp056_edge_guard_accepted': 0}\n"}
,{"stream_name":"stdout","time":2464.607852083,"data":"==============================================================================\n"}
,{"stream_name":"stdout","time":2464.607856522,"data":"EXP056 strategy: exp049_cos060\n"}
,{"stream_name":"stdout","time":2520.878837862,"data":"  [44b6_12dfb391] after edge-filter+motion-relink: 43118 nodes, 40789 edges\n"}
,{"stream_name":"stdout","time":2534.056665485,"data":"  [44b6_12dfb391] after gap-closing (single-frame + gap2): 43785 nodes, 42041 edges\n"}
,{"stream_name":"stdout","time":2560.542294591,"data":"  [44b6_12dfb391] EXP056 mode=exp049_cos060 structural=4 accepted=2 rewired=2\n"}
,{"stream_name":"stdout","time":2560.542330235,"data":"  [44b6_12dfb391] after safe-division repair: 43785 nodes, 42056 edges (geometric_candidates=153, deepcenter_rejected=138, post_veto_candidates=15, added=15, cap_skipped=0, mutual_nn_rejected=56, divergence_rejected=1529)\n"}
,{"stream_name":"stdout","time":2560.542344867,"data":"  [44b6_12dfb391] after division-geometry-filter+prune-isolated: 43779 nodes, 42056 edges\n"}
,{"stream_name":"stdout","time":2560.542363356,"data":"  [44b6_12dfb391] after short-track filtering: 42582 nodes, 41132 edges (components_removed=273)\n"}
,{"stream_name":"stdout","time":2568.748746628,"data":"  [44b6_12dfb391] FINAL: 42582 nodes, 41132 edges\n"}
,{"stream_name":"stdout","time":2584.225574051,"data":"  [44b6_267148e4] after edge-filter+motion-relink: 21669 nodes, 20287 edges\n"}
,{"stream_name":"stdout","time":2597.189713471,"data":"  [44b6_267148e4] after gap-closing (single-frame + gap2): 21940 nodes, 20781 edges\n"}
,{"stream_name":"stdout","time":2625.771583365,"data":"  [44b6_267148e4] EXP056 mode=exp049_cos060 structural=13 accepted=2 rewired=2\n"}
,{"stream_name":"stdout","time":2625.771649197,"data":"  [44b6_267148e4] after safe-division repair: 21940 nodes, 20802 edges (geometric_candidates=196, deepcenter_rejected=169, post_veto_candidates=27, added=21, cap_skipped=0, mutual_nn_rejected=119, divergence_rejected=1004)\n"}
,{"stream_name":"stdout","time":2625.771659879,"data":"  [44b6_267148e4] after division-geometry-filter+prune-isolated: 21886 nodes, 20802 edges\n"}
,{"stream_name":"stdout","time":2625.771663962,"data":"  [44b6_267148e4] after short-track filtering: 21051 nodes, 20171 edges (components_removed=204)\n"}
,{"stream_name":"stdout","time":2629.845258017,"data":"  [44b6_267148e4] FINAL: 21051 nodes, 20171 edges\n"}
,{"stream_name":"stdout","time":2631.302718219,"data":"  [6bba_062c8d37] after edge-filter+motion-relink: 5983 nodes, 5628 edges\n"}
,{"stream_name":"stdout","time":2632.700476641,"data":"  [6bba_062c8d37] after gap-closing (single-frame + gap2): 6030 nodes, 5715 edges\n"}
,{"stream_name":"stdout","time":2636.401715845,"data":"  [6bba_062c8d37] EXP056 mode=exp049_cos060 structural=0 accepted=0 rewired=0\n"}
,{"stream_name":"stdout","time":2636.401860691,"data":"  [6bba_062c8d37] after safe-division repair: 6030 nodes, 5719 edges (geometric_candidates=13, deepcenter_rejected=9, post_veto_candidates=4, added=4, cap_skipped=0, mutual_nn_rejected=3, divergence_rejected=67)\n"}
,{"stream_name":"stdout","time":2636.404197593,"data":"  [6bba_062c8d37] after division-geometry-filter+prune-isolated: 6000 nodes, 5719 edges\n"}
,{"stream_name":"stdout","time":2636.404233603,"data":"  [6bba_062c8d37] after short-track filtering: 5840 nodes, 5605 edges (components_removed=46)\n"}
,{"stream_name":"stdout","time":2637.603357302,"data":"  [6bba_062c8d37] FINAL: 5840 nodes, 5605 edges\n"}
,{"stream_name":"stdout","time":2656.833495441,"data":"  [6bba_07e24132] after edge-filter+motion-relink: 24880 nodes, 23389 edges\n"}
,{"stream_name":"stdout","time":2667.188410643,"data":"  [6bba_07e24132] after gap-closing (single-frame + gap2): 25210 nodes, 23994 edges\n"}
,{"stream_name":"stdout","time":2683.140897913,"data":"  [6bba_07e24132] EXP056 mode=exp049_cos060 structural=0 accepted=0 rewired=0\n"}
,{"stream_name":"stdout","time":2683.140945839,"data":"  [6bba_07e24132] after safe-division repair: 25210 nodes, 24000 edges (geometric_candidates=87, deepcenter_rejected=80, post_veto_candidates=7, added=6, cap_skipped=0, mutual_nn_rejected=55, divergence_rejected=906)\n"}
,{"stream_name":"stdout","time":2683.140952178,"data":"  [6bba_07e24132] after division-geometry-filter+prune-isolated: 25198 nodes, 24000 edges\n"}
,{"stream_name":"stdout","time":2683.140957094,"data":"  [6bba_07e24132] after short-track filtering: 24181 nodes, 23216 edges (components_removed=233)\n"}
,{"stream_name":"stdout","time":2687.920296776,"data":"  [6bba_07e24132] FINAL: 24181 nodes, 23216 edges\n"}
,{"stream_name":"stdout","time":2688.434302775,"data":"44b6_12dfb391: 42582 nodes, 41132 edges -\u003e /kaggle/working/focus_strategy_exp049_cos060_geffs/44b6_12dfb391.geff\n"}
,{"stream_name":"stdout","time":2688.434351302,"data":"6bba_07e24132: 24181 nodes, 23216 edges -\u003e /kaggle/working/focus_strategy_exp049_cos060_geffs/6bba_07e24132.geff\n"}
,{"stream_name":"stdout","time":2688.764194608,"data":"44b6_267148e4: 21051 nodes, 20171 edges -\u003e /kaggle/working/focus_strategy_exp049_cos060_geffs/44b6_267148e4.geff\n"}
,{"stream_name":"stdout","time":2688.764228494,"data":"6bba_062c8d37: 5840 nodes, 5605 edges -\u003e /kaggle/working/focus_strategy_exp049_cos060_geffs/6bba_062c8d37.geff\n"}
,{"stream_name":"stdout","time":2688.764236138,"data":"\n"}
,{"stream_name":"stdout","time":2688.764240489,"data":"Wrote 4 geffs to /kaggle/working/focus_strategy_exp049_cos060_geffs\n"}
,{"stream_name":"stdout","time":2688.764246686,"data":"4 datasets in both pred and GT (of 4 pred / 199 GT)\n"}
,{"stream_name":"stdout","time":2691.132303724,"data":"  44b6_12dfb391: edge TP/FP/FN=743/39/30 div TP/FP/FN=0/0/1 n_pred=42582\n"}
,{"stream_name":"stdout","time":2692.636754414,"data":"  44b6_267148e4: edge TP/FP/FN=255/37/22 div TP/FP/FN=1/0/0 n_pred=21051\n"}
,{"stream_name":"stdout","time":2693.671270504,"data":"  6bba_062c8d37: edge TP/FP/FN=887/7/11 div TP/FP/FN=1/0/0 n_pred=5840\n"}
,{"stream_name":"stdout","time":2695.664367807,"data":"  6bba_07e24132: edge TP/FP/FN=307/21/38 div TP/FP/FN=0/0/2 n_pred=24181\n"}
,{"stream_name":"stdout","time":2695.664406883,"data":"OFFICIAL SUMMARY {'mode': 'exp049_cos060', 'n': 4, 'edge_jaccard': 0.9144764288694202, 'division_jaccard': 0.4, 'division_tp': 2, 'division_fp': 0, 'division_fn': 3, 'node_recall': 0.979074072722612, 'adj_edge_jaccard': 0.9214675165862852, 'n_adj': 4, 'score': 0.9614675165862853, 'focus_checked': 0, 'focus_accepted': 0, 'focus_veto_removed': 0, 'focus_frames_loaded': 0, 'exp049_structural_candidates': 17, 'exp049_deepcenter_rejected': 12, 'exp049_divergence_rejected': 85, 'exp049_added': 4, 'exp049_rewired': 4, 'exp049_cap_rejected': 1, 'exp056_edge_guard_checked': 0, 'exp056_edge_guard_passed': 0, 'exp056_edge_guard_rejected': 0, 'exp056_edge_guard_missing_prob': 0, 'exp056_edge_guard_accepted': 0}\n"}
,{"stream_name":"stdout","time":2695.664428835,"data":"==============================================================================\n"}
,{"stream_name":"stdout","time":2695.664451208,"data":"EXP056 strategy: exp056_edge_protected\n"}
,{"stream_name":"stdout","time":2752.044365899,"data":"  [44b6_12dfb391] after edge-filter+motion-relink: 43118 nodes, 40789 edges\n"}
,{"stream_name":"stdout","time":2765.02603364,"data":"  [44b6_12dfb391] after gap-closing (single-frame + gap2): 43785 nodes, 42041 edges\n"}
,{"stream_name":"stdout","time":2791.457870159,"data":"  [44b6_12dfb391] EXP056 mode=exp056_edge_protected structural=2 accepted=2 rewired=2\n"}
,{"stream_name":"stdout","time":2791.45795794,"data":"  [44b6_12dfb391] after safe-division repair: 43785 nodes, 42056 edges (geometric_candidates=153, deepcenter_rejected=138, post_veto_candidates=15, added=15, cap_skipped=0, mutual_nn_rejected=56, divergence_rejected=1529)\n"}
,{"stream_name":"stdout","time":2791.457966818,"data":"  [44b6_12dfb391] after division-geometry-filter+prune-isolated: 43779 nodes, 42056 edges\n"}
,{"stream_name":"stdout","time":2791.45797269,"data":"  [44b6_12dfb391] after short-track filtering: 42582 nodes, 41132 edges (components_removed=273)\n"}
,{"stream_name":"stdout","time":2799.737538024,"data":"  [44b6_12dfb391] FINAL: 42582 nodes, 41132 edges\n"}
,{"stream_name":"stdout","time":2815.313345529,"data":"  [44b6_267148e4] after edge-filter+motion-relink: 21669 nodes, 20287 edges\n"}
,{"stream_name":"stdout","time":2828.069054531,"data":"  [44b6_267148e4] after gap-closing (single-frame + gap2): 21940 nodes, 20781 edges\n"}
,{"stream_name":"stdout","time":2853.763357007,"data":"  [44b6_267148e4] EXP056 mode=exp056_edge_protected structural=1 accepted=1 rewired=1\n"}
,{"stream_name":"stdout","time":2853.763400427,"data":"  [44b6_267148e4] after safe-division repair: 21940 nodes, 20802 edges (geometric_candidates=196, deepcenter_rejected=169, post_veto_candidates=27, added=21, cap_skipped=0, mutual_nn_rejected=119, divergence_rejected=1004)\n"}
,{"stream_name":"stdout","time":2853.763410646,"data":"  [44b6_267148e4] after division-geometry-filter+prune-isolated: 21886 nodes, 20802 edges\n"}
,{"stream_name":"stdout","time":2853.763416247,"data":"  [44b6_267148e4] after short-track filtering: 21051 nodes, 20171 edges (components_removed=204)\n"}
,{"stream_name":"stdout","time":2857.923737875,"data":"  [44b6_267148e4] FINAL: 21051 nodes, 20171 edges\n"}
,{"stream_name":"stdout","time":2859.388786939,"data":"  [6bba_062c8d37] after edge-filter+motion-relink: 5983 nodes, 5628 edges\n"}
,{"stream_name":"stdout","time":2860.760391343,"data":"  [6bba_062c8d37] after gap-closing (single-frame + gap2): 6030 nodes, 5715 edges\n"}
,{"stream_name":"stdout","time":2864.480006717,"data":"  [6bba_062c8d37] EXP056 mode=exp056_edge_protected structural=0 accepted=0 rewired=0\n"}
,{"stream_name":"stdout","time":2864.480066562,"data":"  [6bba_062c8d37] after safe-division repair: 6030 nodes, 5719 edges (geometric_candidates=13, deepcenter_rejected=9, post_veto_candidates=4, added=4, cap_skipped=0, mutual_nn_rejected=3, divergence_rejected=67)\n"}
,{"stream_name":"stdout","time":2864.480083092,"data":"  [6bba_062c8d37] after division-geometry-filter+prune-isolated: 6000 nodes, 5719 edges\n"}
,{"stream_name":"stdout","time":2864.48008929,"data":"  [6bba_062c8d37] after short-track filtering: 5840 nodes, 5605 edges (components_removed=46)\n"}
,{"stream_name":"stdout","time":2865.630203546,"data":"  [6bba_062c8d37] FINAL: 5840 nodes, 5605 edges\n"}
,{"stream_name":"stdout","time":2884.835855149,"data":"  [6bba_07e24132] after edge-filter+motion-relink: 24880 nodes, 23389 edges\n"}
,{"stream_name":"stdout","time":2894.867938688,"data":"  [6bba_07e24132] after gap-closing (single-frame + gap2): 25210 nodes, 23994 edges\n"}
,{"stream_name":"stdout","time":2910.860706262,"data":"  [6bba_07e24132] EXP056 mode=exp056_edge_protected structural=0 accepted=0 rewired=0\n"}
,{"stream_name":"stdout","time":2910.860760843,"data":"  [6bba_07e24132] after safe-division repair: 25210 nodes, 24000 edges (geometric_candidates=87, deepcenter_rejected=80, post_veto_candidates=7, added=6, cap_skipped=0, mutual_nn_rejected=55, divergence_rejected=906)\n"}
,{"stream_name":"stdout","time":2910.860767946,"data":"  [6bba_07e24132] after division-geometry-filter+prune-isolated: 25198 nodes, 24000 edges\n"}
,{"stream_name":"stdout","time":2910.860771779,"data":"  [6bba_07e24132] after short-track filtering: 24181 nodes, 23216 edges (components_removed=233)\n"}
,{"stream_name":"stdout","time":2915.819128952,"data":"  [6bba_07e24132] FINAL: 24181 nodes, 23216 edges\n"}
,{"stream_name":"stdout","time":2916.214398167,"data":"6bba_062c8d37: 5840 nodes, 5605 edges -\u003e /kaggle/working/focus_strategy_exp056_edge_protected_geffs/6bba_062c8d37.geff\n"}
,{"stream_name":"stdout","time":2916.214440655,"data":"44b6_267148e4: 21051 nodes, 20171 edges -\u003e /kaggle/working/focus_strategy_exp056_edge_protected_geffs/44b6_267148e4.geff\n"}
,{"stream_name":"stdout","time":2916.596694257,"data":"44b6_12dfb391: 42582 nodes, 41132 edges -\u003e /kaggle/working/focus_strategy_exp056_edge_protected_geffs/44b6_12dfb391.geff\n"}
,{"stream_name":"stdout","time":2916.596723905,"data":"6bba_07e24132: 24181 nodes, 23216 edges -\u003e /kaggle/working/focus_strategy_exp056_edge_protected_geffs/6bba_07e24132.geff\n"}
,{"stream_name":"stdout","time":2916.596730215,"data":"\n"}
,{"stream_name":"stdout","time":2916.596734746,"data":"Wrote 4 geffs to /kaggle/working/focus_strategy_exp056_edge_protected_geffs\n"}
,{"stream_name":"stdout","time":2916.596739826,"data":"4 datasets in both pred and GT (of 4 pred / 199 GT)\n"}
,{"stream_name":"stdout","time":2919.226862886,"data":"  44b6_12dfb391: edge TP/FP/FN=743/39/30 div TP/FP/FN=0/0/1 n_pred=42582\n"}
,{"stream_name":"stdout","time":2920.616660695,"data":"  44b6_267148e4: edge TP/FP/FN=255/37/22 div TP/FP/FN=1/0/0 n_pred=21051\n"}
,{"stream_name":"stdout","time":2921.507137887,"data":"  6bba_062c8d37: edge TP/FP/FN=887/7/11 div TP/FP/FN=1/0/0 n_pred=5840\n"}
,{"stream_name":"stdout","time":2923.260659904,"data":"  6bba_07e24132: edge TP/FP/FN=307/21/38 div TP/FP/FN=0/0/2 n_pred=24181\n"}
,{"stream_name":"stdout","time":2923.260691941,"data":"OFFICIAL SUMMARY {'mode': 'exp056_edge_protected', 'n': 4, 'edge_jaccard': 0.9144764288694202, 'division_jaccard': 0.4, 'division_tp': 2, 'division_fp': 0, 'division_fn': 3, 'node_recall': 0.979074072722612, 'adj_edge_jaccard': 0.9214675165862852, 'n_adj': 4, 'score': 0.9614675165862853, 'focus_checked': 0, 'focus_accepted': 0, 'focus_veto_removed': 0, 'focus_frames_loaded': 0, 'exp049_structural_candidates': 3, 'exp049_deepcenter_rejected': 0, 'exp049_divergence_rejected': 85, 'exp049_added': 3, 'exp049_rewired': 3, 'exp049_cap_rejected': 0, 'exp056_edge_guard_checked': 17, 'exp056_edge_guard_passed': 3, 'exp056_edge_guard_rejected': 14, 'exp056_edge_guard_missing_prob': 0, 'exp056_edge_guard_accepted': 3}\n"}
,{"stream_name":"stdout","time":2923.262650333,"data":"EXP056 official CV complete; no test submission is generated.\n"}
,{"stream_name":"stdout","time":2923.297860029,"data":"==============================================================================\n"}
,{"stream_name":"stdout","time":2923.297882975,"data":"PIPELINE MANIFEST -- resolved state, not just config\n"}
,{"stream_name":"stdout","time":2923.297894241,"data":"==============================================================================\n"}
,{"stream_name":"stdout","time":2923.297900319,"data":"Dual-seed ensemble:      requested=True  weights_found=True\n"}
,{"stream_name":"stdout","time":2923.297906052,"data":"Bidirectional fusion:    weight=0.15  active=True  mode=harmonic_probability\n"}
,{"stream_name":"stdout","time":2923.297910844,"data":"DeepCenter veto:         requested=True  loaded=True\n"}
,{"stream_name":"stdout","time":2923.297926227,"data":"  - checkpoint file:     /kaggle/input/datasets/pilkwang/biohub-deepcenter-unet3d-center-prior-v1/weights/full_frame_center/best.pt\n"}
,{"stream_name":"stdout","time":2923.297930156,"data":"  - expected epoch:      2\n"}
,{"stream_name":"stdout","time":2923.297933456,"data":"  - gap veto:            True\n"}
,{"stream_name":"stdout","time":2923.297936709,"data":"  - safe-div veto:       True\n"}
,{"stream_name":"stdout","time":2923.297939996,"data":"Safe-div thresholds:     parent\u003c=9.0um  sister\u003c=14.0um  global_cap=0.00375  frame_cap=0.0076\n"}
,{"stream_name":"stdout","time":2923.297944051,"data":"Validator:               enabled=True  held_out_samples=4  match_radius=7.0um\n"}
,{"stream_name":"stdout","time":2923.297947487,"data":"==============================================================================\n"}
,{"stream_name":"stdout","time":2923.297951082,"data":"EXP056 design: same four complete movies and raw predictions across all arms\n"}
,{"stream_name":"stdout","time":2923.297959426,"data":"EXP056 arms: ['off', 'exp049_cos060', 'exp056_edge_protected']\n"}
,{"stream_name":"stdout","time":2923.297962443,"data":"EXP056 formal metric: patched official scorer; legacy proxy not used for ranking\n"}
,{"stream_name":"stdout","time":2923.297964749,"data":"FOCUS cached inference calls: 0 error: None\n"}
,{"stream_name":"stdout","time":2923.297966938,"data":"EXP056 mode: official-CV-only validation; test submission generation is intentionally absent.\n"}
,{"stream_name":"stderr","time":2928.642505209,"data":"/usr/local/lib/python3.12/dist-packages/mistune.py:435: SyntaxWarning: invalid escape sequence '\\|'\n"}
,{"stream_name":"stderr","time":2928.642542182,"data":"  cells[i][c] = re.sub('\\\\\\\\\\|', '|', cell)\n"}
,{"stream_name":"stderr","time":2928.81623638,"data":"/usr/local/lib/python3.12/dist-packages/nbconvert/filters/filter_links.py:36: SyntaxWarning: invalid escape sequence '\\_'\n"}
,{"stream_name":"stderr","time":2928.816264874,"data":"  text = re.sub(r'_', '\\_', text) # Escape underscores in display text\n"}
,{"stream_name":"stderr","time":2929.66470723,"data":"[NbConvertApp] Converting notebook __notebook__.ipynb to notebook\n"}
,{"stream_name":"stderr","time":2929.980857459,"data":"[NbConvertApp] Writing 354490 bytes to __notebook__.ipynb\n"}
,{"stream_name":"stderr","time":2932.53571192,"data":"[NbConvertApp] Converting notebook __notebook__.ipynb to html\n"}
,{"stream_name":"stderr","time":2934.110858905,"data":"[NbConvertApp] Writing 1325800 bytes to __results__.html\n"}
]