[{"stream_name":"stderr","time":7.3863663729999995,"data":"0.00s - Debugger warning: It seems that frozen modules are being used, which may\n"}
,{"stream_name":"stderr","time":7.387254992,"data":"0.00s - make the debugger miss breakpoints. Please pass -Xfrozen_modules=off\n"}
,{"stream_name":"stderr","time":7.38725948,"data":"0.00s - to python to disable frozen modules.\n"}
,{"stream_name":"stderr","time":7.387280397,"data":"0.00s - Note: Debugging will proceed. Set PYDEVD_DISABLE_FILE_VALIDATION=1 to disable this validation.\n"}
,{"stream_name":"stderr","time":7.976790712,"data":"0.00s - Debugger warning: It seems that frozen modules are being used, which may\n"}
,{"stream_name":"stderr","time":7.97683778,"data":"0.00s - make the debugger miss breakpoints. Please pass -Xfrozen_modules=off\n"}
,{"stream_name":"stderr","time":7.976843655,"data":"0.00s - to python to disable frozen modules.\n"}
,{"stream_name":"stderr","time":7.976847419,"data":"0.00s - Note: Debugging will proceed. Set PYDEVD_DISABLE_FILE_VALIDATION=1 to disable this validation.\n"}
,{"stream_name":"stdout","time":43.957445727,"data":"CUDA: Tesla T4\n"}
,{"stream_name":"stdout","time":43.957497689,"data":"event-bearing videos available: 83\n"}
,{"stream_name":"stdout","time":43.957506112,"data":"selected videos: ['44b6_2a2eff9f', '44b6_587a1e22', '44b6_5f15d135', '44b6_74d0c52e', '44b6_996155de', '44b6_9be80b04', '44b6_aaf8b0ea', '44b6_c50204e0', '44b6_d2f34f90', '44b6_d754aa59', '44b6_deabac95', '44b6_eb2880fc', '6bba_05db0fb1', '6bba_207c6aaf', '6bba_32db13fc', '6bba_474be664', '6bba_5c039895', '6bba_705ec2c9', '6bba_7af54fde', '6bba_907271db', '6bba_afb141ff', '6bba_d1acb6ff', '6bba_e16ffc58', '6bba_fe670320']\n"}
,{"stream_name":"stdout","time":43.957516872,"data":"selected events: 31 selected frames: 62\n"}
,{"stream_name":"stderr","time":49.889739203,"data":"/usr/local/lib/python3.12/dist-packages/dask/array/image.py:7: FutureWarning: `find_available_plugins` is deprecated since version 0.25 and will be removed in version 0.27. The plugin infrastructure of `skimage.io` is deprecated. Instead, use `imageio` or other I/O packages directly.\n"}
,{"stream_name":"stderr","time":49.88977179,"data":"  from skimage.io import imread as sk_imread\n"}
,{"stream_name":"stderr","time":49.889784974,"data":"/usr/lib/python3.12/importlib/__init__.py:90: FutureWarning: `reset_plugins` is deprecated since version 0.25 and will be removed in version 0.27. The plugin infrastructure of `skimage.io` is deprecated. Instead, use `imageio` or other I/O packages directly.\n"}
,{"stream_name":"stderr","time":49.889788809,"data":"  return _bootstrap._gcd_import(name[level:], package, level)\n"}
,{"stream_name":"stderr","time":49.889791978,"data":"\n"}
,{"stream_name":"stderr","time":49.889794951,"data":"/usr/local/lib/python3.12/dist-packages/dask/array/image.py:7: FutureWarning: `find_available_plugins` is deprecated since version 0.25 and will be removed in version 0.27. The plugin infrastructure of `skimage.io` is deprecated. Instead, use `imageio` or other I/O packages directly.\n"}
,{"stream_name":"stderr","time":49.889798478,"data":"  from skimage.io import imread as sk_imread\n"}
,{"stream_name":"stderr","time":49.88980142,"data":"/usr/lib/python3.12/importlib/__init__.py:90: FutureWarning: `reset_plugins` is deprecated since version 0.25 and will be removed in version 0.27. The plugin infrastructure of `skimage.io` is deprecated. Instead, use `imageio` or other I/O packages directly.\n"}
,{"stream_name":"stderr","time":49.889804778,"data":"  return _bootstrap._gcd_import(name[level:], package, level)\n"}
,{"stream_name":"stdout","time":62.281309315,"data":"Pilkwang 1/24 44b6_2a2eff9f nodes 1069 seconds 11.97\n"}
,{"stream_name":"stdout","time":73.534371256,"data":"Pilkwang 2/24 44b6_587a1e22 nodes 470 seconds 11.25\n"}
,{"stream_name":"stdout","time":95.601224936,"data":"Pilkwang 3/24 44b6_5f15d135 nodes 596 seconds 22.06\n"}
,{"stream_name":"stdout","time":129.333055434,"data":"Pilkwang 4/24 44b6_74d0c52e nodes 232 seconds 33.73\n"}
,{"stream_name":"stdout","time":141.238368553,"data":"Pilkwang 5/24 44b6_996155de nodes 193 seconds 11.91\n"}
,{"stream_name":"stdout","time":187.892259588,"data":"Pilkwang 6/24 44b6_9be80b04 nodes 615 seconds 46.65\n"}
,{"stream_name":"stdout","time":223.389045777,"data":"Pilkwang 7/24 44b6_aaf8b0ea nodes 390 seconds 35.5\n"}
,{"stream_name":"stdout","time":265.76742887,"data":"Pilkwang 8/24 44b6_c50204e0 nodes 2134 seconds 42.38\n"}
,{"stream_name":"stdout","time":302.094972147,"data":"Pilkwang 9/24 44b6_d2f34f90 nodes 878 seconds 36.33\n"}
,{"stream_name":"stdout","time":337.60891906,"data":"Pilkwang 10/24 44b6_d754aa59 nodes 128 seconds 35.51\n"}
,{"stream_name":"stdout","time":354.1899857,"data":"Pilkwang 11/24 44b6_deabac95 nodes 445 seconds 16.58\n"}
,{"stream_name":"stdout","time":398.88317982,"data":"Pilkwang 12/24 44b6_eb2880fc nodes 753 seconds 44.69\n"}
,{"stream_name":"stdout","time":445.404304587,"data":"Pilkwang 13/24 6bba_05db0fb1 nodes 3111 seconds 46.52\n"}
,{"stream_name":"stdout","time":469.56703894,"data":"Pilkwang 14/24 6bba_207c6aaf nodes 717 seconds 24.17\n"}
,{"stream_name":"stdout","time":474.118819847,"data":"Pilkwang 15/24 6bba_32db13fc nodes 1617 seconds 4.55\n"}
,{"stream_name":"stdout","time":513.110350512,"data":"Pilkwang 16/24 6bba_474be664 nodes 758 seconds 38.99\n"}
,{"stream_name":"stdout","time":546.594507516,"data":"Pilkwang 17/24 6bba_5c039895 nodes 410 seconds 33.48\n"}
,{"stream_name":"stdout","time":570.482009173,"data":"Pilkwang 18/24 6bba_705ec2c9 nodes 172 seconds 23.89\n"}
,{"stream_name":"stdout","time":601.736720486,"data":"Pilkwang 19/24 6bba_7af54fde nodes 381 seconds 31.25\n"}
,{"stream_name":"stdout","time":655.372262013,"data":"Pilkwang 20/24 6bba_907271db nodes 93 seconds 53.63\n"}
,{"stream_name":"stdout","time":682.400249815,"data":"Pilkwang 21/24 6bba_afb141ff nodes 251 seconds 27.03\n"}
,{"stream_name":"stdout","time":721.702194444,"data":"Pilkwang 22/24 6bba_d1acb6ff nodes 327 seconds 39.3\n"}
,{"stream_name":"stdout","time":736.640369628,"data":"Pilkwang 23/24 6bba_e16ffc58 nodes 151 seconds 14.94\n"}
,{"stream_name":"stdout","time":773.725543084,"data":"Pilkwang 24/24 6bba_fe670320 nodes 446 seconds 37.08\n"}
,{"stream_name":"stdout","time":779.252276399,"data":"Loading weights from: /kaggle/input/datasets/qiweiyin/focus3d-nuclei-runtime/models/model_final_nuclei.pth\n"}
,{"stream_name":"stdout","time":841.368224298,"data":"FOCUS3D 1/24 44b6_2a2eff9f instances 1479 seconds 36.15\n"}
,{"stream_name":"stdout","time":856.834154373,"data":"FOCUS3D 2/24 44b6_587a1e22 instances 532 seconds 15.46\n"}
,{"stream_name":"stdout","time":887.457804923,"data":"FOCUS3D 3/24 44b6_5f15d135 instances 1274 seconds 30.62\n"}
,{"stream_name":"stdout","time":904.704702523,"data":"FOCUS3D 4/24 44b6_74d0c52e instances 586 seconds 17.23\n"}
,{"stream_name":"stdout","time":916.126503748,"data":"FOCUS3D 5/24 44b6_996155de instances 250 seconds 11.42\n"}
,{"stream_name":"stdout","time":961.965353989,"data":"FOCUS3D 6/24 44b6_9be80b04 instances 1900 seconds 45.83\n"}
,{"stream_name":"stdout","time":983.054509886,"data":"FOCUS3D 7/24 44b6_aaf8b0ea instances 759 seconds 21.08\n"}
,{"stream_name":"stdout","time":1072.552791615,"data":"FOCUS3D 8/24 44b6_c50204e0 instances 3653 seconds 89.49\n"}
,{"stream_name":"stdout","time":1126.400191987,"data":"FOCUS3D 9/24 44b6_d2f34f90 instances 2132 seconds 53.84\n"}
,{"stream_name":"stdout","time":1136.382845333,"data":"FOCUS3D 10/24 44b6_d754aa59 instances 169 seconds 9.97\n"}
,{"stream_name":"stdout","time":1152.461684418,"data":"FOCUS3D 11/24 44b6_deabac95 instances 491 seconds 16.07\n"}
,{"stream_name":"stdout","time":1181.708831936,"data":"FOCUS3D 12/24 44b6_eb2880fc instances 1185 seconds 29.23\n"}
,{"stream_name":"stdout","time":1256.89560696,"data":"FOCUS3D 13/24 6bba_05db0fb1 instances 3283 seconds 75.18\n"}
,{"stream_name":"stdout","time":1273.955425867,"data":"FOCUS3D 14/24 6bba_207c6aaf instances 520 seconds 17.06\n"}
,{"stream_name":"stdout","time":1312.086142796,"data":"FOCUS3D 15/24 6bba_32db13fc instances 1628 seconds 38.12\n"}
,{"stream_name":"stdout","time":1343.412596993,"data":"FOCUS3D 16/24 6bba_474be664 instances 1238 seconds 31.32\n"}
,{"stream_name":"stdout","time":1366.677884215,"data":"FOCUS3D 17/24 6bba_5c039895 instances 408 seconds 23.26\n"}
,{"stream_name":"stdout","time":1377.873472529,"data":"FOCUS3D 18/24 6bba_705ec2c9 instances 186 seconds 11.19\n"}
,{"stream_name":"stdout","time":1400.103185101,"data":"FOCUS3D 19/24 6bba_7af54fde instances 450 seconds 22.22\n"}
,{"stream_name":"stdout","time":1409.621793653,"data":"FOCUS3D 20/24 6bba_907271db instances 107 seconds 9.51\n"}
,{"stream_name":"stdout","time":1430.384040038,"data":"FOCUS3D 21/24 6bba_afb141ff instances 313 seconds 20.76\n"}
,{"stream_name":"stdout","time":1444.913322598,"data":"FOCUS3D 22/24 6bba_d1acb6ff instances 379 seconds 14.52\n"}
,{"stream_name":"stdout","time":1454.02014033,"data":"FOCUS3D 23/24 6bba_e16ffc58 instances 144 seconds 9.1\n"}
,{"stream_name":"stdout","time":1476.816178594,"data":"FOCUS3D 24/24 6bba_fe670320 instances 460 seconds 22.79\n"}
,{"stream_name":"stdout","time":1492.960061582,"data":"parent-blind 44b6_2a2eff9f:11 parents 540 daughters 758 candidates 34028 positives 1\n"}
,{"stream_name":"stdout","time":1495.633306047,"data":"parent-blind 44b6_587a1e22:19 parents 237 daughters 267 candidates 7161 positives 1\n"}
,{"stream_name":"stdout","time":1503.609762407,"data":"parent-blind 44b6_5f15d135:36 parents 285 daughters 656 candidates 24083 positives 1\n"}
,{"stream_name":"stdout","time":1505.035017812,"data":"parent-blind 44b6_74d0c52e:58 parents 122 daughters 291 candidates 3380 positives 1\n"}
,{"stream_name":"stdout","time":1505.509625553,"data":"parent-blind 44b6_996155de:19 parents 94 daughters 135 candidates 772 positives 1\n"}
,{"stream_name":"stdout","time":1518.589102829,"data":"parent-blind 44b6_9be80b04:77 parents 300 daughters 998 candidates 41149 positives 1\n"}
,{"stream_name":"stdout","time":1522.181872814,"data":"parent-blind 44b6_aaf8b0ea:61 parents 194 daughters 396 candidates 12277 positives 1\n"}
,{"stream_name":"stdout","time":1549.593101549,"data":"parent-blind 44b6_c50204e0:28 parents 497 daughters 872 candidates 58191 positives 1\n"}
,{"stream_name":"stdout","time":1565.033420485,"data":"parent-blind 44b6_c50204e0:65 parents 553 daughters 1068 candidates 71746 positives 1\n"}
,{"stream_name":"stdout","time":1571.790621308,"data":"parent-blind 44b6_d2f34f90:51 parents 195 daughters 540 candidates 17153 positives 1\n"}
,{"stream_name":"stdout","time":1575.111407513,"data":"parent-blind 44b6_d2f34f90:62 parents 226 daughters 542 candidates 18832 positives 1\n"}
,{"stream_name":"stdout","time":1575.340267986,"data":"parent-blind 44b6_d754aa59:63 parents 66 daughters 95 candidates 483 positives 1\n"}
,{"stream_name":"stdout","time":1577.849996276,"data":"parent-blind 44b6_deabac95:28 parents 230 daughters 264 candidates 9997 positives 1\n"}
,{"stream_name":"stdout","time":1586.953000381,"data":"parent-blind 44b6_eb2880fc:72 parents 382 daughters 607 candidates 24020 positives 1\n"}
,{"stream_name":"stdout","time":1630.259574866,"data":"parent-blind 6bba_05db0fb1:24 parents 826 daughters 1147 candidates 120164 positives 1\n"}
,{"stream_name":"stdout","time":1648.295410019,"data":"parent-blind 6bba_05db0fb1:62 parents 727 daughters 968 candidates 97917 positives 1\n"}
,{"stream_name":"stdout","time":1653.169718358,"data":"parent-blind 6bba_207c6aaf:41 parents 356 daughters 400 candidates 18314 positives 1\n"}
,{"stream_name":"stdout","time":1682.355950504,"data":"parent-blind 6bba_32db13fc:5 parents 821 daughters 1053 candidates 72067 positives 1\n"}
,{"stream_name":"stdout","time":1692.88735003,"data":"parent-blind 6bba_474be664:63 parents 378 daughters 648 candidates 39294 positives 1\n"}
,{"stream_name":"stdout","time":1693.603726329,"data":"parent-blind 6bba_5c039895:10 parents 116 daughters 145 candidates 1270 positives 1\n"}
,{"stream_name":"stdout","time":1693.78083806,"data":"parent-blind 6bba_5c039895:58 parents 89 daughters 104 candidates 520 positives 1\n"}
,{"stream_name":"stdout","time":1694.162979388,"data":"parent-blind 6bba_705ec2c9:42 parents 84 daughters 125 candidates 1123 positives 1\n"}
,{"stream_name":"stdout","time":1694.832071493,"data":"parent-blind 6bba_7af54fde:52 parents 95 daughters 127 candidates 1335 positives 1\n"}
,{"stream_name":"stdout","time":1695.14888525,"data":"parent-blind 6bba_7af54fde:55 parents 96 daughters 121 candidates 1267 positives 1\n"}
,{"stream_name":"stdout","time":1695.249627317,"data":"parent-blind 6bba_907271db:96 parents 44 daughters 64 candidates 79 positives 1\n"}
,{"stream_name":"stdout","time":1695.515614894,"data":"parent-blind 6bba_afb141ff:28 parents 51 daughters 91 candidates 504 positives 1\n"}
,{"stream_name":"stdout","time":1695.664466718,"data":"parent-blind 6bba_afb141ff:48 parents 65 daughters 83 candidates 490 positives 1\n"}
,{"stream_name":"stdout","time":1697.041016989,"data":"parent-blind 6bba_d1acb6ff:67 parents 163 daughters 200 candidates 3795 positives 1\n"}
,{"stream_name":"stdout","time":1697.280553956,"data":"parent-blind 6bba_e16ffc58:26 parents 73 daughters 91 candidates 444 positives 1\n"}
,{"stream_name":"stdout","time":1697.961041364,"data":"parent-blind 6bba_fe670320:0 parents 47 daughters 48 candidates 78 positives 1\n"}
,{"stream_name":"stdout","time":1698.891595192,"data":"parent-blind 6bba_fe670320:66 parents 173 daughters 218 candidates 4183 positives 1\n"}
,{"stream_name":"stdout","time":1702.444286873,"data":"EXP034 candidate pool 686116 truth events 31 rankable 31\n"}
,{"stream_name":"stdout","time":1711.271011326,"data":"OOF 1 / 24 44b6_2a2eff9f train_candidates 14390 valid_candidates 34028 valid_parents 540\n"}
,{"stream_name":"stdout","time":1718.447049939,"data":"OOF 2 / 24 44b6_587a1e22 train_candidates 14390 valid_candidates 7161 valid_parents 234\n"}
,{"stream_name":"stdout","time":1725.81489741,"data":"OOF 3 / 24 44b6_5f15d135 train_candidates 14390 valid_candidates 24083 valid_parents 285\n"}
,{"stream_name":"stdout","time":1733.202754179,"data":"OOF 4 / 24 44b6_74d0c52e train_candidates 14390 valid_candidates 3380 valid_parents 117\n"}
,{"stream_name":"stdout","time":1740.376909187,"data":"OOF 5 / 24 44b6_996155de train_candidates 14390 valid_candidates 772 valid_parents 90\n"}
,{"stream_name":"stdout","time":1747.71228833,"data":"OOF 6 / 24 44b6_9be80b04 train_candidates 14390 valid_candidates 41149 valid_parents 299\n"}
,{"stream_name":"stdout","time":1755.264446391,"data":"OOF 7 / 24 44b6_aaf8b0ea train_candidates 14390 valid_candidates 12277 valid_parents 188\n"}
,{"stream_name":"stdout","time":1762.752057095,"data":"OOF 8 / 24 44b6_c50204e0 train_candidates 13877 valid_candidates 129937 valid_parents 1047\n"}
,{"stream_name":"stdout","time":1770.007166485,"data":"OOF 9 / 24 44b6_d2f34f90 train_candidates 13877 valid_candidates 35985 valid_parents 421\n"}
,{"stream_name":"stdout","time":1777.214767804,"data":"OOF 10 / 24 44b6_d754aa59 train_candidates 14420 valid_candidates 483 valid_parents 56\n"}
,{"stream_name":"stdout","time":1784.546310727,"data":"OOF 11 / 24 44b6_deabac95 train_candidates 14390 valid_candidates 9997 valid_parents 230\n"}
,{"stream_name":"stdout","time":1791.654394286,"data":"OOF 12 / 24 44b6_eb2880fc train_candidates 14390 valid_candidates 24020 valid_parents 382\n"}
,{"stream_name":"stdout","time":1799.401865802,"data":"OOF 13 / 24 6bba_05db0fb1 train_candidates 13877 valid_candidates 218081 valid_parents 1553\n"}
,{"stream_name":"stdout","time":1806.804737857,"data":"OOF 14 / 24 6bba_207c6aaf train_candidates 14390 valid_candidates 18314 valid_parents 356\n"}
,{"stream_name":"stdout","time":1814.122024625,"data":"OOF 15 / 24 6bba_32db13fc train_candidates 14390 valid_candidates 72067 valid_parents 819\n"}
,{"stream_name":"stdout","time":1821.341102014,"data":"OOF 16 / 24 6bba_474be664 train_candidates 14390 valid_candidates 39294 valid_parents 376\n"}
,{"stream_name":"stdout","time":1828.452194432,"data":"OOF 17 / 24 6bba_5c039895 train_candidates 13877 valid_candidates 1790 valid_parents 197\n"}
,{"stream_name":"stdout","time":1835.644084471,"data":"OOF 18 / 24 6bba_705ec2c9 train_candidates 14390 valid_candidates 1123 valid_parents 76\n"}
,{"stream_name":"stdout","time":1842.576174194,"data":"OOF 19 / 24 6bba_7af54fde train_candidates 13877 valid_candidates 2602 valid_parents 177\n"}
,{"stream_name":"stdout","time":1849.608013204,"data":"OOF 20 / 24 6bba_907271db train_candidates 14824 valid_candidates 79 valid_parents 32\n"}
,{"stream_name":"stdout","time":1857.183892012,"data":"OOF 21 / 24 6bba_afb141ff train_candidates 13909 valid_candidates 994 valid_parents 112\n"}
,{"stream_name":"stdout","time":1864.485637771,"data":"OOF 22 / 24 6bba_d1acb6ff train_candidates 14390 valid_candidates 3795 valid_parents 163\n"}
,{"stream_name":"stdout","time":1871.620006597,"data":"OOF 23 / 24 6bba_e16ffc58 train_candidates 14459 valid_candidates 444 valid_parents 59\n"}
,{"stream_name":"stdout","time":1878.663530895,"data":"OOF 24 / 24 6bba_fe670320 train_candidates 14312 valid_candidates 4261 valid_parents 203\n"}
,{"stream_name":"stdout","time":1903.018843863,"data":"{\n"}
,{"stream_name":"stdout","time":1903.018877687,"data":"  \"experiment\": \"EXP036\",\n"}
,{"stream_name":"stdout","time":1903.018884852,"data":"  \"official_cv\": null,\n"}
,{"stream_name":"stdout","time":1903.018889982,"data":"  \"submission_generated\": false,\n"}
,{"stream_name":"stdout","time":1903.01889465,"data":"  \"parent_oracle_used\": false,\n"}
,{"stream_name":"stdout","time":1903.018899428,"data":"  \"candidate_count\": 686116,\n"}
,{"stream_name":"stdout","time":1903.018904383,"data":"  \"truth_events\": 31,\n"}
,{"stream_name":"stdout","time":1903.018909299,"data":"  \"transitions\": 31,\n"}
,{"stream_name":"stdout","time":1903.018913412,"data":"  \"k_values\": [\n"}
,{"stream_name":"stdout","time":1903.01891913,"data":"    8,\n"}
,{"stream_name":"stdout","time":1903.018976123,"data":"    16,\n"}
,{"stream_name":"stdout","time":1903.018983526,"data":"    32,\n"}
,{"stream_name":"stdout","time":1903.01898873,"data":"    64,\n"}
,{"stream_name":"stdout","time":1903.018993693,"data":"    128\n"}
,{"stream_name":"stdout","time":1903.018998887,"data":"  ],\n"}
,{"stream_name":"stdout","time":1903.019003801,"data":"  \"arms\": [\n"}
,{"stream_name":"stdout","time":1903.01900917,"data":"    \"candidate_base\",\n"}
,{"stream_name":"stdout","time":1903.019014717,"data":"    \"candidate_mask_geometry\"\n"}
,{"stream_name":"stdout","time":1903.019020196,"data":"  ],\n"}
,{"stream_name":"stdout","time":1903.019025198,"data":"  \"selection\": \"parent_aggregate_top_k_then_candidate_rank\"\n"}
,{"stream_name":"stdout","time":1903.019051839,"data":"}\n"}
,{"stream_name":"stdout","time":1903.019057487,"data":"Wrote: ['REPORT.md', 'event_ranks.csv', 'summary.csv', 'summary.json', 'transition_summary.csv', 'truth_events.csv']\n"}
,{"stream_name":"stderr","time":1908.528573445,"data":"/usr/local/lib/python3.12/dist-packages/mistune.py:435: SyntaxWarning: invalid escape sequence '\\|'\n"}
,{"stream_name":"stderr","time":1908.528607234,"data":"  cells[i][c] = re.sub('\\\\\\\\\\|', '|', cell)\n"}
,{"stream_name":"stderr","time":1908.698318171,"data":"/usr/local/lib/python3.12/dist-packages/nbconvert/filters/filter_links.py:36: SyntaxWarning: invalid escape sequence '\\_'\n"}
,{"stream_name":"stderr","time":1908.69835743,"data":"  text = re.sub(r'_', '\\_', text) # Escape underscores in display text\n"}
,{"stream_name":"stderr","time":1909.38237931,"data":"[NbConvertApp] Converting notebook __notebook__.ipynb to notebook\n"}
,{"stream_name":"stderr","time":1909.851438008,"data":"[NbConvertApp] Writing 864819 bytes to __notebook__.ipynb\n"}
,{"stream_name":"stderr","time":1912.293982725,"data":"[NbConvertApp] Converting notebook __notebook__.ipynb to html\n"}
,{"stream_name":"stderr","time":1913.354594426,"data":"[NbConvertApp] Writing 1107077 bytes to __results__.html\n"}
]